Component: ARM Compiler 5.06 update 7 (build 960) Tool: armlink [4d3601]

==============================================================================

Section Cross References

    startup_stm32f10x_md.o(RESET) refers to startup_stm32f10x_md.o(STACK) for __initial_sp
    startup_stm32f10x_md.o(RESET) refers to startup_stm32f10x_md.o(.text) for Reset_Handler
    startup_stm32f10x_md.o(RESET) refers to stm32f10x_it.o(i.NMI_Handler) for NMI_Handler
    startup_stm32f10x_md.o(RESET) refers to stm32f10x_it.o(i.HardFault_Handler) for HardFault_Handler
    startup_stm32f10x_md.o(RESET) refers to stm32f10x_it.o(i.MemManage_Handler) for MemManage_Handler
    startup_stm32f10x_md.o(RESET) refers to stm32f10x_it.o(i.BusFault_Handler) for BusFault_Handler
    startup_stm32f10x_md.o(RESET) refers to stm32f10x_it.o(i.UsageFault_Handler) for UsageFault_Handler
    startup_stm32f10x_md.o(RESET) refers to stm32f10x_it.o(i.SVC_Handler) for SVC_Handler
    startup_stm32f10x_md.o(RESET) refers to stm32f10x_it.o(i.DebugMon_Handler) for DebugMon_Handler
    startup_stm32f10x_md.o(RESET) refers to stm32f10x_it.o(i.PendSV_Handler) for PendSV_Handler
    startup_stm32f10x_md.o(RESET) refers to stm32f10x_it.o(i.SysTick_Handler) for SysTick_Handler
    startup_stm32f10x_md.o(RESET) refers to touch_key.o(i.EXTI0_IRQHandler) for EXTI0_IRQHandler
    startup_stm32f10x_md.o(RESET) refers to touch_key.o(i.EXTI2_IRQHandler) for EXTI2_IRQHandler
    startup_stm32f10x_md.o(RESET) refers to touch_key.o(i.EXTI3_IRQHandler) for EXTI3_IRQHandler
    startup_stm32f10x_md.o(RESET) refers to atk_mb026_uart.o(i.TIM2_IRQHandler) for TIM2_IRQHandler
    startup_stm32f10x_md.o(RESET) refers to usart.o(i.USART1_IRQHandler) for USART1_IRQHandler
    startup_stm32f10x_md.o(RESET) refers to atk_mb026_uart.o(i.USART2_IRQHandler) for USART2_IRQHandler
    startup_stm32f10x_md.o(RESET) refers to stm32f10x_it.o(i.USART3_IRQHandler) for USART3_IRQHandler
    startup_stm32f10x_md.o(.text) refers to system_stm32f10x.o(i.SystemInit) for SystemInit
    startup_stm32f10x_md.o(.text) refers to entry.o(.ARM.Collect$$$$00000000) for __main
    system_stm32f10x.o(i.SetSysClock) refers to system_stm32f10x.o(i.SetSysClockTo72) for SetSysClockTo72
    system_stm32f10x.o(i.SystemCoreClockUpdate) refers to system_stm32f10x.o(.data) for SystemCoreClock
    system_stm32f10x.o(i.SystemInit) refers to system_stm32f10x.o(i.SetSysClock) for SetSysClock
    stm32f10x_adc.o(i.ADC_DeInit) refers to stm32f10x_rcc.o(i.RCC_APB2PeriphResetCmd) for RCC_APB2PeriphResetCmd
    stm32f10x_bkp.o(i.BKP_DeInit) refers to stm32f10x_rcc.o(i.RCC_BackupResetCmd) for RCC_BackupResetCmd
    stm32f10x_can.o(i.CAN_DeInit) refers to stm32f10x_rcc.o(i.RCC_APB1PeriphResetCmd) for RCC_APB1PeriphResetCmd
    stm32f10x_can.o(i.CAN_GetITStatus) refers to stm32f10x_can.o(i.CheckITStatus) for CheckITStatus
    stm32f10x_cec.o(i.CEC_DeInit) refers to stm32f10x_rcc.o(i.RCC_APB1PeriphResetCmd) for RCC_APB1PeriphResetCmd
    stm32f10x_dac.o(i.DAC_DeInit) refers to stm32f10x_rcc.o(i.RCC_APB1PeriphResetCmd) for RCC_APB1PeriphResetCmd
    stm32f10x_flash.o(i.FLASH_EnableWriteProtection) refers to stm32f10x_flash.o(i.FLASH_WaitForLastOperation) for FLASH_WaitForLastOperation
    stm32f10x_flash.o(i.FLASH_EraseAllBank1Pages) refers to stm32f10x_flash.o(i.FLASH_WaitForLastBank1Operation) for FLASH_WaitForLastBank1Operation
    stm32f10x_flash.o(i.FLASH_EraseAllPages) refers to stm32f10x_flash.o(i.FLASH_WaitForLastOperation) for FLASH_WaitForLastOperation
    stm32f10x_flash.o(i.FLASH_EraseOptionBytes) refers to stm32f10x_flash.o(i.FLASH_GetReadOutProtectionStatus) for FLASH_GetReadOutProtectionStatus
    stm32f10x_flash.o(i.FLASH_EraseOptionBytes) refers to stm32f10x_flash.o(i.FLASH_WaitForLastOperation) for FLASH_WaitForLastOperation
    stm32f10x_flash.o(i.FLASH_ErasePage) refers to stm32f10x_flash.o(i.FLASH_WaitForLastOperation) for FLASH_WaitForLastOperation
    stm32f10x_flash.o(i.FLASH_ProgramHalfWord) refers to stm32f10x_flash.o(i.FLASH_WaitForLastOperation) for FLASH_WaitForLastOperation
    stm32f10x_flash.o(i.FLASH_ProgramOptionByteData) refers to stm32f10x_flash.o(i.FLASH_WaitForLastOperation) for FLASH_WaitForLastOperation
    stm32f10x_flash.o(i.FLASH_ProgramWord) refers to stm32f10x_flash.o(i.FLASH_WaitForLastOperation) for FLASH_WaitForLastOperation
    stm32f10x_flash.o(i.FLASH_ReadOutProtection) refers to stm32f10x_flash.o(i.FLASH_WaitForLastOperation) for FLASH_WaitForLastOperation
    stm32f10x_flash.o(i.FLASH_UserOptionByteConfig) refers to stm32f10x_flash.o(i.FLASH_WaitForLastOperation) for FLASH_WaitForLastOperation
    stm32f10x_flash.o(i.FLASH_WaitForLastBank1Operation) refers to stm32f10x_flash.o(i.FLASH_GetBank1Status) for FLASH_GetBank1Status
    stm32f10x_flash.o(i.FLASH_WaitForLastOperation) refers to stm32f10x_flash.o(i.FLASH_GetBank1Status) for FLASH_GetBank1Status
    stm32f10x_gpio.o(i.GPIO_AFIODeInit) refers to stm32f10x_rcc.o(i.RCC_APB2PeriphResetCmd) for RCC_APB2PeriphResetCmd
[...]
    ../clib/microlib/ctype/ctype.c           0x00000000   Number         0  isupper_o.o ABSOLUTE
    ../clib/microlib/division.c              0x00000000   Number         0  uldiv.o ABSOLUTE
    ../clib/microlib/division.c              0x00000000   Number         0  uidiv.o ABSOLUTE
    ../clib/microlib/errno.c                 0x00000000   Number         0  errno.o ABSOLUTE
    ../clib/microlib/init/entry.s            0x00000000   Number         0  entry9b.o ABSOLUTE
    ../clib/microlib/init/entry.s            0x00000000   Number         0  entry7a.o ABSOLUTE
    ../clib/microlib/init/entry.s            0x00000000   Number         0  entry.o ABSOLUTE
    ../clib/microlib/init/entry.s            0x00000000   Number         0  entry5.o ABSOLUTE
    ../clib/microlib/init/entry.s            0x00000000   Number         0  entry10a.o ABSOLUTE
    ../clib/microlib/init/entry.s            0x00000000   Number         0  entry10b.o ABSOLUTE
    ../clib/microlib/init/entry.s            0x00000000   Number         0  entry8b.o ABSOLUTE
    ../clib/microlib/init/entry.s            0x00000000   Number         0  entry9a.o ABSOLUTE
    ../clib/microlib/init/entry.s            0x00000000   Number         0  entry11b.o ABSOLUTE
    ../clib/microlib/init/entry.s            0x00000000   Number         0  entry12a.o ABSOLUTE
    ../clib/microlib/init/entry.s            0x00000000   Number         0  entry8a.o ABSOLUTE
    ../clib/microlib/init/entry.s            0x00000000   Number         0  entry2.o ABSOLUTE
    ../clib/microlib/init/entry.s            0x00000000   Number         0  entry11a.o ABSOLUTE
    ../clib/microlib/init/entry.s            0x00000000   Number         0  entry12b.o ABSOLUTE
    ../clib/microlib/init/entry.s            0x00000000   Number         0  entry7b.o ABSOLUTE
    ../clib/microlib/longlong.c              0x00000000   Number         0  llushr.o ABSOLUTE
    ../clib/microlib/longlong.c              0x00000000   Number         0  llshl.o ABSOLUTE
    ../clib/microlib/longlong.c              0x00000000   Number         0  llsshr.o ABSOLUTE
    ../clib/microlib/printf/printf.c         0x00000000   Number         0  printf3.o ABSOLUTE
    ../clib/microlib/printf/printf.c         0x00000000   Number         0  printf0.o ABSOLUTE
    ../clib/microlib/printf/printf.c         0x00000000   Number         0  printfb.o ABSOLUTE
    ../clib/microlib/printf/printf.c         0x00000000   Number         0  printf8.o ABSOLUTE
    ../clib/microlib/printf/printf.c         0x00000000   Number         0  printf4.o ABSOLUTE
    ../clib/microlib/printf/printf.c         0x00000000   Number         0  printf6.o ABSOLUTE
    ../clib/microlib/printf/printf.c         0x00000000   Number         0  printf7.o ABSOLUTE
    ../clib/microlib/printf/printf.c         0x00000000   Number         0  printf5.o ABSOLUTE
    ../clib/microlib/printf/printf.c         0x00000000   Number         0  printfa.o ABSOLUTE
    ../clib/microlib/printf/printf.c         0x00000000   Number         0  printf2.o ABSOLUTE
    ../clib/microlib/printf/printf.c         0x00000000   Number         0  printf1.o ABSOLUTE
    ../clib/microlib/printf/stubs.s          0x00000000   Number         0  stubs.o ABSOLUTE
    ../clib/microlib/string/memcpy.c         0x00000000   Number         0  memcpyb.o ABSOLUTE
    ../clib/microlib/string/memcpy.c         0x00000000   Number         0  memcpya.o ABSOLUTE
    ../clib/microlib/string/memset.c         0x00000000   Number         0  memseta.o ABSOLUTE
    ../clib/microlib/string/strchr.c         0x00000000   Number         0  strchr.o ABSOLUTE
    ../clib/microlib/string/strcmp.c         0x00000000   Number         0  strcmp.o ABSOLUTE
    ../clib/microlib/string/strcpy.c         0x00000000   Number         0  strcpy.o ABSOLUTE
    ../clib/microlib/string/strlen.c         0x00000000   Number         0  strlen.o ABSOLUTE
    ../clib/microlib/string/strncpy.c        0x00000000   Number         0  strncpy.o ABSOLUTE
    ../clib/microlib/string/strstr.c         0x00000000   Number         0  strstr.o ABSOLUTE
    ../clib/microlib/stubs.s                 0x00000000   Number         0  iusefp.o ABSOLUTE
    ../clib/microlib/stubs.s                 0x00000000   Number         0  useno.o ABSOLUTE
    ../clib/scanf.c                          0x00000000   Number         0  _scanf_str.o ABSOLUTE
    ../clib/scanf.c                          0x00000000   Number         0  _chval.o ABSOLUTE
    ../clib/scanf.c                          0x00000000   Number         0  atoi.o ABSOLUTE
    ../clib/scanf.c                          0x00000000   Number         0  __0sscanf.o ABSOLUTE
    ../clib/scanf.c                          0x00000000   Number         0  _scanf_int.o ABSOLUTE
    ../clib/scanf.c                          0x00000000   Number         0  scanf_char.o ABSOLUTE
    ../clib/scanf.c                          0x00000000   Number         0  _sgetc.o ABSOLUTE
    ../clib/scanf.c                          0x00000000   Number         0  strtod.o ABSOLUTE
    ../clib/scanf.c                          0x00000000   Number         0  strtol.o ABSOLUTE
    ../clib/scanf.c                          0x00000000   Number         0  _scanf.o ABSOLUTE
    ../clib/scanf.c                          0x00000000   Number         0  scanf_fp.o ABSOLUTE
    ../clib/scanf.c                          0x00000000   Number         0  _strtoul.o ABSOLUTE
    ../fplib/microlib/d2f.c                  0x00000000   Number         0  d2f.o ABSOLUTE
    ../fplib/microlib/f2d.c                  0x00000000   Number         0  f2d.o ABSOLUTE
    ../fplib/microlib/fpadd.c                0x00000000   Number         0  fadd.o ABSOLUTE
    ../fplib/microlib/fpadd.c                0x00000000   Number         0  dadd.o ABSOLUTE
    ../fplib/microlib/fpdiv.c                0x00000000   Number         0  ddiv.o ABSOLUTE
    ../fplib/microlib/fpdiv.c                0x00000000   Number         0  fdiv.o ABSOLUTE
    ../fplib/microlib/fpepilogue.c           0x00000000   Number         0  fepilogue.o ABSOLUTE
    ../fplib/microlib/fpepilogue.c           0x00000000   Number         0  depilogue.o ABSOLUTE
    ../fplib/microlib/fpfix.c                0x00000000   Number         0  dfixul.o ABSOLUTE
    ../fplib/microlib/fpfix.c                0x00000000   Number         0  ffixui.o ABSOLUTE
    ../fplib/microlib/fpflt.c                0x00000000   Number         0  fflti.o ABSOLUTE
    ../fplib/microlib/fpflt.c                0x00000000   Number         0  ffltui.o ABSOLUTE
    ../fplib/microlib/fpflt.c                0x00000000   Number         0  dfltui.o ABSOLUTE
    ../fplib/microlib/fpflt.c                0x00000000   Number         0  dfltul.o ABSOLUTE
    ../fplib/microlib/fpmul.c                0x00000000   Number         0  fmul.o ABSOLUTE
    ../fplib/microlib/fpmul.c                0x00000000   Number         0  dmul.o ABSOLUTE
    ../mathlib/atof.c                        0x00000000   Number         0  atof.o ABSOLUTE
    Hardware\AD.c                            0x00000000   Number         0  ad.o ABSOLUTE
    Hardware\Key.c                           0x00000000   Number         0  key.o ABSOLUTE
    Hardware\LED.c                           0x00000000   Number         0  led.o ABSOLUTE
    Hardware\LightSensor.c                   0x00000000   Number         0  lightsensor.o ABSOLUTE
    Hardware\Motor.c                         0x00000000   Number         0  motor.o ABSOLUTE
    Hardware\OLED.c                          0x00000000   Number         0  oled.o ABSOLUTE
    Hardware\PWM.c                           0x00000000   Number         0  pwm.o ABSOLUTE
    Hardware\RELAY\relay.c                   0x00000000   Number         0  relay.o ABSOLUTE
    Hardware\RS485.c                         0x00000000   Number         0  rs485.o ABSOLUTE
    Hardware\Serial.c                        0x00000000   Number         0  serial.o ABSOLUTE
    Hardware\Serial2.c                       0x00000000   Number         0  serial2.o ABSOLUTE
    Hardware\ServerComm.c                    0x00000000   Number         0  servercomm.o ABSOLUTE
    Hardware\Servo.c                         0x00000000   Number         0  servo.o ABSOLUTE
    Hardware\SoilSensor.c                    0x00000000   Number         0  soilsensor.o ABSOLUTE
    Hardware\TOUCH_KEY\touch_key.c           0x00000000   Number         0  touch_key.o ABSOLUTE
    Hardware\atk_mb026.c                     0x00000000   Number         0  atk_mb026.o ABSOLUTE
    Hardware\atk_mb026_receiver.c            0x00000000   Number         0  atk_mb026_receiver.o ABSOLUTE
    Hardware\atk_mb026_uart.c                0x00000000   Number         0  atk_mb026_uart.o ABSOLUTE
    Hardware\atk_oled.c                      0x00000000   Number         0  atk_oled.o ABSOLUTE
    Hardware\dht11.c                         0x00000000   Number         0  dht11.o ABSOLUTE
    Hardware\lm75a.c                         0x00000000   Number         0  lm75a.o ABSOLUTE
    Hardware\oled0561.c                      0x00000000   Number         0  oled0561.o ABSOLUTE
    Library\misc.c                           0x00000000   Number         0  misc.o ABSOLUTE
    Library\stm32f10x_adc.c                  0x00000000   Number         0  stm32f10x_adc.o ABSOLUTE
    Library\stm32f10x_bkp.c                  0x00000000   Number         0  stm32f10x_bkp.o ABSOLUTE
    Library\stm32f10x_can.c                  0x00000000   Number         0  stm32f10x_can.o ABSOLUTE
    Library\stm32f10x_cec.c                  0x00000000   Number         0  stm32f10x_cec.o ABSOLUTE
    Library\stm32f10x_crc.c                  0x00000000   Number         0  stm32f10x_crc.o ABSOLUTE
    Library\stm32f10x_dac.c                  0x00000000   Number         0  stm32f10x_dac.o ABSOLUTE
    Library\stm32f10x_dbgmcu.c               0x00000000   Number         0  stm32f10x_dbgmcu.o ABSOLUTE
    Library\stm32f10x_dma.c                  0x00000000   Number         0  stm32f10x_dma.o ABSOLUTE
    Library\stm32f10x_exti.c                 0x00000000   Number         0  stm32f10x_exti.o ABSOLUTE
    Library\stm32f10x_flash.c                0x00000000   Number         0  stm32f10x_flash.o ABSOLUTE
    Library\stm32f10x_fsmc.c                 0x00000000   Number         0  stm32f10x_fsmc.o ABSOLUTE
    Library\stm32f10x_gpio.c                 0x00000000   Number         0  stm32f10x_gpio.o ABSOLUTE
    Library\stm32f10x_i2c.c                  0x00000000   Number         0  stm32f10x_i2c.o ABSOLUTE
    Library\stm32f10x_iwdg.c                 0x00000000   Number         0  stm32f10x_iwdg.o ABSOLUTE
    Library\stm32f10x_pwr.c                  0x00000000   Number         0  stm32f10x_pwr.o ABSOLUTE
    Library\stm32f10x_rcc.c                  0x00000000   Number         0  stm32f10x_rcc.o ABSOLUTE
    Library\stm32f10x_rtc.c                  0x00000000   Number         0  stm32f10x_rtc.o ABSOLUTE
    Library\stm32f10x_sdio.c                 0x00000000   Number         0  stm32f10x_sdio.o ABSOLUTE
    Library\stm32f10x_spi.c                  0x00000000   Number         0  stm32f10x_spi.o ABSOLUTE
    Library\stm32f10x_tim.c                  0x00000000   Number         0  stm32f10x_tim.o ABSOLUTE
    Library\stm32f10x_usart.c                0x00000000   Number         0  stm32f10x_usart.o ABSOLUTE
    Library\stm32f10x_wwdg.c                 0x00000000   Number         0  stm32f10x_wwdg.o ABSOLUTE
    Start\\core_cm3.c                        0x00000000   Number         0  core_cm3.o ABSOLUTE
    Start\core_cm3.c                         0x00000000   Number         0  core_cm3.o ABSOLUTE
    Start\startup_stm32f10x_md.s             0x00000000   Number         0  startup_stm32f10x_md.o ABSOLUTE
    Start\system_stm32f10x.c                 0x00000000   Number         0  system_stm32f10x.o ABSOLUTE
    System\Delay.c                           0x00000000   Number         0  delay.o ABSOLUTE
    System\Timer.c                           0x00000000   Number         0  timer.o ABSOLUTE
    System\i2c.c                             0x00000000   Number         0  i2c.o ABSOLUTE
    System\myiic.c                           0x00000000   Number         0  myiic.o ABSOLUTE
    System\sys.c                             0x00000000   Number         0  sys.o ABSOLUTE
    System\usart.c                           0x00000000   Number         0  usart.o ABSOLUTE
    User\demo.c                              0x00000000   Number         0  demo.o ABSOLUTE
    User\main.c                              0x00000000   Number         0  main.o ABSOLUTE
    User\stm32f10x_it.c                      0x00000000   Number         0  stm32f10x_it.o ABSOLUTE
    cdrcmple.s                               0x00000000   Number         0  cdrcmple.o ABSOLUTE
    cfcmple.s                                0x00000000   Number         0  cfcmple.o ABSOLUTE
    cfrcmple.s                               0x00000000   Number         0  cfrcmple.o ABSOLUTE
    dc.s                                     0x00000000   Number         0  dc.o ABSOLUTE
    handlers.s                               0x00000000   Number         0  handlers.o ABSOLUTE
    init.s                                   0x00000000   Number         0  init.o ABSOLUTE
    RESET                                    0x08000000   Section      236  startup_stm32f10x_md.o(RESET)
    .ARM.Collect$$$$00000000                 0x080000ec   Section        0  entry.o(.ARM.Collect$$$$00000000)
    .ARM.Collect$$$$00000001                 0x080000ec   Section        4  entry2.o(.ARM.Collect$$$$00000001)
    .ARM.Collect$$$$00000004                 0x080000f0   Section        4  entry5.o(.ARM.Collect$$$$00000004)
    .ARM.Collect$$$$00000008                 0x080000f4   Section        0  entry7b.o(.ARM.Collect$$$$00000008)
    .ARM.Collect$$$$0000000A                 0x080000f4   Section        0  entry8b.o(.ARM.Collect$$$$0000000A)
    .ARM.Collect$$$$0000000B                 0x080000f4   Section        8  entry9a.o(.ARM.Collect$$$$0000000B)
    .ARM.Collect$$$$0000000E                 0x080000fc   Section        4  entry12b.o(.ARM.Collect$$$$0000000E)
    .ARM.Collect$$$$0000000F                 0x08000100   Section        0  entry10a.o(.ARM.Collect$$$$0000000F)
    .ARM.Collect$$$$00000011                 0x08000100   Section        0  entry11a.o(.ARM.Collect$$$$00000011)
    .ARM.Collect$$$$00002712                 0x08000100   Section        4  entry2.o(.ARM.Collect$$$$00002712)
    __lit__00000000                          0x08000100   Data           4  entry2.o(.ARM.Collect$$$$00002712)
    .text                                    0x08000104   Section       36  startup_stm32f10x_md.o(.text)
    .text                                    0x08000128   Section        0  memseta.o(.text)
    .text                                    0x0800014c   Section        0  strstr.o(.text)
    .text                                    0x08000170   Section        0  strlen.o(.text)
    .text                                    0x08000180   Section        0  __0sscanf.o(.text)
    .text                                    0x080001b8   Section        0  _scanf_int.o(.text)
    .text                                    0x08000304   Section        0  _scanf_str.o(.text)
    .text                                    0x080003e4   Section        0  fdiv.o(.text)
    .text                                    0x08000460   Section        0  dadd.o(.text)
    .text                                    0x080005ae   Section        0  ddiv.o(.text)
    .text                                    0x0800068c   Section        0  fflti.o(.text)
    .text                                    0x0800069e   Section        0  ffltui.o(.text)
    .text                                    0x080006a8   Section        0  f2d.o(.text)
    .text                                    0x080006ce   Section        0  uidiv.o(.text)
    .text                                    0x080006fa   Section        0  uldiv.o(.text)
    .text                                    0x0800075c   Section        0  llshl.o(.text)
    .text                                    0x0800077a   Section        0  llsshr.o(.text)
    .text                                    0x0800079e   Section        0  _chval.o(.text)
    .text                                    0x080007bc   Section        0  scanf_char.o(.text)
    _scanf_char_input                        0x080007bd   Thumb Code    12  scanf_char.o(.text)
    .text                                    0x080007e4   Section        0  _sgetc.o(.text)
    .text                                    0x08000824   Section        0  iusefp.o(.text)
    .text                                    0x08000824   Section        0  fepilogue.o(.text)
    .text                                    0x08000892   Section        0  depilogue.o(.text)
    .text                                    0x0800094c   Section        0  dmul.o(.text)
    .text                                    0x08000a30   Section        0  dfixul.o(.text)
    .text                                    0x08000a60   Section       48  cdrcmple.o(.text)
    .text                                    0x08000a90   Section       36  init.o(.text)
    .text                                    0x08000ab4   Section        0  llushr.o(.text)
    .text                                    0x08000ad4   Section        0  ctype_o.o(.text)
    .text                                    0x08000adc   Section        0  isspace_o.o(.text)
    .text                                    0x08000af0   Section        0  _scanf.o(.text)
    i.ADC_Cmd                                0x08000e20   Section        0  stm32f10x_adc.o(i.ADC_Cmd)
    i.ADC_GetCalibrationStatus               0x08000e36   Section        0  stm32f10x_adc.o(i.ADC_GetCalibrationStatus)
    i.ADC_GetConversionValue                 0x08000e4a   Section        0  stm32f10x_adc.o(i.ADC_GetConversionValue)
    i.ADC_GetFlagStatus                      0x08000e52   Section        0  stm32f10x_adc.o(i.ADC_GetFlagStatus)
    i.ADC_GetResetCalibrationStatus          0x08000e64   Section        0  stm32f10x_adc.o(i.ADC_GetResetCalibrationStatus)
    i.ADC_Init                               0x08000e78   Section        0  stm32f10x_adc.o(i.ADC_Init)
    i.ADC_RegularChannelConfig               0x08000ec8   Section        0  stm32f10x_adc.o(i.ADC_RegularChannelConfig)
    i.ADC_ResetCalibration                   0x08000f80   Section        0  stm32f10x_adc.o(i.ADC_ResetCalibration)
    i.ADC_SoftwareStartConvCmd               0x08000f8a   Section        0  stm32f10x_adc.o(i.ADC_SoftwareStartConvCmd)
    i.ADC_StartCalibration                   0x08000fa0   Section        0  stm32f10x_adc.o(i.ADC_StartCalibration)
    i.BusFault_Handler                       0x08000faa   Section        0  stm32f10x_it.o(i.BusFault_Handler)
    i.DHT11_GetHumidity                      0x08000fb0   Section        0  dht11.o(i.DHT11_GetHumidity)
    i.DHT11_GetTemperature                   0x08000fbc   Section        0  dht11.o(i.DHT11_GetTemperature)
    i.DHT11_Init                             0x08000fc8   Section        0  dht11.o(i.DHT11_Init)
    i.DHT11_ReadData                         0x08000ff8   Section        0  dht11.o(i.DHT11_ReadData)
    i.DHT11_ReadPin                          0x080010dc   Section        0  dht11.o(i.DHT11_ReadPin)
    i.DHT11_SetInput                         0x080010ec   Section        0  dht11.o(i.DHT11_SetInput)
    i.DHT11_SetOutput                        0x08001108   Section        0  dht11.o(i.DHT11_SetOutput)
    i.DebugMon_Handler                       0x08001128   Section        0  stm32f10x_it.o(i.DebugMon_Handler)
    i.EXTI0_IRQHandler                       0x0800112c   Section        0  touch_key.o(i.EXTI0_IRQHandler)
    i.EXTI2_IRQHandler                       0x080011a8   Section        0  touch_key.o(i.EXTI2_IRQHandler)
    i.EXTI3_IRQHandler                       0x08001268   Section        0  touch_key.o(i.EXTI3_IRQHandler)
    i.EXTI_ClearITPendingBit                 0x08001328   Section        0  stm32f10x_exti.o(i.EXTI_ClearITPendingBit)
    i.EXTI_GetITStatus                       0x08001334   Section        0  stm32f10x_exti.o(i.EXTI_GetITStatus)
    i.GPIO_Init                              0x0800135c   Section        0  stm32f10x_gpio.o(i.GPIO_Init)
    i.GPIO_PinRemapConfig                    0x08001474   Section        0  stm32f10x_gpio.o(i.GPIO_PinRemapConfig)
    i.GPIO_ReadInputDataBit                  0x08001504   Section        0  stm32f10x_gpio.o(i.GPIO_ReadInputDataBit)
    i.GPIO_ReadOutputDataBit                 0x08001516   Section        0  stm32f10x_gpio.o(i.GPIO_ReadOutputDataBit)
    i.GPIO_ResetBits                         0x08001528   Section        0  stm32f10x_gpio.o(i.GPIO_ResetBits)
    i.GPIO_SetBits                           0x0800152c   Section        0  stm32f10x_gpio.o(i.GPIO_SetBits)
    i.GPIO_WriteBit                          0x08001530   Section        0  stm32f10x_gpio.o(i.GPIO_WriteBit)
    i.HardFault_Handler                      0x0800153a   Section        0  stm32f10x_it.o(i.HardFault_Handler)
    i.LED_Init                               0x08001540   Section        0  led.o(i.LED_Init)
    i.LightSensor_GetPercentage              0x08001588   Section        0  lightsensor.o(i.LightSensor_GetPercentage)
    i.LightSensor_Init                       0x080015a0   Section        0  lightsensor.o(i.LightSensor_Init)
    i.LightSensor_Read                       0x08001620   Section        0  lightsensor.o(i.LightSensor_Read)
    i.MemManage_Handler                      0x08001650   Section        0  stm32f10x_it.o(i.MemManage_Handler)
    i.NMI_Handler                            0x08001654   Section        0  stm32f10x_it.o(i.NMI_Handler)
    i.NVIC_Init                              0x08001658   Section        0  misc.o(i.NVIC_Init)
    i.OLED_Clear                             0x080016c8   Section        0  oled.o(i.OLED_Clear)
    i.OLED_I2C_Init                          0x080016f4   Section        0  oled.o(i.OLED_I2C_Init)
    i.OLED_I2C_SendByte                      0x08001740   Section        0  oled.o(i.OLED_I2C_SendByte)
    i.OLED_I2C_Start                         0x08001790   Section        0  oled.o(i.OLED_I2C_Start)
    i.OLED_I2C_Stop                          0x080017c0   Section        0  oled.o(i.OLED_I2C_Stop)
    i.OLED_Init                              0x080017e8   Section        0  oled.o(i.OLED_Init)
    i.OLED_SetCursor                         0x08001896   Section        0  oled.o(i.OLED_SetCursor)
    i.OLED_ShowChar                          0x080018b8   Section        0  oled.o(i.OLED_ShowChar)
    i.OLED_ShowString                        0x0800192c   Section        0  oled.o(i.OLED_ShowString)
    i.OLED_WriteCommand                      0x08001954   Section        0  oled.o(i.OLED_WriteCommand)
    i.OLED_WriteData                         0x08001974   Section        0  oled.o(i.OLED_WriteData)
    i.PendSV_Handler                         0x08001994   Section        0  stm32f10x_it.o(i.PendSV_Handler)
    i.RCC_APB1PeriphClockCmd                 0x08001998   Section        0  stm32f10x_rcc.o(i.RCC_APB1PeriphClockCmd)
    i.RCC_APB2PeriphClockCmd                 0x080019b8   Section        0  stm32f10x_rcc.o(i.RCC_APB2PeriphClockCmd)
    i.RCC_GetClocksFreq                      0x080019d8   Section        0  stm32f10x_rcc.o(i.RCC_GetClocksFreq)
    i.RELAY_2                                0x08001aac   Section        0  relay.o(i.RELAY_2)
    i.RELAY_Init                             0x08001b2c   Section        0  relay.o(i.RELAY_Init)
    i.RS485_Init                             0x08001b70   Section        0  rs485.o(i.RS485_Init)
    i.RS485_SendHex                          0x08001bb0   Section        0  rs485.o(i.RS485_SendHex)
    i.SVC_Handler                            0x08001bf8   Section        0  stm32f10x_it.o(i.SVC_Handler)
    i.ServerComm_Init                        0x08001bfc   Section        0  servercomm.o(i.ServerComm_Init)
    i.ServerComm_SendSensorData              0x08001c84   Section        0  servercomm.o(i.ServerComm_SendSensorData)
    i.SetSysClock                            0x08001f80   Section        0  system_stm32f10x.o(i.SetSysClock)
    SetSysClock                              0x08001f81   Thumb Code     8  system_stm32f10x.o(i.SetSysClock)
    i.SetSysClockTo72                        0x08001f88   Section        0  system_stm32f10x.o(i.SetSysClockTo72)
    SetSysClockTo72                          0x08001f89   Thumb Code   214  system_stm32f10x.o(i.SetSysClockTo72)
    i.SoilSensor_CalculateCRC16              0x08002068   Section        0  soilsensor.o(i.SoilSensor_CalculateCRC16)
    i.SoilSensor_ReadData                    0x080020a4   Section        0  soilsensor.o(i.SoilSensor_ReadData)
    i.SoilSensor_VerifyCRC16                 0x080021fc   Section        0  soilsensor.o(i.SoilSensor_VerifyCRC16)
    i.SysTick_CLKSourceConfig                0x0800222e   Section        0  misc.o(i.SysTick_CLKSourceConfig)
    i.SysTick_Handler                        0x08002256   Section        0  stm32f10x_it.o(i.SysTick_Handler)
    i.SystemInit                             0x08002258   Section        0  system_stm32f10x.o(i.SystemInit)
    i.TIM2_IRQHandler                        0x080022b8   Section        0  atk_mb026_uart.o(i.TIM2_IRQHandler)
    i.TIM_ClearITPendingBit                  0x080022ec   Section        0  stm32f10x_tim.o(i.TIM_ClearITPendingBit)
    i.TIM_Cmd                                0x080022f2   Section        0  stm32f10x_tim.o(i.TIM_Cmd)
    i.TIM_GetITStatus                        0x0800230a   Section        0  stm32f10x_tim.o(i.TIM_GetITStatus)
    i.TIM_ITConfig                           0x0800232c   Section        0  stm32f10x_tim.o(i.TIM_ITConfig)
    i.TIM_SetCounter                         0x0800233e   Section        0  stm32f10x_tim.o(i.TIM_SetCounter)
    i.TIM_TimeBaseInit                       0x08002344   Section        0  stm32f10x_tim.o(i.TIM_TimeBaseInit)
    i.TOUCH_KEY_Scan                         0x080023e8   Section        0  touch_key.o(i.TOUCH_KEY_Scan)
    i.USART1_IRQHandler                      0x080024a4   Section        0  usart.o(i.USART1_IRQHandler)
    i.USART2_IRQHandler                      0x0800252c   Section        0  atk_mb026_uart.o(i.USART2_IRQHandler)
    i.USART3_IRQHandler                      0x08002634   Section        0  stm32f10x_it.o(i.USART3_IRQHandler)
    i.USART3_Init                            0x080026a0   Section        0  rs485.o(i.USART3_Init)
    i.USART_ClearITPendingBit                0x08002748   Section        0  stm32f10x_usart.o(i.USART_ClearITPendingBit)
    i.USART_Cmd                              0x08002766   Section        0  stm32f10x_usart.o(i.USART_Cmd)
    i.USART_GetFlagStatus                    0x0800277e   Section        0  stm32f10x_usart.o(i.USART_GetFlagStatus)
    i.USART_GetITStatus                      0x08002798   Section        0  stm32f10x_usart.o(i.USART_GetITStatus)
    i.USART_ITConfig                         0x080027ec   Section        0  stm32f10x_usart.o(i.USART_ITConfig)
    i.USART_Init                             0x08002838   Section        0  stm32f10x_usart.o(i.USART_Init)
    i.USART_ReceiveData                      0x08002910   Section        0  stm32f10x_usart.o(i.USART_ReceiveData)
    i.USART_SendData                         0x0800291a   Section        0  stm32f10x_usart.o(i.USART_SendData)
    i.UsageFault_Handler                     0x08002922   Section        0  stm32f10x_it.o(i.UsageFault_Handler)
    i.__0printf                              0x08002928   Section        0  printfa.o(i.__0printf)
    i.__0sprintf                             0x08002948   Section        0  printfa.o(i.__0sprintf)
    i.__0vsnprintf                           0x08002970   Section        0  printfa.o(i.__0vsnprintf)
    i.__scatterload_copy                     0x080029a4   Section       14  handlers.o(i.__scatterload_copy)
    i.__scatterload_null                     0x080029b2   Section        2  handlers.o(i.__scatterload_null)
    i.__scatterload_zeroinit                 0x080029b4   Section       14  handlers.o(i.__scatterload_zeroinit)
    i._fp_digits                             0x080029c4   Section        0  printfa.o(i._fp_digits)
    _fp_digits                               0x080029c5   Thumb Code   366  printfa.o(i._fp_digits)
    i._printf_core                           0x08002b48   Section        0  printfa.o(i._printf_core)
    _printf_core                             0x08002b49   Thumb Code  1704  printfa.o(i._printf_core)
    i._printf_post_padding                   0x080031fc   Section        0  printfa.o(i._printf_post_padding)
    _printf_post_padding                     0x080031fd   Thumb Code    36  printfa.o(i._printf_post_padding)
    i._printf_pre_padding                    0x08003220   Section        0  printfa.o(i._printf_pre_padding)
    _printf_pre_padding                      0x08003221   Thumb Code    46  printfa.o(i._printf_pre_padding)
    i._snputc                                0x0800324e   Section        0  printfa.o(i._snputc)
    _snputc                                  0x0800324f   Thumb Code    22  printfa.o(i._snputc)
    i._sputc                                 0x08003264   Section        0  printfa.o(i._sputc)
    _sputc                                   0x08003265   Thumb Code    10  printfa.o(i._sputc)
    i.atk_mb026_at_test                      0x08003270   Section        0  atk_mb026.o(i.atk_mb026_at_test)
    i.atk_mb026_connect_tcp_server           0x080032a0   Section        0  atk_mb026.o(i.atk_mb026_connect_tcp_server)
    i.atk_mb026_get_ip                       0x080033b0   Section        0  atk_mb026.o(i.atk_mb026_get_ip)
    i.atk_mb026_hw_init                      0x08003410   Section        0  atk_mb026.o(i.atk_mb026_hw_init)
    atk_mb026_hw_init                        0x08003411   Thumb Code    36  atk_mb026.o(i.atk_mb026_hw_init)
    i.atk_mb026_hw_reset                     0x08003438   Section        0  atk_mb026.o(i.atk_mb026_hw_reset)
    i.atk_mb026_init                         0x08003464   Section        0  atk_mb026.o(i.atk_mb026_init)
    i.atk_mb026_join_ap                      0x08003484   Section        0  atk_mb026.o(i.atk_mb026_join_ap)
    i.atk_mb026_send_at_cmd                  0x080034d4   Section        0  atk_mb026.o(i.atk_mb026_send_at_cmd)
    i.atk_mb026_uart_init                    0x0800352c   Section        0  atk_mb026_uart.o(i.atk_mb026_uart_init)
    i.atk_mb026_uart_printf                  0x08003d84   Section        0  atk_mb026_uart.o(i.atk_mb026_uart_printf)
    i.atk_mb026_uart_rx_get_frame            0x08003df4   Section        0  atk_mb026_uart.o(i.atk_mb026_uart_rx_get_frame)
    i.atk_mb026_uart_rx_restart              0x08003e20   Section        0  atk_mb026_uart.o(i.atk_mb026_uart_rx_restart)
    i.check_wifi_status                      0x08003e3c   Section        0  main.o(i.check_wifi_status)
    i.connect_wifi                           0x08003e84   Section        0  main.o(i.connect_wifi)
    i.delay_init                             0x08003fe8   Section        0  delay.o(i.delay_init)
    i.delay_ms                               0x08004008   Section        0  delay.o(i.delay_ms)
    i.delay_us                               0x0800405c   Section        0  delay.o(i.delay_us)
    i.fputc                                  0x080040a8   Section        0  usart.o(i.fputc)
    i.init_wifi_module                       0x080040c4   Section        0  main.o(i.init_wifi_module)
    i.main                                   0x080041c8   Section        0  main.o(i.main)
    i.ping_server                            0x0800491c   Section        0  main.o(i.ping_server)
    i.send_data_to_server                    0x08004a54   Section        0  main.o(i.send_data_to_server)
    i.send_http_request                      0x08004b80   Section        0  main.o(i.send_http_request)
    i.test_baidu_connectivity                0x08005160   Section        0  main.o(i.test_baidu_connectivity)
    i.test_server_health                     0x080053b4   Section        0  main.o(i.test_server_health)
    i.usart_init                             0x080057d4   Section        0  usart.o(i.usart_init)
    .constdata                               0x08005874   Section     1520  oled.o(.constdata)
    .constdata                               0x08005e64   Section      129  ctype_o.o(.constdata)
    .constdata                               0x08005ee8   Section        4  ctype_o.o(.constdata)
    table                                    0x08005ee8   Data           4  ctype_o.o(.constdata)
    .conststring                             0x08005eec   Section      142  touch_key.o(.conststring)
    .conststring                             0x08005f7c   Section      107  servercomm.o(.conststring)
    .conststring                             0x08005fe8   Section      347  main.o(.conststring)
    .data                                    0x20000000   Section       20  stm32f10x_rcc.o(.data)
    APBAHBPrescTable                         0x20000000   Data          16  stm32f10x_rcc.o(.data)
    ADCPrescTable                            0x20000010   Data           4  stm32f10x_rcc.o(.data)
    .data                                    0x20000014   Section        4  delay.o(.data)
    fac_us                                   0x20000014   Data           4  delay.o(.data)
    .data                                    0x20000018   Section        8  sys.o(.data)
    .data                                    0x20000020   Section        7  usart.o(.data)
    .data                                    0x20000027   Section        5  dht11.o(.data)
    .data                                    0x2000002c   Section        6  atk_mb026_uart.o(.data)
    .data                                    0x20000032   Section        2  rs485.o(.data)
    .data                                    0x20000034   Section        6  main.o(.data)
    .bss                                     0x2000003c   Section       16  sys.o(.bss)
    .bss                                     0x2000004c   Section      200  usart.o(.bss)
    .bss                                     0x20000114   Section      384  atk_mb026_uart.o(.bss)
    .bss                                     0x20000294   Section       64  rs485.o(.bss)
    STACK                                    0x200002d8   Section     1024  startup_stm32f10x_md.o(STACK)

    Global Symbols

    Symbol Name                              Value     Ov Type        Size  Object(Section)

    BuildAttributes$$THM_ISAv4$P$D$K$B$S$PE$A:L22UL41UL21$X:L11$S22US41US21$IEEE1$IW$USESV6$~STKCKD$USESV7$~SHL$OTIME$ROPI$IEEEJ$EBA8$MICROLIB$REQ8$PRES8$EABIv2 0x00000000   Number         0  anon$$obj.o ABSOLUTE
    __ARM_use_no_argv                        0x00000000   Number         0  main.o ABSOLUTE
    __use_no_errno                           0x00000000   Number         0  useno.o ABSOLUTE
    __use_no_exception_handling              0x00000000   Number         0  useno.o ABSOLUTE
    __use_no_fp                              0x00000000   Number         0  useno.o ABSOLUTE
    __use_no_heap                            0x00000000   Number         0  useno.o ABSOLUTE
    __use_no_heap_region                     0x00000000   Number         0  useno.o ABSOLUTE
    __use_no_semihosting                     0x00000000   Number         0  useno.o ABSOLUTE
    __use_no_semihosting_swi                 0x00000000   Number         0  useno.o ABSOLUTE
    __use_no_signal_handling                 0x00000000   Number         0  useno.o ABSOLUTE
    _printf_a                                0x00000000   Number         0  stubs.o ABSOLUTE
    _printf_c                                0x00000000   Number         0  stubs.o ABSOLUTE
    _printf_charcount                        0x00000000   Number         0  stubs.o ABSOLUTE
    _printf_d                                0x00000000   Number         0  stubs.o ABSOLUTE
    _printf_e                                0x00000000   Number         0  stubs.o ABSOLUTE
    _printf_f                                0x00000000   Number         0  stubs.o ABSOLUTE
    _printf_flags                            0x00000000   Number         0  stubs.o ABSOLUTE
    _printf_fp_dec                           0x00000000   Number         0  stubs.o ABSOLUTE
    _printf_fp_hex                           0x00000000   Number         0  stubs.o ABSOLUTE
    _printf_g                                0x00000000   Number         0  stubs.o ABSOLUTE
    _printf_i                                0x00000000   Number         0  stubs.o ABSOLUTE
    _printf_int_dec                          0x00000000   Number         0  stubs.o ABSOLUTE
    _printf_l                                0x00000000   Number         0  stubs.o ABSOLUTE
    _printf_lc                               0x00000000   Number         0  stubs.o ABSOLUTE
    _printf_ll                               0x00000000   Number         0  stubs.o ABSOLUTE
    _printf_lld                              0x00000000   Number         0  stubs.o ABSOLUTE
    _printf_lli                              0x00000000   Number         0  stubs.o ABSOLUTE
    _printf_llo                              0x00000000   Number         0  stubs.o ABSOLUTE
    _printf_llu                              0x00000000   Number         0  stubs.o ABSOLUTE
    _printf_llx                              0x00000000   Number         0  stubs.o ABSOLUTE
    _printf_longlong_dec                     0x00000000   Number         0  stubs.o ABSOLUTE
    _printf_longlong_hex                     0x00000000   Number         0  stubs.o ABSOLUTE
    _printf_longlong_oct                     0x00000000   Number         0  stubs.o ABSOLUTE
    _printf_ls                               0x00000000   Number         0  stubs.o ABSOLUTE
    _printf_mbtowc                           0x00000000   Number         0  stubs.o ABSOLUTE
    _printf_n                                0x00000000   Number         0  stubs.o ABSOLUTE
    _printf_o                                0x00000000   Number         0  stubs.o ABSOLUTE
    _printf_p                                0x00000000   Number         0  stubs.o ABSOLUTE
    _printf_percent                          0x00000000   Number         0  stubs.o ABSOLUTE
    _printf_pre_padding                      0x00000000   Number         0  stubs.o ABSOLUTE
    _printf_return_value                     0x00000000   Number         0  stubs.o ABSOLUTE
    _printf_s                                0x00000000   Number         0  stubs.o ABSOLUTE
    _printf_sizespec                         0x00000000   Number         0  stubs.o ABSOLUTE
    _printf_str                              0x00000000   Number         0  stubs.o ABSOLUTE
    _printf_truncate_signed                  0x00000000   Number         0  stubs.o ABSOLUTE
    _printf_truncate_unsigned                0x00000000   Number         0  stubs.o ABSOLUTE
    _printf_u                                0x00000000   Number         0  stubs.o ABSOLUTE
    _printf_wc                               0x00000000   Number         0  stubs.o ABSOLUTE
    _printf_wctomb                           0x00000000   Number         0  stubs.o ABSOLUTE
    _printf_widthprec                        0x00000000   Number         0  stubs.o ABSOLUTE
    _printf_x                                0x00000000   Number         0  stubs.o ABSOLUTE
    __arm_fini_                               - Undefined Weak Reference
    __cpp_initialize__aeabi_                  - Undefined Weak Reference
    __cxa_finalize                            - Undefined Weak Reference
    __decompress                              - Undefined Weak Reference
    _clock_init                               - Undefined Weak Reference
    _microlib_exit                            - Undefined Weak Reference
    _scanf_longlong                           - Undefined Weak Reference
    __Vectors_Size                           0x000000ec   Number         0  startup_stm32f10x_md.o ABSOLUTE
    __Vectors                                0x08000000   Data           4  startup_stm32f10x_md.o(RESET)
    __Vectors_End                            0x080000ec   Data           0  startup_stm32f10x_md.o(RESET)
    __main                                   0x080000ed   Thumb Code     0  entry.o(.ARM.Collect$$$$00000000)
    _main_stk                                0x080000ed   Thumb Code     0  entry2.o(.ARM.Collect$$$$00000001)
    _main_scatterload                        0x080000f1   Thumb Code     0  entry5.o(.ARM.Collect$$$$00000004)
    __main_after_scatterload                 0x080000f5   Thumb Code     0  entry5.o(.ARM.Collect$$$$00000004)
    _main_clock                              0x080000f5   Thumb Code     0  entry7b.o(.ARM.Collect$$$$00000008)
    _main_cpp_init                           0x080000f5   Thumb Code     0  entry8b.o(.ARM.Collect$$$$0000000A)
    _main_init                               0x080000f5   Thumb Code     0  entry9a.o(.ARM.Collect$$$$0000000B)
    __rt_lib_shutdown_fini                   0x080000fd   Thumb Code     0  entry12b.o(.ARM.Collect$$$$0000000E)
    __rt_final_cpp                           0x08000101   Thumb Code     0  entry10a.o(.ARM.Collect$$$$0000000F)
    __rt_final_exit                          0x08000101   Thumb Code     0  entry11a.o(.ARM.Collect$$$$00000011)
    Reset_Handler                            0x08000105   Thumb Code     8  startup_stm32f10x_md.o(.text)
    ADC1_2_IRQHandler                        0x0800011f   Thumb Code     0  startup_stm32f10x_md.o(.text)
    CAN1_RX1_IRQHandler                      0x0800011f   Thumb Code     0  startup_stm32f10x_md.o(.text)
    CAN1_SCE_IRQHandler                      0x0800011f   Thumb Code     0  startup_stm32f10x_md.o(.text)
    DMA1_Channel1_IRQHandler                 0x0800011f   Thumb Code     0  startup_stm32f10x_md.o(.text)
    DMA1_Channel2_IRQHandler                 0x0800011f   Thumb Code     0  startup_stm32f10x_md.o(.text)
    DMA1_Channel3_IRQHandler                 0x0800011f   Thumb Code     0  startup_stm32f10x_md.o(.text)
    DMA1_Channel4_IRQHandler                 0x0800011f   Thumb Code     0  startup_stm32f10x_md.o(.text)
    DMA1_Channel5_IRQHandler                 0x0800011f   Thumb Code     0  startup_stm32f10x_md.o(.text)
    DMA1_Channel6_IRQHandler                 0x0800011f   Thumb Code     0  startup_stm32f10x_md.o(.text)
    DMA1_Channel7_IRQHandler                 0x0800011f   Thumb Code     0  startup_stm32f10x_md.o(.text)
    EXTI15_10_IRQHandler                     0x0800011f   Thumb Code     0  startup_stm32f10x_md.o(.text)
    EXTI1_IRQHandler                         0x0800011f   Thumb Code     0  startup_stm32f10x_md.o(.text)
    EXTI4_IRQHandler                         0x0800011f   Thumb Code     0  startup_stm32f10x_md.o(.text)
    EXTI9_5_IRQHandler                       0x0800011f   Thumb Code     0  startup_stm32f10x_md.o(.text)
    FLASH_IRQHandler                         0x0800011f   Thumb Code     0  startup_stm32f10x_md.o(.text)
    I2C1_ER_IRQHandler                       0x0800011f   Thumb Code     0  startup_stm32f10x_md.o(.text)
    I2C1_EV_IRQHandler                       0x0800011f   Thumb Code     0  startup_stm32f10x_md.o(.text)
    I2C2_ER_IRQHandler                       0x0800011f   Thumb Code     0  startup_stm32f10x_md.o(.text)
    I2C2_EV_IRQHandler                       0x0800011f   Thumb Code     0  startup_stm32f10x_md.o(.text)
    PVD_IRQHandler                           0x0800011f   Thumb Code     0  startup_stm32f10x_md.o(.text)
    RCC_IRQHandler                           0x0800011f   Thumb Code     0  startup_stm32f10x_md.o(.text)
    RTCAlarm_IRQHandler                      0x0800011f   Thumb Code     0  startup_stm32f10x_md.o(.text)
    RTC_IRQHandler                           0x0800011f   Thumb Code     0  startup_stm32f10x_md.o(.text)
    SPI1_IRQHandler                          0x0800011f   Thumb Code     0  startup_stm32f10x_md.o(.text)
    SPI2_IRQHandler                          0x0800011f   Thumb Code     0  startup_stm32f10x_md.o(.text)
    TAMPER_IRQHandler                        0x0800011f   Thumb Code     0  startup_stm32f10x_md.o(.text)
    TIM1_BRK_IRQHandler                      0x0800011f   Thumb Code     0  startup_stm32f10x_md.o(.text)
    TIM1_CC_IRQHandler                       0x0800011f   Thumb Code     0  startup_stm32f10x_md.o(.text)
    TIM1_TRG_COM_IRQHandler                  0x0800011f   Thumb Code     0  startup_stm32f10x_md.o(.text)
    TIM1_UP_IRQHandler                       0x0800011f   Thumb Code     0  startup_stm32f10x_md.o(.text)
    TIM3_IRQHandler                          0x0800011f   Thumb Code     0  startup_stm32f10x_md.o(.text)
    TIM4_IRQHandler                          0x0800011f   Thumb Code     0  startup_stm32f10x_md.o(.text)
    USBWakeUp_IRQHandler                     0x0800011f   Thumb Code     0  startup_stm32f10x_md.o(.text)
    USB_HP_CAN1_TX_IRQHandler                0x0800011f   Thumb Code     0  startup_stm32f10x_md.o(.text)
    USB_LP_CAN1_RX0_IRQHandler               0x0800011f   Thumb Code     0  startup_stm32f10x_md.o(.text)
    WWDG_IRQHandler                          0x0800011f   Thumb Code     0  startup_stm32f10x_md.o(.text)
    __aeabi_memset                           0x08000129   Thumb Code    14  memseta.o(.text)
    __aeabi_memset4                          0x08000129   Thumb Code     0  memseta.o(.text)
    __aeabi_memset8                          0x08000129   Thumb Code     0  memseta.o(.text)
    __aeabi_memclr                           0x08000137   Thumb Code     4  memseta.o(.text)
    __aeabi_memclr4                          0x08000137   Thumb Code     0  memseta.o(.text)
    __aeabi_memclr8                          0x08000137   Thumb Code     0  memseta.o(.text)
    _memset$wrapper                          0x0800013b   Thumb Code    18  memseta.o(.text)
    strstr                                   0x0800014d   Thumb Code    36  strstr.o(.text)
    strlen                                   0x08000171   Thumb Code    14  strlen.o(.text)
    __0sscanf                                0x08000181   Thumb Code    48  __0sscanf.o(.text)
    _scanf_int                               0x080001b9   Thumb Code   332  _scanf_int.o(.text)
    _scanf_string                            0x08000305   Thumb Code   224  _scanf_str.o(.text)
    __aeabi_fdiv                             0x080003e5   Thumb Code   124  fdiv.o(.text)
    __aeabi_dadd                             0x08000461   Thumb Code   322  dadd.o(.text)
    __aeabi_dsub                             0x080005a3   Thumb Code     6  dadd.o(.text)
    __aeabi_drsub                            0x080005a9   Thumb Code     6  dadd.o(.text)
    __aeabi_ddiv                             0x080005af   Thumb Code   222  ddiv.o(.text)
    __aeabi_i2f                              0x0800068d   Thumb Code    18  fflti.o(.text)
    __aeabi_ui2f                             0x0800069f   Thumb Code    10  ffltui.o(.text)
    __aeabi_f2d                              0x080006a9   Thumb Code    38  f2d.o(.text)
    __aeabi_uidiv                            0x080006cf   Thumb Code     0  uidiv.o(.text)
    __aeabi_uidivmod                         0x080006cf   Thumb Code    44  uidiv.o(.text)
    __aeabi_uldivmod                         0x080006fb   Thumb Code    98  uldiv.o(.text)
    __aeabi_llsl                             0x0800075d   Thumb Code    30  llshl.o(.text)
    _ll_shift_l                              0x0800075d   Thumb Code     0  llshl.o(.text)
    __aeabi_lasr                             0x0800077b   Thumb Code    36  llsshr.o(.text)
    _ll_sshift_r                             0x0800077b   Thumb Code     0  llsshr.o(.text)
    _chval                                   0x0800079f   Thumb Code    28  _chval.o(.text)
    __vfscanf_char                           0x080007c9   Thumb Code    20  scanf_char.o(.text)
    _sgetc                                   0x080007e5   Thumb Code    30  _sgetc.o(.text)
    _sbackspace                              0x08000803   Thumb Code    34  _sgetc.o(.text)
    __I$use$fp                               0x08000825   Thumb Code     0  iusefp.o(.text)
    _float_round                             0x08000825   Thumb Code    18  fepilogue.o(.text)
    _float_epilogue                          0x08000837   Thumb Code    92  fepilogue.o(.text)
    _double_round                            0x08000893   Thumb Code    30  depilogue.o(.text)
    _double_epilogue                         0x080008b1   Thumb Code   156  depilogue.o(.text)
    __aeabi_dmul                             0x0800094d   Thumb Code   228  dmul.o(.text)
    __aeabi_d2ulz                            0x08000a31   Thumb Code    48  dfixul.o(.text)
    __aeabi_cdrcmple                         0x08000a61   Thumb Code    48  cdrcmple.o(.text)
    __scatterload                            0x08000a91   Thumb Code    28  init.o(.text)
    __scatterload_rt2                        0x08000a91   Thumb Code     0  init.o(.text)
    __aeabi_llsr                             0x08000ab5   Thumb Code    32  llushr.o(.text)
    _ll_ushift_r                             0x08000ab5   Thumb Code     0  llushr.o(.text)
    __rt_ctype_table                         0x08000ad5   Thumb Code     4  ctype_o.o(.text)
    isspace                                  0x08000add   Thumb Code    18  isspace_o.o(.text)
    __vfscanf                                0x08000af1   Thumb Code   810  _scanf.o(.text)
    ADC_Cmd                                  0x08000e21   Thumb Code    22  stm32f10x_adc.o(i.ADC_Cmd)
    ADC_GetCalibrationStatus                 0x08000e37   Thumb Code    20  stm32f10x_adc.o(i.ADC_GetCalibrationStatus)
    ADC_GetConversionValue                   0x08000e4b   Thumb Code     8  stm32f10x_adc.o(i.ADC_GetConversionValue)
    ADC_GetFlagStatus                        0x08000e53   Thumb Code    18  stm32f10x_adc.o(i.ADC_GetFlagStatus)
    ADC_GetResetCalibrationStatus            0x08000e65   Thumb Code    20  stm32f10x_adc.o(i.ADC_GetResetCalibrationStatus)
    ADC_Init                                 0x08000e79   Thumb Code    70  stm32f10x_adc.o(i.ADC_Init)
    ADC_RegularChannelConfig                 0x08000ec9   Thumb Code   184  stm32f10x_adc.o(i.ADC_RegularChannelConfig)
    ADC_ResetCalibration                     0x08000f81   Thumb Code    10  stm32f10x_adc.o(i.ADC_ResetCalibration)
    ADC_SoftwareStartConvCmd                 0x08000f8b   Thumb Code    22  stm32f10x_adc.o(i.ADC_SoftwareStartConvCmd)
    ADC_StartCalibration                     0x08000fa1   Thumb Code    10  stm32f10x_adc.o(i.ADC_StartCalibration)
    BusFault_Handler                         0x08000fab   Thumb Code     4  stm32f10x_it.o(i.BusFault_Handler)
    DHT11_GetHumidity                        0x08000fb1   Thumb Code     6  dht11.o(i.DHT11_GetHumidity)
    DHT11_GetTemperature                     0x08000fbd   Thumb Code     6  dht11.o(i.DHT11_GetTemperature)
    DHT11_Init                               0x08000fc9   Thumb Code    44  dht11.o(i.DHT11_Init)
    DHT11_ReadData                           0x08000ff9   Thumb Code   220  dht11.o(i.DHT11_ReadData)
    DHT11_ReadPin                            0x080010dd   Thumb Code    12  dht11.o(i.DHT11_ReadPin)
    DHT11_SetInput                           0x080010ed   Thumb Code    24  dht11.o(i.DHT11_SetInput)
    DHT11_SetOutput                          0x08001109   Thumb Code    28  dht11.o(i.DHT11_SetOutput)
    DebugMon_Handler                         0x08001129   Thumb Code     2  stm32f10x_it.o(i.DebugMon_Handler)
    EXTI0_IRQHandler                         0x0800112d   Thumb Code    46  touch_key.o(i.EXTI0_IRQHandler)
    EXTI2_IRQHandler                         0x080011a9   Thumb Code    96  touch_key.o(i.EXTI2_IRQHandler)
    EXTI3_IRQHandler                         0x08001269   Thumb Code    96  touch_key.o(i.EXTI3_IRQHandler)
    EXTI_ClearITPendingBit                   0x08001329   Thumb Code     6  stm32f10x_exti.o(i.EXTI_ClearITPendingBit)
    EXTI_GetITStatus                         0x08001335   Thumb Code    34  stm32f10x_exti.o(i.EXTI_GetITStatus)
    GPIO_Init                                0x0800135d   Thumb Code   278  stm32f10x_gpio.o(i.GPIO_Init)
    GPIO_PinRemapConfig                      0x08001475   Thumb Code   138  stm32f10x_gpio.o(i.GPIO_PinRemapConfig)
    GPIO_ReadInputDataBit                    0x08001505   Thumb Code    18  stm32f10x_gpio.o(i.GPIO_ReadInputDataBit)
    GPIO_ReadOutputDataBit                   0x08001517   Thumb Code    18  stm32f10x_gpio.o(i.GPIO_ReadOutputDataBit)
    GPIO_ResetBits                           0x08001529   Thumb Code     4  stm32f10x_gpio.o(i.GPIO_ResetBits)
    GPIO_SetBits                             0x0800152d   Thumb Code     4  stm32f10x_gpio.o(i.GPIO_SetBits)
    GPIO_WriteBit                            0x08001531   Thumb Code    10  stm32f10x_gpio.o(i.GPIO_WriteBit)
    HardFault_Handler                        0x0800153b   Thumb Code     4  stm32f10x_it.o(i.HardFault_Handler)
    LED_Init                                 0x08001541   Thumb Code    66  led.o(i.LED_Init)
    LightSensor_GetPercentage                0x08001589   Thumb Code    24  lightsensor.o(i.LightSensor_GetPercentage)
    LightSensor_Init                         0x080015a1   Thumb Code   118  lightsensor.o(i.LightSensor_Init)
    LightSensor_Read                         0x08001621   Thumb Code    44  lightsensor.o(i.LightSensor_Read)
    MemManage_Handler                        0x08001651   Thumb Code     4  stm32f10x_it.o(i.MemManage_Handler)
    NMI_Handler                              0x08001655   Thumb Code     2  stm32f10x_it.o(i.NMI_Handler)
    NVIC_Init                                0x08001659   Thumb Code   100  misc.o(i.NVIC_Init)
    OLED_Clear                               0x080016c9   Thumb Code    42  oled.o(i.OLED_Clear)
    OLED_I2C_Init                            0x080016f5   Thumb Code    72  oled.o(i.OLED_I2C_Init)
    OLED_I2C_SendByte                        0x08001741   Thumb Code    74  oled.o(i.OLED_I2C_SendByte)
    OLED_I2C_Start                           0x08001791   Thumb Code    44  oled.o(i.OLED_I2C_Start)
    OLED_I2C_Stop                            0x080017c1   Thumb Code    34  oled.o(i.OLED_I2C_Stop)
    OLED_Init                                0x080017e9   Thumb Code   174  oled.o(i.OLED_Init)
    OLED_SetCursor                           0x08001897   Thumb Code    34  oled.o(i.OLED_SetCursor)
    OLED_ShowChar                            0x080018b9   Thumb Code   110  oled.o(i.OLED_ShowChar)
    OLED_ShowString                          0x0800192d   Thumb Code    40  oled.o(i.OLED_ShowString)
    OLED_WriteCommand                        0x08001955   Thumb Code    32  oled.o(i.OLED_WriteCommand)
    OLED_WriteData                           0x08001975   Thumb Code    32  oled.o(i.OLED_WriteData)
    PendSV_Handler                           0x08001995   Thumb Code     2  stm32f10x_it.o(i.PendSV_Handler)
    RCC_APB1PeriphClockCmd                   0x08001999   Thumb Code    26  stm32f10x_rcc.o(i.RCC_APB1PeriphClockCmd)
    RCC_APB2PeriphClockCmd                   0x080019b9   Thumb Code    26  stm32f10x_rcc.o(i.RCC_APB2PeriphClockCmd)
    RCC_GetClocksFreq                        0x080019d9   Thumb Code   192  stm32f10x_rcc.o(i.RCC_GetClocksFreq)
    RELAY_2                                  0x08001aad   Thumb Code    46  relay.o(i.RELAY_2)
    RELAY_Init                               0x08001b2d   Thumb Code    58  relay.o(i.RELAY_Init)
    RS485_Init                               0x08001b71   Thumb Code    58  rs485.o(i.RS485_Init)
    RS485_SendHex                            0x08001bb1   Thumb Code    64  rs485.o(i.RS485_SendHex)
    SVC_Handler                              0x08001bf9   Thumb Code     2  stm32f10x_it.o(i.SVC_Handler)
    ServerComm_Init                          0x08001bfd   Thumb Code    20  servercomm.o(i.ServerComm_Init)
    ServerComm_SendSensorData                0x08001c85   Thumb Code   268  servercomm.o(i.ServerComm_SendSensorData)
    SoilSensor_CalculateCRC16                0x08002069   Thumb Code    58  soilsensor.o(i.SoilSensor_CalculateCRC16)
    SoilSensor_ReadData                      0x080020a5   Thumb Code   330  soilsensor.o(i.SoilSensor_ReadData)
    SoilSensor_VerifyCRC16                   0x080021fd   Thumb Code    50  soilsensor.o(i.SoilSensor_VerifyCRC16)
    SysTick_CLKSourceConfig                  0x0800222f   Thumb Code    40  misc.o(i.SysTick_CLKSourceConfig)
    SysTick_Handler                          0x08002257   Thumb Code     2  stm32f10x_it.o(i.SysTick_Handler)
    SystemInit                               0x08002259   Thumb Code    78  system_stm32f10x.o(i.SystemInit)
    TIM2_IRQHandler                          0x080022b9   Thumb Code    48  atk_mb026_uart.o(i.TIM2_IRQHandler)
    TIM_ClearITPendingBit                    0x080022ed   Thumb Code     6  stm32f10x_tim.o(i.TIM_ClearITPendingBit)
    TIM_Cmd                                  0x080022f3   Thumb Code    24  stm32f10x_tim.o(i.TIM_Cmd)
    TIM_GetITStatus                          0x0800230b   Thumb Code    34  stm32f10x_tim.o(i.TIM_GetITStatus)
    TIM_ITConfig                             0x0800232d   Thumb Code    18  stm32f10x_tim.o(i.TIM_ITConfig)
    TIM_SetCounter                           0x0800233f   Thumb Code     4  stm32f10x_tim.o(i.TIM_SetCounter)
    TIM_TimeBaseInit                         0x08002345   Thumb Code   122  stm32f10x_tim.o(i.TIM_TimeBaseInit)
    TOUCH_KEY_Scan                           0x080023e9   Thumb Code   182  touch_key.o(i.TOUCH_KEY_Scan)
    USART1_IRQHandler                        0x080024a5   Thumb Code   122  usart.o(i.USART1_IRQHandler)
    USART2_IRQHandler                        0x0800252d   Thumb Code   240  atk_mb026_uart.o(i.USART2_IRQHandler)
    USART3_IRQHandler                        0x08002635   Thumb Code    96  stm32f10x_it.o(i.USART3_IRQHandler)
    USART3_Init                              0x080026a1   Thumb Code   158  rs485.o(i.USART3_Init)
    USART_ClearITPendingBit                  0x08002749   Thumb Code    30  stm32f10x_usart.o(i.USART_ClearITPendingBit)
    USART_Cmd                                0x08002767   Thumb Code    24  stm32f10x_usart.o(i.USART_Cmd)
    USART_GetFlagStatus                      0x0800277f   Thumb Code    26  stm32f10x_usart.o(i.USART_GetFlagStatus)
    USART_GetITStatus                        0x08002799   Thumb Code    84  stm32f10x_usart.o(i.USART_GetITStatus)
    USART_ITConfig                           0x080027ed   Thumb Code    74  stm32f10x_usart.o(i.USART_ITConfig)
    USART_Init                               0x08002839   Thumb Code   210  stm32f10x_usart.o(i.USART_Init)
    USART_ReceiveData                        0x08002911   Thumb Code    10  stm32f10x_usart.o(i.USART_ReceiveData)
    USART_SendData                           0x0800291b   Thumb Code     8  stm32f10x_usart.o(i.USART_SendData)
    UsageFault_Handler                       0x08002923   Thumb Code     4  stm32f10x_it.o(i.UsageFault_Handler)
    __0printf                                0x08002929   Thumb Code    22  printfa.o(i.__0printf)
    __1printf                                0x08002929   Thumb Code     0  printfa.o(i.__0printf)
    __2printf                                0x08002929   Thumb Code     0  printfa.o(i.__0printf)
    __c89printf                              0x08002929   Thumb Code     0  printfa.o(i.__0printf)
    printf                                   0x08002929   Thumb Code     0  printfa.o(i.__0printf)
    __0sprintf                               0x08002949   Thumb Code    34  printfa.o(i.__0sprintf)
    __1sprintf                               0x08002949   Thumb Code     0  printfa.o(i.__0sprintf)
    __2sprintf                               0x08002949   Thumb Code     0  printfa.o(i.__0sprintf)
    __c89sprintf                             0x08002949   Thumb Code     0  printfa.o(i.__0sprintf)
    sprintf                                  0x08002949   Thumb Code     0  printfa.o(i.__0sprintf)
    __0vsnprintf                             0x08002971   Thumb Code    46  printfa.o(i.__0vsnprintf)
    __1vsnprintf                             0x08002971   Thumb Code     0  printfa.o(i.__0vsnprintf)
    __2vsnprintf                             0x08002971   Thumb Code     0  printfa.o(i.__0vsnprintf)
    __c89vsnprintf                           0x08002971   Thumb Code     0  printfa.o(i.__0vsnprintf)
    vsnprintf                                0x08002971   Thumb Code     0  printfa.o(i.__0vsnprintf)
    __scatterload_copy                       0x080029a5   Thumb Code    14  handlers.o(i.__scatterload_copy)
    __scatterload_null                       0x080029b3   Thumb Code     2  handlers.o(i.__scatterload_null)
    __scatterload_zeroinit                   0x080029b5   Thumb Code    14  handlers.o(i.__scatterload_zeroinit)
    atk_mb026_at_test                        0x08003271   Thumb Code    38  atk_mb026.o(i.atk_mb026_at_test)
    atk_mb026_connect_tcp_server             0x080032a1   Thumb Code    86  atk_mb026.o(i.atk_mb026_connect_tcp_server)
    atk_mb026_get_ip                         0x080033b1   Thumb Code    70  atk_mb026.o(i.atk_mb026_get_ip)
    atk_mb026_hw_reset                       0x08003439   Thumb Code    38  atk_mb026.o(i.atk_mb026_hw_reset)
    atk_mb026_init                           0x08003465   Thumb Code    32  atk_mb026.o(i.atk_mb026_init)
    atk_mb026_join_ap                        0x08003485   Thumb Code    46  atk_mb026.o(i.atk_mb026_join_ap)
    atk_mb026_send_at_cmd                    0x080034d5   Thumb Code    78  atk_mb026.o(i.atk_mb026_send_at_cmd)
    atk_mb026_uart_init                      0x0800352d   Thumb Code  1540  atk_mb026_uart.o(i.atk_mb026_uart_init)
    atk_mb026_uart_printf                    0x08003d85   Thumb Code    98  atk_mb026_uart.o(i.atk_mb026_uart_printf)
    atk_mb026_uart_rx_get_frame              0x08003df5   Thumb Code    34  atk_mb026_uart.o(i.atk_mb026_uart_rx_get_frame)
    atk_mb026_uart_rx_restart                0x08003e21   Thumb Code    24  atk_mb026_uart.o(i.atk_mb026_uart_rx_restart)
    check_wifi_status                        0x08003e3d   Thumb Code    44  main.o(i.check_wifi_status)
    connect_wifi                             0x08003e85   Thumb Code   132  main.o(i.connect_wifi)
    delay_init                               0x08003fe9   Thumb Code    28  delay.o(i.delay_init)
    delay_ms                                 0x08004009   Thumb Code    78  delay.o(i.delay_ms)
    delay_us                                 0x0800405d   Thumb Code    72  delay.o(i.delay_us)
    fputc                                    0x080040a9   Thumb Code    24  usart.o(i.fputc)
    init_wifi_module                         0x080040c5   Thumb Code    82  main.o(i.init_wifi_module)
    main                                     0x080041c9   Thumb Code  1746  main.o(i.main)
    ping_server                              0x0800491d   Thumb Code   126  main.o(i.ping_server)
    send_data_to_server                      0x08004a55   Thumb Code   108  main.o(i.send_data_to_server)
    send_http_request                        0x08004b81   Thumb Code   588  main.o(i.send_http_request)
    test_baidu_connectivity                  0x08005161   Thumb Code   184  main.o(i.test_baidu_connectivity)
    test_server_health                       0x080053b5   Thumb Code   326  main.o(i.test_server_health)
    usart_init                               0x080057d5   Thumb Code   138  usart.o(i.usart_init)
    OLED_F8x16                               0x08005874   Data        1520  oled.o(.constdata)
    __ctype_table                            0x08005e64   Data         129  ctype_o.o(.constdata)
    Region$$Table$$Base                      0x08006144   Number         0  anon$$obj.o(Region$$Table)
    Region$$Table$$Limit                     0x08006164   Number         0  anon$$obj.o(Region$$Table)
    GPIO_InitStructure                       0x20000018   Data           4  sys.o(.data)
    NVIC_InitStructure                       0x2000001c   Data           4  sys.o(.data)
    __stdout                                 0x20000020   Data           4  usart.o(.data)
    g_usart_rx_sta                           0x20000024   Data           2  usart.o(.data)
    g_rx_buffer                              0x20000026   Data           1  usart.o(.data)
    dht11_data                               0x20000027   Data           5  dht11.o(.data)
    g_sta                                    0x2000002c   Data           2  atk_mb026_uart.o(.data)
    tx_head                                  0x2000002e   Data           2  atk_mb026_uart.o(.data)
    tx_tail                                  0x20000030   Data           2  atk_mb026_uart.o(.data)
    USART3_RX_STA                            0x20000032   Data           2  rs485.o(.data)
    timecount                                0x20000034   Data           4  main.o(.data)
    g_wifi_connected                         0x20000038   Data           1  main.o(.data)
    g_server_connected                       0x20000039   Data           1  main.o(.data)
    USART_InitStructure                      0x2000003c   Data          16  sys.o(.bss)
    g_usart_rx_buf                           0x2000004c   Data         200  usart.o(.bss)
    g_uart_rx_frame                          0x20000114   Data         256  atk_mb026_uart.o(.bss)
    tx_buf                                   0x20000214   Data         128  atk_mb026_uart.o(.bss)
    USART3_RX_BUF                            0x20000294   Data          64  rs485.o(.bss)
    __initial_sp                             0x200006d8   Data           0  startup_stm32f10x_md.o(STACK)



==============================================================================

Memory Map of the image

  Image Entry point : 0x080000ed

  Load Region LR_IROM1 (Base: 0x08000000, Size: 0x000061a0, Max: 0x00010000, ABSOLUTE)

    Execution Region ER_IROM1 (Exec base: 0x08000000, Load base: 0x08000000, Size: 0x00006164, Max: 0x00010000, ABSOLUTE)

    Exec Addr    Load Addr    Size         Type   Attr      Idx    E Section Name        Object

    0x08000000   0x08000000   0x000000ec   Data   RO            3    RESET               startup_stm32f10x_md.o
    0x080000ec   0x080000ec   0x00000000   Code   RO         5029  * .ARM.Collect$$$$00000000  mc_w.l(entry.o)
    0x080000ec   0x080000ec   0x00000004   Code   RO         5345    .ARM.Collect$$$$00000001  mc_w.l(entry2.o)
    0x080000f0   0x080000f0   0x00000004   Code   RO         5348    .ARM.Collect$$$$00000004  mc_w.l(entry5.o)
    0x080000f4   0x080000f4   0x00000000   Code   RO         5350    .ARM.Collect$$$$00000008  mc_w.l(entry7b.o)
    0x080000f4   0x080000f4   0x00000000   Code   RO         5352    .ARM.Collect$$$$0000000A  mc_w.l(entry8b.o)
    0x080000f4   0x080000f4   0x00000008   Code   RO         5353    .ARM.Collect$$$$0000000B  mc_w.l(entry9a.o)
    0x080000fc   0x080000fc   0x00000004   Code   RO         5360    .ARM.Collect$$$$0000000E  mc_w.l(entry12b.o)
    0x08000100   0x08000100   0x00000000   Code   RO         5355    .ARM.Collect$$$$0000000F  mc_w.l(entry10a.o)
    0x08000100   0x08000100   0x00000000   Code   RO         5357    .ARM.Collect$$$$00000011  mc_w.l(entry11a.o)
    0x08000100   0x08000100   0x00000004   Code   RO         5346    .ARM.Collect$$$$00002712  mc_w.l(entry2.o)
    0x08000104   0x08000104   0x00000024   Code   RO            4    .text               startup_stm32f10x_md.o
    0x08000128   0x08000128   0x00000024   Code   RO         5034    .text               mc_w.l(memseta.o)
    0x0800014c   0x0800014c   0x00000024   Code   RO         5036    .text               mc_w.l(strstr.o)
    0x08000170   0x08000170   0x0000000e   Code   RO         5042    .text               mc_w.l(strlen.o)
    0x0800017e   0x0800017e   0x00000002   PAD
    0x08000180   0x08000180   0x00000038   Code   RO         5311    .text               mc_w.l(__0sscanf.o)
    0x080001b8   0x080001b8   0x0000014c   Code   RO         5313    .text               mc_w.l(_scanf_int.o)
    0x08000304   0x08000304   0x000000e0   Code   RO         5315    .text               mc_w.l(_scanf_str.o)
    0x080003e4   0x080003e4   0x0000007c   Code   RO         5323    .text               mf_w.l(fdiv.o)
    0x08000460   0x08000460   0x0000014e   Code   RO         5325    .text               mf_w.l(dadd.o)
    0x080005ae   0x080005ae   0x000000de   Code   RO         5327    .text               mf_w.l(ddiv.o)
    0x0800068c   0x0800068c   0x00000012   Code   RO         5329    .text               mf_w.l(fflti.o)
    0x0800069e   0x0800069e   0x0000000a   Code   RO         5331    .text               mf_w.l(ffltui.o)
    0x080006a8   0x080006a8   0x00000026   Code   RO         5337    .text               mf_w.l(f2d.o)
    0x080006ce   0x080006ce   0x0000002c   Code   RO         5361    .text               mc_w.l(uidiv.o)
    0x080006fa   0x080006fa   0x00000062   Code   RO         5363    .text               mc_w.l(uldiv.o)
    0x0800075c   0x0800075c   0x0000001e   Code   RO         5365    .text               mc_w.l(llshl.o)
    0x0800077a   0x0800077a   0x00000024   Code   RO         5367    .text               mc_w.l(llsshr.o)
    0x0800079e   0x0800079e   0x0000001c   Code   RO         5376    .text               mc_w.l(_chval.o)
    0x080007ba   0x080007ba   0x00000002   PAD
    0x080007bc   0x080007bc   0x00000028   Code   RO         5378    .text               mc_w.l(scanf_char.o)
    0x080007e4   0x080007e4   0x00000040   Code   RO         5380    .text               mc_w.l(_sgetc.o)
    0x08000824   0x08000824   0x00000000   Code   RO         5386    .text               mc_w.l(iusefp.o)
    0x08000824   0x08000824   0x0000006e   Code   RO         5387    .text               mf_w.l(fepilogue.o)
    0x08000892   0x08000892   0x000000ba   Code   RO         5389    .text               mf_w.l(depilogue.o)
    0x0800094c   0x0800094c   0x000000e4   Code   RO         5391    .text               mf_w.l(dmul.o)
    0x08000a30   0x08000a30   0x00000030   Code   RO         5393    .text               mf_w.l(dfixul.o)
    0x08000a60   0x08000a60   0x00000030   Code   RO         5395    .text               mf_w.l(cdrcmple.o)
    0x08000a90   0x08000a90   0x00000024   Code   RO         5397    .text               mc_w.l(init.o)
    0x08000ab4   0x08000ab4   0x00000020   Code   RO         5399    .text               mc_w.l(llushr.o)
    0x08000ad4   0x08000ad4   0x00000008   Code   RO         5403    .text               mc_w.l(ctype_o.o)
    0x08000adc   0x08000adc   0x00000012   Code   RO         5425    .text               mc_w.l(isspace_o.o)
    0x08000aee   0x08000aee   0x00000002   PAD
    0x08000af0   0x08000af0   0x00000330   Code   RO         5431    .text               mc_w.l(_scanf.o)
    0x08000e20   0x08000e20   0x00000016   Code   RO          202    i.ADC_Cmd           stm32f10x_adc.o
    0x08000e36   0x08000e36   0x00000014   Code   RO          210    i.ADC_GetCalibrationStatus  stm32f10x_adc.o
    0x08000e4a   0x08000e4a   0x00000008   Code   RO          211    i.ADC_GetConversionValue  stm32f10x_adc.o
    0x08000e52   0x08000e52   0x00000012   Code   RO          213    i.ADC_GetFlagStatus  stm32f10x_adc.o
    0x08000e64   0x08000e64   0x00000014   Code   RO          216    i.ADC_GetResetCalibrationStatus  stm32f10x_adc.o
    0x08000e78   0x08000e78   0x00000050   Code   RO          220    i.ADC_Init          stm32f10x_adc.o
    0x08000ec8   0x08000ec8   0x000000b8   Code   RO          224    i.ADC_RegularChannelConfig  stm32f10x_adc.o
    0x08000f80   0x08000f80   0x0000000a   Code   RO          225    i.ADC_ResetCalibration  stm32f10x_adc.o
    0x08000f8a   0x08000f8a   0x00000016   Code   RO          227    i.ADC_SoftwareStartConvCmd  stm32f10x_adc.o
    0x08000fa0   0x08000fa0   0x0000000a   Code   RO          229    i.ADC_StartCalibration  stm32f10x_adc.o
    0x08000faa   0x08000faa   0x00000004   Code   RO         4902    i.BusFault_Handler  stm32f10x_it.o
    0x08000fae   0x08000fae   0x00000002   PAD
    0x08000fb0   0x08000fb0   0x0000000c   Code   RO         3945    i.DHT11_GetHumidity  dht11.o
    0x08000fbc   0x08000fbc   0x0000000c   Code   RO         3946    i.DHT11_GetTemperature  dht11.o
    0x08000fc8   0x08000fc8   0x00000030   Code   RO         3947    i.DHT11_Init        dht11.o
    0x08000ff8   0x08000ff8   0x000000e4   Code   RO         3948    i.DHT11_ReadData    dht11.o
    0x080010dc   0x080010dc   0x00000010   Code   RO         3949    i.DHT11_ReadPin     dht11.o
    0x080010ec   0x080010ec   0x0000001c   Code   RO         3950    i.DHT11_SetInput    dht11.o
    0x08001108   0x08001108   0x00000020   Code   RO         3951    i.DHT11_SetOutput   dht11.o
    0x08001128   0x08001128   0x00000002   Code   RO         4903    i.DebugMon_Handler  stm32f10x_it.o
    0x0800112a   0x0800112a   0x00000002   PAD
    0x0800112c   0x0800112c   0x0000007c   Code   RO         4554    i.EXTI0_IRQHandler  touch_key.o
    0x080011a8   0x080011a8   0x000000c0   Code   RO         4555    i.EXTI2_IRQHandler  touch_key.o
    0x08001268   0x08001268   0x000000c0   Code   RO         4556    i.EXTI3_IRQHandler  touch_key.o
    0x08001328   0x08001328   0x0000000c   Code   RO          985    i.EXTI_ClearITPendingBit  stm32f10x_exti.o
    0x08001334   0x08001334   0x00000028   Code   RO          989    i.EXTI_GetITStatus  stm32f10x_exti.o
    0x0800135c   0x0800135c   0x00000116   Code   RO         1347    i.GPIO_Init         stm32f10x_gpio.o
    0x08001472   0x08001472   0x00000002   PAD
    0x08001474   0x08001474   0x00000090   Code   RO         1349    i.GPIO_PinRemapConfig  stm32f10x_gpio.o
    0x08001504   0x08001504   0x00000012   Code   RO         1351    i.GPIO_ReadInputDataBit  stm32f10x_gpio.o
    0x08001516   0x08001516   0x00000012   Code   RO         1353    i.GPIO_ReadOutputDataBit  stm32f10x_gpio.o
    0x08001528   0x08001528   0x00000004   Code   RO         1354    i.GPIO_ResetBits    stm32f10x_gpio.o
    0x0800152c   0x0800152c   0x00000004   Code   RO         1355    i.GPIO_SetBits      stm32f10x_gpio.o
    0x08001530   0x08001530   0x0000000a   Code   RO         1358    i.GPIO_WriteBit     stm32f10x_gpio.o
    0x0800153a   0x0800153a   0x00000004   Code   RO         4904    i.HardFault_Handler  stm32f10x_it.o
    0x0800153e   0x0800153e   0x00000002   PAD
    0x08001540   0x08001540   0x00000048   Code   RO         3493    i.LED_Init          led.o
    0x08001588   0x08001588   0x00000018   Code   RO         4744    i.LightSensor_GetPercentage  lightsensor.o
    0x080015a0   0x080015a0   0x00000080   Code   RO         4745    i.LightSensor_Init  lightsensor.o
    0x08001620   0x08001620   0x00000030   Code   RO         4746    i.LightSensor_Read  lightsensor.o
    0x08001650   0x08001650   0x00000004   Code   RO         4905    i.MemManage_Handler  stm32f10x_it.o
    0x08001654   0x08001654   0x00000002   Code   RO         4906    i.NMI_Handler       stm32f10x_it.o
    0x08001656   0x08001656   0x00000002   PAD
    0x08001658   0x08001658   0x00000070   Code   RO          137    i.NVIC_Init         misc.o
    0x080016c8   0x080016c8   0x0000002a   Code   RO         3649    i.OLED_Clear        oled.o
    0x080016f2   0x080016f2   0x00000002   PAD
    0x080016f4   0x080016f4   0x0000004c   Code   RO         3650    i.OLED_I2C_Init     oled.o
    0x08001740   0x08001740   0x00000050   Code   RO         3651    i.OLED_I2C_SendByte  oled.o
    0x08001790   0x08001790   0x00000030   Code   RO         3652    i.OLED_I2C_Start    oled.o
    0x080017c0   0x080017c0   0x00000028   Code   RO         3653    i.OLED_I2C_Stop     oled.o
    0x080017e8   0x080017e8   0x000000ae   Code   RO         3654    i.OLED_Init         oled.o
    0x08001896   0x08001896   0x00000022   Code   RO         3656    i.OLED_SetCursor    oled.o
    0x080018b8   0x080018b8   0x00000074   Code   RO         3658    i.OLED_ShowChar     oled.o
    0x0800192c   0x0800192c   0x00000028   Code   RO         3662    i.OLED_ShowString   oled.o
    0x08001954   0x08001954   0x00000020   Code   RO         3663    i.OLED_WriteCommand  oled.o
    0x08001974   0x08001974   0x00000020   Code   RO         3664    i.OLED_WriteData    oled.o
    0x08001994   0x08001994   0x00000002   Code   RO         4907    i.PendSV_Handler    stm32f10x_it.o
    0x08001996   0x08001996   0x00000002   PAD
    0x08001998   0x08001998   0x00000020   Code   RO         1775    i.RCC_APB1PeriphClockCmd  stm32f10x_rcc.o
    0x080019b8   0x080019b8   0x00000020   Code   RO         1777    i.RCC_APB2PeriphClockCmd  stm32f10x_rcc.o
    0x080019d8   0x080019d8   0x000000d4   Code   RO         1785    i.RCC_GetClocksFreq  stm32f10x_rcc.o
    0x08001aac   0x08001aac   0x00000080   Code   RO         4528    i.RELAY_2           relay.o
    0x08001b2c   0x08001b2c   0x00000044   Code   RO         4529    i.RELAY_Init        relay.o
    0x08001b70   0x08001b70   0x00000040   Code   RO         4664    i.RS485_Init        rs485.o
    0x08001bb0   0x08001bb0   0x00000048   Code   RO         4665    i.RS485_SendHex     rs485.o
    0x08001bf8   0x08001bf8   0x00000002   Code   RO         4908    i.SVC_Handler       stm32f10x_it.o
    0x08001bfa   0x08001bfa   0x00000002   PAD
    0x08001bfc   0x08001bfc   0x00000088   Code   RO         4769    i.ServerComm_Init   servercomm.o
    0x08001c84   0x08001c84   0x000002fc   Code   RO         4770    i.ServerComm_SendSensorData  servercomm.o
    0x08001f80   0x08001f80   0x00000008   Code   RO           24    i.SetSysClock       system_stm32f10x.o
    0x08001f88   0x08001f88   0x000000e0   Code   RO           25    i.SetSysClockTo72   system_stm32f10x.o
    0x08002068   0x08002068   0x0000003a   Code   RO         4701    i.SoilSensor_CalculateCRC16  soilsensor.o
    0x080020a2   0x080020a2   0x00000002   PAD
    0x080020a4   0x080020a4   0x00000158   Code   RO         4703    i.SoilSensor_ReadData  soilsensor.o
    0x080021fc   0x080021fc   0x00000032   Code   RO         4704    i.SoilSensor_VerifyCRC16  soilsensor.o
    0x0800222e   0x0800222e   0x00000028   Code   RO          141    i.SysTick_CLKSourceConfig  misc.o
    0x08002256   0x08002256   0x00000002   Code   RO         4909    i.SysTick_Handler   stm32f10x_it.o
    0x08002258   0x08002258   0x00000060   Code   RO           27    i.SystemInit        system_stm32f10x.o
    0x080022b8   0x080022b8   0x00000034   Code   RO         4383    i.TIM2_IRQHandler   atk_mb026_uart.o
    0x080022ec   0x080022ec   0x00000006   Code   RO         2416    i.TIM_ClearITPendingBit  stm32f10x_tim.o
    0x080022f2   0x080022f2   0x00000018   Code   RO         2421    i.TIM_Cmd           stm32f10x_tim.o
    0x0800230a   0x0800230a   0x00000022   Code   RO         2442    i.TIM_GetITStatus   stm32f10x_tim.o
    0x0800232c   0x0800232c   0x00000012   Code   RO         2446    i.TIM_ITConfig      stm32f10x_tim.o
    0x0800233e   0x0800233e   0x00000004   Code   RO         2486    i.TIM_SetCounter    stm32f10x_tim.o
    0x08002342   0x08002342   0x00000002   PAD
    0x08002344   0x08002344   0x000000a4   Code   RO         2492    i.TIM_TimeBaseInit  stm32f10x_tim.o
    0x080023e8   0x080023e8   0x000000bc   Code   RO         4559    i.TOUCH_KEY_Scan    touch_key.o
    0x080024a4   0x080024a4   0x00000088   Code   RO         3371    i.USART1_IRQHandler  usart.o
    0x0800252c   0x0800252c   0x00000108   Code   RO         4384    i.USART2_IRQHandler  atk_mb026_uart.o
    0x08002634   0x08002634   0x0000006c   Code   RO         4910    i.USART3_IRQHandler  stm32f10x_it.o
    0x080026a0   0x080026a0   0x000000a8   Code   RO         4667    i.USART3_Init       rs485.o
    0x08002748   0x08002748   0x0000001e   Code   RO         2957    i.USART_ClearITPendingBit  stm32f10x_usart.o
    0x08002766   0x08002766   0x00000018   Code   RO         2960    i.USART_Cmd         stm32f10x_usart.o
    0x0800277e   0x0800277e   0x0000001a   Code   RO         2963    i.USART_GetFlagStatus  stm32f10x_usart.o
    0x08002798   0x08002798   0x00000054   Code   RO         2964    i.USART_GetITStatus  stm32f10x_usart.o
    0x080027ec   0x080027ec   0x0000004a   Code   RO         2966    i.USART_ITConfig    stm32f10x_usart.o
    0x08002836   0x08002836   0x00000002   PAD
    0x08002838   0x08002838   0x000000d8   Code   RO         2967    i.USART_Init        stm32f10x_usart.o
    0x08002910   0x08002910   0x0000000a   Code   RO         2974    i.USART_ReceiveData  stm32f10x_usart.o
    0x0800291a   0x0800291a   0x00000008   Code   RO         2977    i.USART_SendData    stm32f10x_usart.o
    0x08002922   0x08002922   0x00000004   Code   RO         4911    i.UsageFault_Handler  stm32f10x_it.o
    0x08002926   0x08002926   0x00000002   PAD
    0x08002928   0x08002928   0x00000020   Code   RO         5283    i.__0printf         mc_w.l(printfa.o)
    0x08002948   0x08002948   0x00000028   Code   RO         5285    i.__0sprintf        mc_w.l(printfa.o)
    0x08002970   0x08002970   0x00000034   Code   RO         5288    i.__0vsnprintf      mc_w.l(printfa.o)
    0x080029a4   0x080029a4   0x0000000e   Code   RO         5446    i.__scatterload_copy  mc_w.l(handlers.o)
    0x080029b2   0x080029b2   0x00000002   Code   RO         5447    i.__scatterload_null  mc_w.l(handlers.o)
    0x080029b4   0x080029b4   0x0000000e   Code   RO         5448    i.__scatterload_zeroinit  mc_w.l(handlers.o)
    0x080029c2   0x080029c2   0x00000002   PAD
    0x080029c4   0x080029c4   0x00000184   Code   RO         5290    i._fp_digits        mc_w.l(printfa.o)
    0x08002b48   0x08002b48   0x000006b4   Code   RO         5291    i._printf_core      mc_w.l(printfa.o)
    0x080031fc   0x080031fc   0x00000024   Code   RO         5292    i._printf_post_padding  mc_w.l(printfa.o)
    0x08003220   0x08003220   0x0000002e   Code   RO         5293    i._printf_pre_padding  mc_w.l(printfa.o)
    0x0800324e   0x0800324e   0x00000016   Code   RO         5294    i._snputc           mc_w.l(printfa.o)
    0x08003264   0x08003264   0x0000000a   Code   RO         5295    i._sputc            mc_w.l(printfa.o)
    0x0800326e   0x0800326e   0x00000002   PAD
    0x08003270   0x08003270   0x00000030   Code   RO         4185    i.atk_mb026_at_test  atk_mb026.o
    0x080032a0   0x080032a0   0x00000110   Code   RO         4192    i.atk_mb026_connect_tcp_server  atk_mb026.o
    0x080033b0   0x080033b0   0x00000060   Code   RO         4199    i.atk_mb026_get_ip  atk_mb026.o
    0x08003410   0x08003410   0x00000028   Code   RO         4200    i.atk_mb026_hw_init  atk_mb026.o
    0x08003438   0x08003438   0x0000002c   Code   RO         4201    i.atk_mb026_hw_reset  atk_mb026.o
    0x08003464   0x08003464   0x00000020   Code   RO         4202    i.atk_mb026_init    atk_mb026.o
    0x08003484   0x08003484   0x00000050   Code   RO         4203    i.atk_mb026_join_ap  atk_mb026.o
    0x080034d4   0x080034d4   0x00000058   Code   RO         4206    i.atk_mb026_send_at_cmd  atk_mb026.o
    0x0800352c   0x0800352c   0x00000858   Code   RO         4385    i.atk_mb026_uart_init  atk_mb026_uart.o
    0x08003d84   0x08003d84   0x00000070   Code   RO         4386    i.atk_mb026_uart_printf  atk_mb026_uart.o
    0x08003df4   0x08003df4   0x0000002c   Code   RO         4387    i.atk_mb026_uart_rx_get_frame  atk_mb026_uart.o
    0x08003e20   0x08003e20   0x0000001c   Code   RO         4389    i.atk_mb026_uart_rx_restart  atk_mb026_uart.o
    0x08003e3c   0x08003e3c   0x00000048   Code   RO         4796    i.check_wifi_status  main.o
    0x08003e84   0x08003e84   0x00000164   Code   RO         4797    i.connect_wifi      main.o
    0x08003fe8   0x08003fe8   0x00000020   Code   RO         3199    i.delay_init        delay.o
    0x08004008   0x08004008   0x00000054   Code   RO         3200    i.delay_ms          delay.o
    0x0800405c   0x0800405c   0x0000004c   Code   RO         3201    i.delay_us          delay.o
    0x080040a8   0x080040a8   0x0000001c   Code   RO         3375    i.fputc             usart.o
    0x080040c4   0x080040c4   0x00000104   Code   RO         4798    i.init_wifi_module  main.o
    0x080041c8   0x080041c8   0x00000754   Code   RO         4799    i.main              main.o
    0x0800491c   0x0800491c   0x00000138   Code   RO         4800    i.ping_server       main.o
    0x08004a54   0x08004a54   0x0000012c   Code   RO         4801    i.send_data_to_server  main.o
    0x08004b80   0x08004b80   0x000005e0   Code   RO         4802    i.send_http_request  main.o
    0x08005160   0x08005160   0x00000254   Code   RO         4803    i.test_baidu_connectivity  main.o
    0x080053b4   0x080053b4   0x00000420   Code   RO         4804    i.test_server_health  main.o
    0x080057d4   0x080057d4   0x000000a0   Code   RO         3376    i.usart_init        usart.o
    0x08005874   0x08005874   0x000005f0   Data   RO         3665    .constdata          oled.o
    0x08005e64   0x08005e64   0x00000081   Data   RO         5404    .constdata          mc_w.l(ctype_o.o)
    0x08005ee5   0x08005ee5   0x00000003   PAD
    0x08005ee8   0x08005ee8   0x00000004   Data   RO         5405    .constdata          mc_w.l(ctype_o.o)
    0x08005eec   0x08005eec   0x0000008e   Data   RO         4560    .conststring        touch_key.o
    0x08005f7a   0x08005f7a   0x00000002   PAD
    0x08005f7c   0x08005f7c   0x0000006b   Data   RO         4771    .conststring        servercomm.o
    0x08005fe7   0x08005fe7   0x00000001   PAD
    0x08005fe8   0x08005fe8   0x0000015b   Data   RO         4805    .conststring        main.o
    0x08006143   0x08006143   0x00000001   PAD
    0x08006144   0x08006144   0x00000020   Data   RO         5444    Region$$Table       anon$$obj.o


    Execution Region RW_IRAM1 (Exec base: 0x20000000, Load base: 0x08006164, Size: 0x000006d8, Max: 0x00005000, ABSOLUTE)

    Exec Addr    Load Addr    Size         Type   Attr      Idx    E Section Name        Object

    0x20000000   0x08006164   0x00000014   Data   RW         1805    .data               stm32f10x_rcc.o
    0x20000014   0x08006178   0x00000004   Data   RW         3202    .data               delay.o
    0x20000018   0x0800617c   0x00000008   Data   RW         3268    .data               sys.o
    0x20000020   0x08006184   0x00000007   Data   RW         3378    .data               usart.o
    0x20000027   0x0800618b   0x00000005   Data   RW         3952    .data               dht11.o
    0x2000002c   0x08006190   0x00000006   Data   RW         4392    .data               atk_mb026_uart.o
    0x20000032   0x08006196   0x00000002   Data   RW         4669    .data               rs485.o
    0x20000034   0x08006198   0x00000006   Data   RW         4806    .data               main.o
    0x2000003a   0x0800619e   0x00000002   PAD
    0x2000003c        -       0x00000010   Zero   RW         3267    .bss                sys.o
    0x2000004c        -       0x000000c8   Zero   RW         3377    .bss                usart.o
    0x20000114        -       0x00000180   Zero   RW         4391    .bss                atk_mb026_uart.o
    0x20000294        -       0x00000040   Zero   RW         4668    .bss                rs485.o
    0x200002d4   0x0800619e   0x00000004   PAD
    0x200002d8        -       0x00000400   Zero   RW            1    STACK               startup_stm32f10x_md.o


==============================================================================

Image component sizes


      Code (inc. data)   RO Data    RW Data    ZI Data      Debug   Object Name

       700        276          0          0          0       5064   atk_mb026.o
      2636       1694          0          6        384       4957   atk_mb026_uart.o
         0          0          0          0          0       4516   core_cm3.o
       192         14          0          4          0       1539   delay.o
       376         36          0          5          0       3761   dht11.o
        72          6          0          0          0     238311   led.o
       200         14          0          0          0       1522   lightsensor.o
      6332       3748        347          6          0       8160   main.o
       152         12          0          0          0     213590   misc.o
       714         26       1520          0          0       5963   oled.o
       196         92          0          0          0        927   relay.o
       304         24          0          2         64       2189   rs485.o
       900        612        107          0          0       1810   servercomm.o
       452         14          0          0          0       3107   soilsensor.o
        36          8        236          0       1024        780   startup_stm32f10x_md.o
       394         10          0          0          0      17889   stm32f10x_adc.o
        52         12          0          0          0        996   stm32f10x_exti.o
       476          6          0          0          0      13443   stm32f10x_gpio.o
       134         12          0          0          0       3958   stm32f10x_it.o
       276         32          0         20          0      12782   stm32f10x_rcc.o
       250         42          0          0          0      23891   stm32f10x_tim.o
       472          6          0          0          0      12175   stm32f10x_usart.o
         0          0          0          8         16        316   sys.o
       328         28          0          0          0      24677   system_stm32f10x.o
       696        276        142          0          0       2030   touch_key.o
       324         40          0          7        200       3477   usart.o

    ----------------------------------------------------------------------
     16688       7040       2388         60       1692     611830   Object Totals
         0          0         32          0          0          0   (incl. Generated)
        24          0          4          2          4          0   (incl. Padding)

    ----------------------------------------------------------------------

      Code (inc. data)   RO Data    RW Data    ZI Data      Debug   Library Member Name

        56          8          0          0          0         84   __0sscanf.o
        28          0          0          0          0         68   _chval.o
       816          6          0          0          0        112   _scanf.o
       332          0          0          0          0         96   _scanf_int.o
       224          0          0          0          0         96   _scanf_str.o
        64          0          0          0          0         84   _sgetc.o
         8          4        133          0          0         68   ctype_o.o
         0          0          0          0          0          0   entry.o
         0          0          0          0          0          0   entry10a.o
         0          0          0          0          0          0   entry11a.o
         4          0          0          0          0          0   entry12b.o
         8          4          0          0          0          0   entry2.o
         4          0          0          0          0          0   entry5.o
         0          0          0          0          0          0   entry7b.o
         0          0          0          0          0          0   entry8b.o
         8          4          0          0          0          0   entry9a.o
        30          0          0          0          0          0   handlers.o
        36          8          0          0          0         68   init.o
        18          0          0          0          0         76   isspace_o.o
         0          0          0          0          0          0   iusefp.o
        30          0          0          0          0         68   llshl.o
        36          0          0          0          0         68   llsshr.o
        32          0          0          0          0         68   llushr.o
        36          0          0          0          0        108   memseta.o
      2342        102          0          0          0        764   printfa.o
        40          8          0          0          0         84   scanf_char.o
        14          0          0          0          0         68   strlen.o
        36          0          0          0          0         80   strstr.o
        44          0          0          0          0         80   uidiv.o
        98          0          0          0          0         92   uldiv.o
        48          0          0          0          0         68   cdrcmple.o
       334          0          0          0          0        148   dadd.o
       222          0          0          0          0        100   ddiv.o
       186          0          0          0          0        176   depilogue.o
        48          0          0          0          0         68   dfixul.o
       228          0          0          0          0         96   dmul.o
        38          0          0          0          0         68   f2d.o
       124          0          0          0          0         88   fdiv.o
       110          0          0          0          0        168   fepilogue.o
        18          0          0          0          0         68   fflti.o
        10          0          0          0          0         68   ffltui.o

    ----------------------------------------------------------------------
      5720        144        136          0          0       3348   Library Totals
        10          0          3          0          0          0   (incl. Padding)

    ----------------------------------------------------------------------

      Code (inc. data)   RO Data    RW Data    ZI Data      Debug   Library Name

      4344        144        133          0          0       2232   mc_w.l
      1366          0          0          0          0       1116   mf_w.l

    ----------------------------------------------------------------------
      5720        144        136          0          0       3348   Library Totals

    ----------------------------------------------------------------------

==============================================================================


      Code (inc. data)   RO Data    RW Data    ZI Data      Debug   

     22408       7184       2524         60       1692     607738   Grand Totals
     22408       7184       2524         60       1692     607738   ELF Image Totals
     22408       7184       2524         60          0          0   ROM Totals

==============================================================================

    Total RO  Size (Code + RO Data)                24932 (  24.35kB)
    Total RW  Size (RW Data + ZI Data)              1752 (   1.71kB)
    Total ROM Size (Code + RO Data + RW Data)      24992 (  24.41kB)

==============================================================================

