Component: ARM Compiler 5.06 update 7 (build 960) Tool: armlink [4d3601]

==============================================================================

Section Cross References

    startup_stm32f10x_md.o(RESET) refers to startup_stm32f10x_md.o(STACK) for __initial_sp
    startup_stm32f10x_md.o(RESET) refers to startup_stm32f10x_md.o(.text) for Reset_Handler
    startup_stm32f10x_md.o(RESET) refers to stm32f10x_it.o(i.NMI_Handler) for NMI_Handler
    startup_stm32f10x_md.o(RESET) refers to stm32f10x_it.o(i.HardFault_Handler) for HardFault_Handler
    startup_stm32f10x_md.o(RESET) refers to stm32f10x_it.o(i.MemManage_Handler) for MemManage_Handler
    startup_stm32f10x_md.o(RESET) refers to stm32f10x_it.o(i.BusFault_Handler) for BusFault_Handler
    startup_stm32f10x_md.o(RESET) refers to stm32f10x_it.o(i.UsageFault_Handler) for UsageFault_Handler
    startup_stm32f10x_md.o(RESET) refers to stm32f10x_it.o(i.SVC_Handler) for SVC_Handler
    startup_stm32f10x_md.o(RESET) refers to stm32f10x_it.o(i.DebugMon_Handler) for DebugMon_Handler
    startup_stm32f10x_md.o(RESET) refers to stm32f10x_it.o(i.PendSV_Handler) for PendSV_Handler
    startup_stm32f10x_md.o(RESET) refers to stm32f10x_it.o(i.SysTick_Handler) for SysTick_Handler
    startup_stm32f10x_md.o(RESET) refers to touch_key.o(i.EXTI0_IRQHandler) for EXTI0_IRQHandler
    startup_stm32f10x_md.o(RESET) refers to touch_key.o(i.EXTI2_IRQHandler) for EXTI2_IRQHandler
    startup_stm32f10x_md.o(RESET) refers to touch_key.o(i.EXTI3_IRQHandler) for EXTI3_IRQHandler
    startup_stm32f10x_md.o(RESET) refers to atk_mb026_uart.o(i.TIM3_IRQHandler) for TIM3_IRQHandler
    startup_stm32f10x_md.o(RESET) refers to usart.o(i.USART1_IRQHandler) for USART1_IRQHandler
    startup_stm32f10x_md.o(RESET) refers to atk_mb026_uart.o(i.USART2_IRQHandler) for USART2_IRQHandler
    startup_stm32f10x_md.o(.text) refers to system_stm32f10x.o(i.SystemInit) for SystemInit
    startup_stm32f10x_md.o(.text) refers to entry.o(.ARM.Collect$$$$00000000) for __main
    system_stm32f10x.o(i.SetSysClock) refers to system_stm32f10x.o(i.SetSysClockTo72) for SetSysClockTo72
    system_stm32f10x.o(i.SystemCoreClockUpdate) refers to system_stm32f10x.o(.data) for SystemCoreClock
    system_stm32f10x.o(i.SystemInit) refers to system_stm32f10x.o(i.SetSysClock) for SetSysClock
    stm32f10x_adc.o(i.ADC_DeInit) refers to stm32f10x_rcc.o(i.RCC_APB2PeriphResetCmd) for RCC_APB2PeriphResetCmd
    stm32f10x_bkp.o(i.BKP_DeInit) refers to stm32f10x_rcc.o(i.RCC_BackupResetCmd) for RCC_BackupResetCmd
    stm32f10x_can.o(i.CAN_DeInit) refers to stm32f10x_rcc.o(i.RCC_APB1PeriphResetCmd) for RCC_APB1PeriphResetCmd
    stm32f10x_can.o(i.CAN_GetITStatus) refers to stm32f10x_can.o(i.CheckITStatus) for CheckITStatus
    stm32f10x_cec.o(i.CEC_DeInit) refers to stm32f10x_rcc.o(i.RCC_APB1PeriphResetCmd) for RCC_APB1PeriphResetCmd
    stm32f10x_dac.o(i.DAC_DeInit) refers to stm32f10x_rcc.o(i.RCC_APB1PeriphResetCmd) for RCC_APB1PeriphResetCmd
    stm32f10x_flash.o(i.FLASH_EnableWriteProtection) refers to stm32f10x_flash.o(i.FLASH_WaitForLastOperation) for FLASH_WaitForLastOperation
    stm32f10x_flash.o(i.FLASH_EraseAllBank1Pages) refers to stm32f10x_flash.o(i.FLASH_WaitForLastBank1Operation) for FLASH_WaitForLastBank1Operation
    stm32f10x_flash.o(i.FLASH_EraseAllPages) refers to stm32f10x_flash.o(i.FLASH_WaitForLastOperation) for FLASH_WaitForLastOperation
    stm32f10x_flash.o(i.FLASH_EraseOptionBytes) refers to stm32f10x_flash.o(i.FLASH_GetReadOutProtectionStatus) for FLASH_GetReadOutProtectionStatus
    stm32f10x_flash.o(i.FLASH_EraseOptionBytes) refers to stm32f10x_flash.o(i.FLASH_WaitForLastOperation) for FLASH_WaitForLastOperation
    stm32f10x_flash.o(i.FLASH_ErasePage) refers to stm32f10x_flash.o(i.FLASH_WaitForLastOperation) for FLASH_WaitForLastOperation
    stm32f10x_flash.o(i.FLASH_ProgramHalfWord) refers to stm32f10x_flash.o(i.FLASH_WaitForLastOperation) for FLASH_WaitForLastOperation
    stm32f10x_flash.o(i.FLASH_ProgramOptionByteData) refers to stm32f10x_flash.o(i.FLASH_WaitForLastOperation) for FLASH_WaitForLastOperation
    stm32f10x_flash.o(i.FLASH_ProgramWord) refers to stm32f10x_flash.o(i.FLASH_WaitForLastOperation) for FLASH_WaitForLastOperation
    stm32f10x_flash.o(i.FLASH_ReadOutProtection) refers to stm32f10x_flash.o(i.FLASH_WaitForLastOperation) for FLASH_WaitForLastOperation
    stm32f10x_flash.o(i.FLASH_UserOptionByteConfig) refers to stm32f10x_flash.o(i.FLASH_WaitForLastOperation) for FLASH_WaitForLastOperation
    stm32f10x_flash.o(i.FLASH_WaitForLastBank1Operation) refers to stm32f10x_flash.o(i.FLASH_GetBank1Status) for FLASH_GetBank1Status
    stm32f10x_flash.o(i.FLASH_WaitForLastOperation) refers to stm32f10x_flash.o(i.FLASH_GetBank1Status) for FLASH_GetBank1Status
    stm32f10x_gpio.o(i.GPIO_AFIODeInit) refers to stm32f10x_rcc.o(i.RCC_APB2PeriphResetCmd) for RCC_APB2PeriphResetCmd
[...]
    Removing stm32f10x_usart.o(i.USART_StructInit), (24 bytes).
    Removing stm32f10x_usart.o(i.USART_WakeUpConfig), (18 bytes).
    Removing stm32f10x_wwdg.o(i.WWDG_ClearFlag), (12 bytes).
    Removing stm32f10x_wwdg.o(i.WWDG_DeInit), (22 bytes).
    Removing stm32f10x_wwdg.o(i.WWDG_Enable), (16 bytes).
    Removing stm32f10x_wwdg.o(i.WWDG_EnableIT), (12 bytes).
    Removing stm32f10x_wwdg.o(i.WWDG_GetFlagStatus), (12 bytes).
    Removing stm32f10x_wwdg.o(i.WWDG_SetCounter), (16 bytes).
    Removing stm32f10x_wwdg.o(i.WWDG_SetPrescaler), (24 bytes).
    Removing stm32f10x_wwdg.o(i.WWDG_SetWindowValue), (40 bytes).
    Removing delay.o(i.Delay_ms), (24 bytes).
    Removing delay.o(i.Delay_s), (24 bytes).
    Removing delay.o(i.Delay_us), (46 bytes).
    Removing delay.o(i.delay_us), (76 bytes).
    Removing timer.o(i.Timer_Init), (122 bytes).
    Removing sys.o(i.NVIC_Configuration), (12 bytes).
    Removing sys.o(i.sys_intx_disable), (4 bytes).
    Removing sys.o(i.sys_intx_enable), (4 bytes).
    Removing sys.o(i.sys_msr_msp), (12 bytes).
    Removing sys.o(i.sys_nvic_set_vector_table), (16 bytes).
    Removing sys.o(i.sys_soft_reset), (40 bytes).
    Removing sys.o(i.sys_standby), (22 bytes).
    Removing sys.o(i.sys_stm32_clock_init), (108 bytes).
    Removing sys.o(i.sys_wfi_set), (4 bytes).
    Removing i2c.o(i.I2C_Configuration), (80 bytes).
    Removing i2c.o(i.I2C_GPIO_Init), (36 bytes).
    Removing i2c.o(i.I2C_READ_BUFFER), (232 bytes).
    Removing i2c.o(i.I2C_READ_BYTE), (188 bytes).
    Removing i2c.o(i.I2C_SAND_BUFFER), (160 bytes).
    Removing i2c.o(i.I2C_SAND_BYTE), (124 bytes).
    Removing usart.o(i._sys_command_string), (6 bytes).
    Removing usart.o(i._sys_exit), (4 bytes).
    Removing usart.o(i._ttywrch), (4 bytes).
    Removing myiic.o(i.iic_ack), (64 bytes).
    Removing myiic.o(i.iic_delay), (10 bytes).
    Removing myiic.o(i.iic_init), (84 bytes).
    Removing myiic.o(i.iic_nack), (52 bytes).
    Removing myiic.o(i.iic_read_byte), (84 bytes).
    Removing myiic.o(i.iic_send_byte), (76 bytes).
    Removing myiic.o(i.iic_start), (60 bytes).
    Removing myiic.o(i.iic_stop), (52 bytes).
    Removing myiic.o(i.iic_wait_ack), (88 bytes).
    Removing led.o(i.LED1_OFF), (20 bytes).
    Removing led.o(i.LED1_ON), (20 bytes).
    Removing led.o(i.LED1_Turn), (44 bytes).
    Removing led.o(i.LED2_OFF), (20 bytes).
    Removing led.o(i.LED2_ON), (20 bytes).
    Removing led.o(i.LED2_Turn), (44 bytes).
    Removing key.o(i.key_init), (72 bytes).
    Removing key.o(i.key_scan), (144 bytes).
    Removing key.o(.data), (1 bytes).
    Removing oled.o(i.OLED_Pow), (20 bytes).
    Removing oled.o(i.OLED_ShowBinNum), (62 bytes).
    Removing oled.o(i.OLED_ShowHexNum), (84 bytes).
    Removing oled.o(i.OLED_ShowNum), (68 bytes).
    Removing oled.o(i.OLED_ShowSignedNum), (102 bytes).
    Removing serial.o(i.Serial_Init), (184 bytes).
    Removing serial.o(i.Serial_Pow), (20 bytes).
    Removing serial.o(i.Serial_SendArray), (26 bytes).
    Removing serial.o(i.Serial_SendByte), (32 bytes).
    Removing serial.o(i.Serial_SendNumber), (58 bytes).
    Removing serial.o(i.Serial_SendString), (26 bytes).
    Removing serial.o(.bss), (100 bytes).
    Removing serial.o(.data), (1 bytes).
    Removing ad.o(i.ADC_Configuration), (168 bytes).
    Removing ad.o(i.ADC_DMA_Init), (88 bytes).
    Removing ad.o(i.ADC_GPIO_Init), (44 bytes).
    Removing ad.o(.data), (8 bytes).
    Removing lm75a.o(i.LM75A_GetTemp), (176 bytes).
    Removing lm75a.o(i.LM75A_POWERDOWN), (14 bytes).
    Removing oled0561.o(i.OLED0561_Init), (16 bytes).
    Removing oled0561.o(i.OLED_DISPLAY_8x16), (128 bytes).
    Removing oled0561.o(i.OLED_DISPLAY_8x16_BUFFER), (36 bytes).
    Removing oled0561.o(i.OLED_DISPLAY_CLEAR), (68 bytes).
    Removing oled0561.o(i.OLED_DISPLAY_LIT), (26 bytes).
    Removing oled0561.o(i.OLED_DISPLAY_OFF), (28 bytes).
    Removing oled0561.o(i.OLED_DISPLAY_ON), (60 bytes).
    Removing oled0561.o(i.OLED_SCROLL_LEFT), (180 bytes).
    Removing oled0561.o(i.OLED_SCROLL_RIGHT), (144 bytes).
    Removing oled0561.o(i.OLED_SCROLL_STOP), (16 bytes).
    Removing oled0561.o(.constdata), (1536 bytes).
    Removing dht11.o(i.DHT11_Check), (100 bytes).
    Removing dht11.o(i.DHT11_Init), (60 bytes).
    Removing dht11.o(i.DHT11_Read_Bit), (76 bytes).
    Removing dht11.o(i.DHT11_Read_Byte), (30 bytes).
    Removing dht11.o(i.DHT11_Read_Data), (88 bytes).
    Removing dht11.o(i.DHT11_Rst), (64 bytes).
    Removing pwm.o(i.PWM2_Init), (148 bytes).
    Removing pwm.o(i.PWM_Init), (152 bytes).
    Removing pwm.o(i.PWM_SetCompare1), (16 bytes).
    Removing pwm.o(i.PWM_SetCompare3), (20 bytes).
    Removing servo.o(i.Servo_Init), (8 bytes).
    Removing servo.o(i.Servo_SetAngle), (192 bytes).
    Removing motor.o(i.GPIO_Configuration), (56 bytes).
    Removing motor.o(i.IO_control), (44 bytes).
    Removing motor.o(i.Motor_Init), (48 bytes).
    Removing motor.o(i.Motor_SetSpeed), (64 bytes).
    Removing atk_oled.o(i.atk_oled_clear), (48 bytes).
    Removing atk_oled.o(i.atk_oled_display_off), (12 bytes).
    Removing atk_oled.o(i.atk_oled_display_on), (12 bytes).
    Removing atk_oled.o(i.atk_oled_draw_point), (96 bytes).
    Removing atk_oled.o(i.atk_oled_fill), (58 bytes).
    Removing atk_oled.o(i.atk_oled_init), (212 bytes).
    Removing atk_oled.o(i.atk_oled_pow), (22 bytes).
    Removing atk_oled.o(i.atk_oled_refresh_gram), (76 bytes).
    Removing atk_oled.o(i.atk_oled_show_char), (272 bytes).
    Removing atk_oled.o(i.atk_oled_show_num), (148 bytes).
    Removing atk_oled.o(i.atk_oled_show_string), (94 bytes).
    Removing atk_oled.o(i.atk_oled_wr_byte), (56 bytes).
    Removing atk_oled.o(.bss), (1024 bytes).
    Removing atk_oled.o(.constdata), (6080 bytes).
    Removing atk_mb026.o(i.atk_mb026_advstart), (48 bytes).
    Removing atk_mb026.o(i.atk_mb026_at_sysmsg), (124 bytes).
    Removing atk_mb026.o(i.atk_mb026_ate_config), (80 bytes).
    Removing atk_mb026.o(i.atk_mb026_ble_gatts), (52 bytes).
    Removing atk_mb026.o(i.atk_mb026_ble_gattssrvstart), (52 bytes).
    Removing atk_mb026.o(i.atk_mb026_ble_init), (136 bytes).
    Removing atk_mb026.o(i.atk_mb026_connect_atkcld), (88 bytes).
    Removing atk_mb026.o(i.atk_mb026_connect_atknewcld), (92 bytes).
    Removing atk_mb026.o(i.atk_mb026_disconnect_atkcld), (64 bytes).
    Removing atk_mb026.o(i.atk_mb026_enter_unvarnished), (760 bytes).
    Removing atk_mb026.o(i.atk_mb026_exit_unvarnished), (16 bytes).
    Removing atk_mb026.o(i.atk_mb026_get_addr), (96 bytes).
    Removing atk_mb026.o(i.atk_mb026_get_advparam), (100 bytes).
    Removing atk_mb026.o(i.atk_mb026_get_conn_sta), (112 bytes).
    Removing atk_mb026.o(i.atk_mb026_lespp), (44 bytes).
    Removing atk_mb026.o(i.atk_mb026_restore), (48 bytes).
    Removing atk_mb026.o(i.atk_mb026_set_addr), (100 bytes).
    Removing atk_mb026.o(i.atk_mb026_set_advdata), (68 bytes).
    Removing atk_mb026.o(i.atk_mb026_set_advdataex), (112 bytes).
    Removing atk_mb026.o(i.atk_mb026_set_advparam), (112 bytes).
    Removing atk_mb026.o(i.atk_mb026_set_mode), (124 bytes).
    Removing atk_mb026.o(i.atk_mb026_set_sppcfg), (104 bytes).
    Removing atk_mb026.o(i.atk_mb026_sw_reset), (48 bytes).
    Removing atk_mb026_uart.o(i.usart2_send_data), (76 bytes).
    Removing atk_mb026_receiver.o(i.atk_mb026_receive_handler), (1664 bytes).
    Removing atk_mb026_receiver.o(i.atk_mb026_receiver_init), (52 bytes).
    Removing atk_mb026_receiver.o(i.atk_mb026_receiver_process), (104 bytes).
    Removing atk_mb026_receiver.o(i.atk_mb026_receiver_set_callback), (12 bytes).
    Removing atk_mb026_receiver.o(i.extract_json_fields), (1080 bytes).
    Removing atk_mb026_receiver.o(i.send_response), (52 bytes).
    Removing atk_mb026_receiver.o(.conststring), (164 bytes).
    Removing atk_mb026_receiver.o(.data), (4 bytes).
    Removing relay.o(i.RELAY_1), (68 bytes).
    Removing touch_key.o(.data), (1 bytes).
    Removing serial2.o(i.Serial2_Init), (2 bytes).
    Removing serial2.o(i.Serial2_Pow), (20 bytes).
    Removing serial2.o(i.Serial2_SendArray), (16 bytes).
    Removing serial2.o(i.Serial2_SendByte), (16 bytes).
    Removing serial2.o(i.Serial2_SendNumber), (58 bytes).
    Removing serial2.o(i.Serial2_SendString), (26 bytes).
    Removing serial2.o(.bss), (100 bytes).
    Removing serial2.o(.data), (1 bytes).
    Removing rs485.o(i.RS485_Init), (64 bytes).
    Removing rs485.o(i.RS485_SendHex), (72 bytes).
    Removing rs485.o(i.RS485_printf), (112 bytes).
    Removing rs485.o(i.USART3_Init), (168 bytes).
    Removing rs485.o(.bss), (64 bytes).
    Removing rs485.o(.data), (2 bytes).
    Removing soilsensor.o(i.SoilSensor_CalculateCRC16), (58 bytes).
    Removing soilsensor.o(i.SoilSensor_ReadData), (344 bytes).
    Removing soilsensor.o(i.SoilSensor_VerifyCRC16), (50 bytes).
    Removing demo.o(i.demo_key0_fun), (116 bytes).
    Removing demo.o(i.demo_keywkup_fun), (648 bytes).
    Removing demo.o(i.demo_run), (1204 bytes).
    Removing demo.o(i.demo_show_ip), (28 bytes).
    Removing demo.o(i.demo_upload_data), (36 bytes).
    Removing demo.o(.conststring), (176 bytes).
    Removing demo.o(.data), (12 bytes).
    Removing fadd.o(.text), (176 bytes).
    Removing fmul.o(.text), (100 bytes).
    Removing fdiv.o(.text), (124 bytes).
    Removing fflti.o(.text), (18 bytes).
    Removing ffltui.o(.text), (10 bytes).
    Removing dfltui.o(.text), (26 bytes).
    Removing ffixui.o(.text), (40 bytes).
    Removing f2d.o(.text), (38 bytes).
    Removing d2f.o(.text), (56 bytes).
    Removing cfcmple.o(.text), (20 bytes).
    Removing cfrcmple.o(.text), (20 bytes).
    Removing fepilogue.o(.text), (110 bytes).
    Removing dfltul.o(.text), (24 bytes).

619 unused section(s) (total 43250 bytes) removed from the image.

==============================================================================

Image Symbol Table

    Local Symbols

    Symbol Name                              Value     Ov Type        Size  Object(Section)

    ../clib/microlib/ctype/ctype.c           0x00000000   Number         0  isblank_o.o ABSOLUTE
    ../clib/microlib/ctype/ctype.c           0x00000000   Number         0  isdigit_o.o ABSOLUTE
    ../clib/microlib/ctype/ctype.c           0x00000000   Number         0  isxdigit_o.o ABSOLUTE
    ../clib/microlib/ctype/ctype.c           0x00000000   Number         0  isupper_o.o ABSOLUTE
    ../clib/microlib/ctype/ctype.c           0x00000000   Number         0  isspace_o.o ABSOLUTE
    ../clib/microlib/ctype/ctype.c           0x00000000   Number         0  ispunct_o.o ABSOLUTE
    ../clib/microlib/ctype/ctype.c           0x00000000   Number         0  ctype_o.o ABSOLUTE
    ../clib/microlib/ctype/ctype.c           0x00000000   Number         0  isalnum_o.o ABSOLUTE
    ../clib/microlib/ctype/ctype.c           0x00000000   Number         0  iscntrl_o.o ABSOLUTE
    ../clib/microlib/ctype/ctype.c           0x00000000   Number         0  isalpha_o.o ABSOLUTE
    ../clib/microlib/ctype/ctype.c           0x00000000   Number         0  isprint_o.o ABSOLUTE
    ../clib/microlib/ctype/ctype.c           0x00000000   Number         0  ctype_c.o ABSOLUTE
    ../clib/microlib/ctype/ctype.c           0x00000000   Number         0  isgraph_o.o ABSOLUTE
    ../clib/microlib/ctype/ctype.c           0x00000000   Number         0  islower_o.o ABSOLUTE
    ../clib/microlib/ctype/ctype.c           0x00000000   Number         0  isspace_c.o ABSOLUTE
    ../clib/microlib/division.c              0x00000000   Number         0  uldiv.o ABSOLUTE
    ../clib/microlib/division.c              0x00000000   Number         0  uidiv.o ABSOLUTE
    ../clib/microlib/errno.c                 0x00000000   Number         0  errno.o ABSOLUTE
    ../clib/microlib/init/entry.s            0x00000000   Number         0  entry8a.o ABSOLUTE
    ../clib/microlib/init/entry.s            0x00000000   Number         0  entry7b.o ABSOLUTE
    ../clib/microlib/init/entry.s            0x00000000   Number         0  entry7a.o ABSOLUTE
    ../clib/microlib/init/entry.s            0x00000000   Number         0  entry9a.o ABSOLUTE
    ../clib/microlib/init/entry.s            0x00000000   Number         0  entry12a.o ABSOLUTE
    ../clib/microlib/init/entry.s            0x00000000   Number         0  entry11b.o ABSOLUTE
    ../clib/microlib/init/entry.s            0x00000000   Number         0  entry8b.o ABSOLUTE
    ../clib/microlib/init/entry.s            0x00000000   Number         0  entry11a.o ABSOLUTE
    ../clib/microlib/init/entry.s            0x00000000   Number         0  entry.o ABSOLUTE
    ../clib/microlib/init/entry.s            0x00000000   Number         0  entry2.o ABSOLUTE
    ../clib/microlib/init/entry.s            0x00000000   Number         0  entry5.o ABSOLUTE
    ../clib/microlib/init/entry.s            0x00000000   Number         0  entry10b.o ABSOLUTE
    ../clib/microlib/init/entry.s            0x00000000   Number         0  entry12b.o ABSOLUTE
    ../clib/microlib/init/entry.s            0x00000000   Number         0  entry9b.o ABSOLUTE
    ../clib/microlib/init/entry.s            0x00000000   Number         0  entry10a.o ABSOLUTE
    ../clib/microlib/longlong.c              0x00000000   Number         0  llushr.o ABSOLUTE
    ../clib/microlib/longlong.c              0x00000000   Number         0  llsshr.o ABSOLUTE
    ../clib/microlib/longlong.c              0x00000000   Number         0  llshl.o ABSOLUTE
    ../clib/microlib/printf/printf.c         0x00000000   Number         0  printf1.o ABSOLUTE
    ../clib/microlib/printf/printf.c         0x00000000   Number         0  printf6.o ABSOLUTE
    ../clib/microlib/printf/printf.c         0x00000000   Number         0  printf7.o ABSOLUTE
    ../clib/microlib/printf/printf.c         0x00000000   Number         0  printf8.o ABSOLUTE
    ../clib/microlib/printf/printf.c         0x00000000   Number         0  printfa.o ABSOLUTE
    ../clib/microlib/printf/printf.c         0x00000000   Number         0  printf3.o ABSOLUTE
    ../clib/microlib/printf/printf.c         0x00000000   Number         0  printf5.o ABSOLUTE
    ../clib/microlib/printf/printf.c         0x00000000   Number         0  printf4.o ABSOLUTE
    ../clib/microlib/printf/printf.c         0x00000000   Number         0  printf2.o ABSOLUTE
    ../clib/microlib/printf/printf.c         0x00000000   Number         0  printf0.o ABSOLUTE
    ../clib/microlib/printf/printf.c         0x00000000   Number         0  printfb.o ABSOLUTE
    ../clib/microlib/printf/stubs.s          0x00000000   Number         0  stubs.o ABSOLUTE
    ../clib/microlib/string/memcpy.c         0x00000000   Number         0  memcpya.o ABSOLUTE
    ../clib/microlib/string/memcpy.c         0x00000000   Number         0  memcpyb.o ABSOLUTE
    ../clib/microlib/string/memset.c         0x00000000   Number         0  memseta.o ABSOLUTE
    ../clib/microlib/string/strchr.c         0x00000000   Number         0  strchr.o ABSOLUTE
    ../clib/microlib/string/strcmp.c         0x00000000   Number         0  strcmp.o ABSOLUTE
    ../clib/microlib/string/strcpy.c         0x00000000   Number         0  strcpy.o ABSOLUTE
    ../clib/microlib/string/strlen.c         0x00000000   Number         0  strlen.o ABSOLUTE
    ../clib/microlib/string/strncpy.c        0x00000000   Number         0  strncpy.o ABSOLUTE
    ../clib/microlib/string/strstr.c         0x00000000   Number         0  strstr.o ABSOLUTE
    ../clib/microlib/stubs.s                 0x00000000   Number         0  iusefp.o ABSOLUTE
    ../clib/microlib/stubs.s                 0x00000000   Number         0  useno.o ABSOLUTE
    ../clib/scanf.c                          0x00000000   Number         0  scanf_fp.o ABSOLUTE
    ../clib/scanf.c                          0x00000000   Number         0  _chval.o ABSOLUTE
    ../clib/scanf.c                          0x00000000   Number         0  _strtoul.o ABSOLUTE
    ../clib/scanf.c                          0x00000000   Number         0  scanf_char.o ABSOLUTE
    ../clib/scanf.c                          0x00000000   Number         0  _sgetc.o ABSOLUTE
    ../clib/scanf.c                          0x00000000   Number         0  strtod.o ABSOLUTE
    ../clib/scanf.c                          0x00000000   Number         0  strtol.o ABSOLUTE
    ../clib/scanf.c                          0x00000000   Number         0  atoi.o ABSOLUTE
    ../clib/scanf.c                          0x00000000   Number         0  _scanf_str.o ABSOLUTE
    ../clib/scanf.c                          0x00000000   Number         0  _scanf.o ABSOLUTE
    ../clib/scanf.c                          0x00000000   Number         0  _scanf_int.o ABSOLUTE
    ../clib/scanf.c                          0x00000000   Number         0  __0sscanf.o ABSOLUTE
    ../fplib/microlib/d2f.c                  0x00000000   Number         0  d2f.o ABSOLUTE
    ../fplib/microlib/f2d.c                  0x00000000   Number         0  f2d.o ABSOLUTE
    ../fplib/microlib/fpadd.c                0x00000000   Number         0  dadd.o ABSOLUTE
    ../fplib/microlib/fpadd.c                0x00000000   Number         0  fadd.o ABSOLUTE
    ../fplib/microlib/fpdiv.c                0x00000000   Number         0  ddiv.o ABSOLUTE
    ../fplib/microlib/fpdiv.c                0x00000000   Number         0  fdiv.o ABSOLUTE
    ../fplib/microlib/fpepilogue.c           0x00000000   Number         0  depilogue.o ABSOLUTE
    ../fplib/microlib/fpepilogue.c           0x00000000   Number         0  fepilogue.o ABSOLUTE
    ../fplib/microlib/fpfix.c                0x00000000   Number         0  ffixui.o ABSOLUTE
    ../fplib/microlib/fpfix.c                0x00000000   Number         0  dfixul.o ABSOLUTE
    ../fplib/microlib/fpflt.c                0x00000000   Number         0  fflti.o ABSOLUTE
    ../fplib/microlib/fpflt.c                0x00000000   Number         0  dfltui.o ABSOLUTE
    ../fplib/microlib/fpflt.c                0x00000000   Number         0  ffltui.o ABSOLUTE
    ../fplib/microlib/fpflt.c                0x00000000   Number         0  dfltul.o ABSOLUTE
    ../fplib/microlib/fpmul.c                0x00000000   Number         0  fmul.o ABSOLUTE
    ../fplib/microlib/fpmul.c                0x00000000   Number         0  dmul.o ABSOLUTE
    ../mathlib/atof.c                        0x00000000   Number         0  atof.o ABSOLUTE
    Hardware\AD.c                            0x00000000   Number         0  ad.o ABSOLUTE
    Hardware\Key.c                           0x00000000   Number         0  key.o ABSOLUTE
    Hardware\LED.c                           0x00000000   Number         0  led.o ABSOLUTE
    Hardware\Motor.c                         0x00000000   Number         0  motor.o ABSOLUTE
    Hardware\OLED.c                          0x00000000   Number         0  oled.o ABSOLUTE
    Hardware\PWM.c                           0x00000000   Number         0  pwm.o ABSOLUTE
    Hardware\RELAY\relay.c                   0x00000000   Number         0  relay.o ABSOLUTE
    Hardware\RS485.c                         0x00000000   Number         0  rs485.o ABSOLUTE
    Hardware\Serial.c                        0x00000000   Number         0  serial.o ABSOLUTE
    Hardware\Serial2.c                       0x00000000   Number         0  serial2.o ABSOLUTE
    Hardware\Servo.c                         0x00000000   Number         0  servo.o ABSOLUTE
    Hardware\SoilSensor.c                    0x00000000   Number         0  soilsensor.o ABSOLUTE
    Hardware\TOUCH_KEY\touch_key.c           0x00000000   Number         0  touch_key.o ABSOLUTE
    Hardware\atk_mb026.c                     0x00000000   Number         0  atk_mb026.o ABSOLUTE
    Hardware\atk_mb026_receiver.c            0x00000000   Number         0  atk_mb026_receiver.o ABSOLUTE
    Hardware\atk_mb026_uart.c                0x00000000   Number         0  atk_mb026_uart.o ABSOLUTE
    Hardware\atk_oled.c                      0x00000000   Number         0  atk_oled.o ABSOLUTE
    Hardware\dht11.c                         0x00000000   Number         0  dht11.o ABSOLUTE
    Hardware\lm75a.c                         0x00000000   Number         0  lm75a.o ABSOLUTE
    Hardware\oled0561.c                      0x00000000   Number         0  oled0561.o ABSOLUTE
    Library\misc.c                           0x00000000   Number         0  misc.o ABSOLUTE
    Library\stm32f10x_adc.c                  0x00000000   Number         0  stm32f10x_adc.o ABSOLUTE
    Library\stm32f10x_bkp.c                  0x00000000   Number         0  stm32f10x_bkp.o ABSOLUTE
    Library\stm32f10x_can.c                  0x00000000   Number         0  stm32f10x_can.o ABSOLUTE
    Library\stm32f10x_cec.c                  0x00000000   Number         0  stm32f10x_cec.o ABSOLUTE
    Library\stm32f10x_crc.c                  0x00000000   Number         0  stm32f10x_crc.o ABSOLUTE
    Library\stm32f10x_dac.c                  0x00000000   Number         0  stm32f10x_dac.o ABSOLUTE
    Library\stm32f10x_dbgmcu.c               0x00000000   Number         0  stm32f10x_dbgmcu.o ABSOLUTE
    Library\stm32f10x_dma.c                  0x00000000   Number         0  stm32f10x_dma.o ABSOLUTE
    Library\stm32f10x_exti.c                 0x00000000   Number         0  stm32f10x_exti.o ABSOLUTE
    Library\stm32f10x_flash.c                0x00000000   Number         0  stm32f10x_flash.o ABSOLUTE
    Library\stm32f10x_fsmc.c                 0x00000000   Number         0  stm32f10x_fsmc.o ABSOLUTE
    Library\stm32f10x_gpio.c                 0x00000000   Number         0  stm32f10x_gpio.o ABSOLUTE
    Library\stm32f10x_i2c.c                  0x00000000   Number         0  stm32f10x_i2c.o ABSOLUTE
    Library\stm32f10x_iwdg.c                 0x00000000   Number         0  stm32f10x_iwdg.o ABSOLUTE
    Library\stm32f10x_pwr.c                  0x00000000   Number         0  stm32f10x_pwr.o ABSOLUTE
    Library\stm32f10x_rcc.c                  0x00000000   Number         0  stm32f10x_rcc.o ABSOLUTE
    Library\stm32f10x_rtc.c                  0x00000000   Number         0  stm32f10x_rtc.o ABSOLUTE
    Library\stm32f10x_sdio.c                 0x00000000   Number         0  stm32f10x_sdio.o ABSOLUTE
    Library\stm32f10x_spi.c                  0x00000000   Number         0  stm32f10x_spi.o ABSOLUTE
    Library\stm32f10x_tim.c                  0x00000000   Number         0  stm32f10x_tim.o ABSOLUTE
    Library\stm32f10x_usart.c                0x00000000   Number         0  stm32f10x_usart.o ABSOLUTE
    Library\stm32f10x_wwdg.c                 0x00000000   Number         0  stm32f10x_wwdg.o ABSOLUTE
    Start\\core_cm3.c                        0x00000000   Number         0  core_cm3.o ABSOLUTE
    Start\core_cm3.c                         0x00000000   Number         0  core_cm3.o ABSOLUTE
    Start\startup_stm32f10x_md.s             0x00000000   Number         0  startup_stm32f10x_md.o ABSOLUTE
    Start\system_stm32f10x.c                 0x00000000   Number         0  system_stm32f10x.o ABSOLUTE
    System\Delay.c                           0x00000000   Number         0  delay.o ABSOLUTE
    System\Timer.c                           0x00000000   Number         0  timer.o ABSOLUTE
    System\i2c.c                             0x00000000   Number         0  i2c.o ABSOLUTE
    System\myiic.c                           0x00000000   Number         0  myiic.o ABSOLUTE
    System\sys.c                             0x00000000   Number         0  sys.o ABSOLUTE
    System\usart.c                           0x00000000   Number         0  usart.o ABSOLUTE
    User\demo.c                              0x00000000   Number         0  demo.o ABSOLUTE
    User\main.c                              0x00000000   Number         0  main.o ABSOLUTE
    User\stm32f10x_it.c                      0x00000000   Number         0  stm32f10x_it.o ABSOLUTE
    cdrcmple.s                               0x00000000   Number         0  cdrcmple.o ABSOLUTE
    cfcmple.s                                0x00000000   Number         0  cfcmple.o ABSOLUTE
    cfrcmple.s                               0x00000000   Number         0  cfrcmple.o ABSOLUTE
    dc.s                                     0x00000000   Number         0  dc.o ABSOLUTE
    handlers.s                               0x00000000   Number         0  handlers.o ABSOLUTE
    init.s                                   0x00000000   Number         0  init.o ABSOLUTE
    RESET                                    0x08000000   Section      236  startup_stm32f10x_md.o(RESET)
    .ARM.Collect$$$$00000000                 0x080000ec   Section        0  entry.o(.ARM.Collect$$$$00000000)
    .ARM.Collect$$$$00000001                 0x080000ec   Section        4  entry2.o(.ARM.Collect$$$$00000001)
    .ARM.Collect$$$$00000004                 0x080000f0   Section        4  entry5.o(.ARM.Collect$$$$00000004)
    .ARM.Collect$$$$00000008                 0x080000f4   Section        0  entry7b.o(.ARM.Collect$$$$00000008)
    .ARM.Collect$$$$0000000A                 0x080000f4   Section        0  entry8b.o(.ARM.Collect$$$$0000000A)
    .ARM.Collect$$$$0000000B                 0x080000f4   Section        8  entry9a.o(.ARM.Collect$$$$0000000B)
    .ARM.Collect$$$$0000000E                 0x080000fc   Section        4  entry12b.o(.ARM.Collect$$$$0000000E)
    .ARM.Collect$$$$0000000F                 0x08000100   Section        0  entry10a.o(.ARM.Collect$$$$0000000F)
    .ARM.Collect$$$$00000011                 0x08000100   Section        0  entry11a.o(.ARM.Collect$$$$00000011)
    .ARM.Collect$$$$00002712                 0x08000100   Section        4  entry2.o(.ARM.Collect$$$$00002712)
    __lit__00000000                          0x08000100   Data           4  entry2.o(.ARM.Collect$$$$00002712)
    .text                                    0x08000104   Section       36  startup_stm32f10x_md.o(.text)
    .text                                    0x08000128   Section        0  memseta.o(.text)
    .text                                    0x0800014c   Section        0  strstr.o(.text)
    .text                                    0x08000170   Section        0  strlen.o(.text)
    .text                                    0x08000180   Section        0  __0sscanf.o(.text)
    .text                                    0x080001b8   Section        0  _scanf_int.o(.text)
    .text                                    0x08000304   Section        0  _scanf_str.o(.text)
    .text                                    0x080003e4   Section        0  dadd.o(.text)
    .text                                    0x08000532   Section        0  ddiv.o(.text)
    .text                                    0x08000610   Section        0  uidiv.o(.text)
    .text                                    0x0800063c   Section        0  uldiv.o(.text)
    .text                                    0x0800069e   Section        0  llshl.o(.text)
    .text                                    0x080006bc   Section        0  llsshr.o(.text)
    .text                                    0x080006e0   Section        0  _chval.o(.text)
    .text                                    0x080006fc   Section        0  scanf_char.o(.text)
    _scanf_char_input                        0x080006fd   Thumb Code    12  scanf_char.o(.text)
    .text                                    0x08000724   Section        0  _sgetc.o(.text)
    .text                                    0x08000764   Section        0  depilogue.o(.text)
    .text                                    0x08000764   Section        0  iusefp.o(.text)
    .text                                    0x0800081e   Section        0  dmul.o(.text)
    .text                                    0x08000902   Section        0  dfixul.o(.text)
    .text                                    0x08000934   Section       48  cdrcmple.o(.text)
    .text                                    0x08000964   Section       36  init.o(.text)
    .text                                    0x08000988   Section        0  llushr.o(.text)
    .text                                    0x080009a8   Section        0  ctype_o.o(.text)
    .text                                    0x080009b0   Section        0  isspace_o.o(.text)
    .text                                    0x080009c4   Section        0  _scanf.o(.text)
    i.BusFault_Handler                       0x08000cf4   Section        0  stm32f10x_it.o(i.BusFault_Handler)
    i.DebugMon_Handler                       0x08000cf8   Section        0  stm32f10x_it.o(i.DebugMon_Handler)
    i.EXTI0_IRQHandler                       0x08000cfc   Section        0  touch_key.o(i.EXTI0_IRQHandler)
    i.EXTI2_IRQHandler                       0x08000d78   Section        0  touch_key.o(i.EXTI2_IRQHandler)
    i.EXTI3_IRQHandler                       0x08000e38   Section        0  touch_key.o(i.EXTI3_IRQHandler)
    i.EXTI_ClearITPendingBit                 0x08000ef8   Section        0  stm32f10x_exti.o(i.EXTI_ClearITPendingBit)
    i.EXTI_GetITStatus                       0x08000f04   Section        0  stm32f10x_exti.o(i.EXTI_GetITStatus)
    i.EXTI_Init                              0x08000f2c   Section        0  stm32f10x_exti.o(i.EXTI_Init)
    i.GPIO_EXTILineConfig                    0x08000fc0   Section        0  stm32f10x_gpio.o(i.GPIO_EXTILineConfig)
    i.GPIO_Init                              0x08001000   Section        0  stm32f10x_gpio.o(i.GPIO_Init)
    i.GPIO_PinRemapConfig                    0x08001118   Section        0  stm32f10x_gpio.o(i.GPIO_PinRemapConfig)
    i.GPIO_ReadInputDataBit                  0x080011a8   Section        0  stm32f10x_gpio.o(i.GPIO_ReadInputDataBit)
    i.GPIO_ReadOutputDataBit                 0x080011ba   Section        0  stm32f10x_gpio.o(i.GPIO_ReadOutputDataBit)
    i.GPIO_ResetBits                         0x080011cc   Section        0  stm32f10x_gpio.o(i.GPIO_ResetBits)
    i.GPIO_SetBits                           0x080011d0   Section        0  stm32f10x_gpio.o(i.GPIO_SetBits)
    i.GPIO_WriteBit                          0x080011d4   Section        0  stm32f10x_gpio.o(i.GPIO_WriteBit)
    i.HardFault_Handler                      0x080011de   Section        0  stm32f10x_it.o(i.HardFault_Handler)
    i.LED_Init                               0x080011e4   Section        0  led.o(i.LED_Init)
    i.MemManage_Handler                      0x0800122c   Section        0  stm32f10x_it.o(i.MemManage_Handler)
    i.NMI_Handler                            0x08001230   Section        0  stm32f10x_it.o(i.NMI_Handler)
    i.NVIC_Init                              0x08001234   Section        0  misc.o(i.NVIC_Init)
    i.OLED_Clear                             0x080012a4   Section        0  oled.o(i.OLED_Clear)
    i.OLED_I2C_Init                          0x080012d0   Section        0  oled.o(i.OLED_I2C_Init)
    i.OLED_I2C_SendByte                      0x0800131c   Section        0  oled.o(i.OLED_I2C_SendByte)
    i.OLED_I2C_Start                         0x0800136c   Section        0  oled.o(i.OLED_I2C_Start)
    i.OLED_I2C_Stop                          0x0800139c   Section        0  oled.o(i.OLED_I2C_Stop)
    i.OLED_Init                              0x080013c4   Section        0  oled.o(i.OLED_Init)
    i.OLED_SetCursor                         0x08001472   Section        0  oled.o(i.OLED_SetCursor)
    i.OLED_ShowChar                          0x08001494   Section        0  oled.o(i.OLED_ShowChar)
    i.OLED_ShowString                        0x08001508   Section        0  oled.o(i.OLED_ShowString)
    i.OLED_WriteCommand                      0x08001530   Section        0  oled.o(i.OLED_WriteCommand)
    i.OLED_WriteData                         0x08001550   Section        0  oled.o(i.OLED_WriteData)
    i.PendSV_Handler                         0x08001570   Section        0  stm32f10x_it.o(i.PendSV_Handler)
    i.RCC_APB1PeriphClockCmd                 0x08001574   Section        0  stm32f10x_rcc.o(i.RCC_APB1PeriphClockCmd)
    i.RCC_APB2PeriphClockCmd                 0x08001594   Section        0  stm32f10x_rcc.o(i.RCC_APB2PeriphClockCmd)
    i.RCC_GetClocksFreq                      0x080015b4   Section        0  stm32f10x_rcc.o(i.RCC_GetClocksFreq)
    i.RELAY_2                                0x08001688   Section        0  relay.o(i.RELAY_2)
    i.RELAY_Init                             0x08001708   Section        0  relay.o(i.RELAY_Init)
    i.SVC_Handler                            0x0800174c   Section        0  stm32f10x_it.o(i.SVC_Handler)
    i.Serial2_ProcessResponse                0x08001750   Section        0  serial2.o(i.Serial2_ProcessResponse)
    i.SetSysClock                            0x0800179c   Section        0  system_stm32f10x.o(i.SetSysClock)
    SetSysClock                              0x0800179d   Thumb Code     8  system_stm32f10x.o(i.SetSysClock)
    i.SetSysClockTo72                        0x080017a4   Section        0  system_stm32f10x.o(i.SetSysClockTo72)
    SetSysClockTo72                          0x080017a5   Thumb Code   214  system_stm32f10x.o(i.SetSysClockTo72)
    i.SysTick_CLKSourceConfig                0x08001884   Section        0  misc.o(i.SysTick_CLKSourceConfig)
    i.SysTick_Handler                        0x080018ac   Section        0  stm32f10x_it.o(i.SysTick_Handler)
    i.SystemInit                             0x080018b0   Section        0  system_stm32f10x.o(i.SystemInit)
    i.TIM3_IRQHandler                        0x08001910   Section        0  atk_mb026_uart.o(i.TIM3_IRQHandler)
    i.TIM_ClearITPendingBit                  0x0800194c   Section        0  stm32f10x_tim.o(i.TIM_ClearITPendingBit)
    i.TIM_Cmd                                0x08001952   Section        0  stm32f10x_tim.o(i.TIM_Cmd)
    i.TIM_GetITStatus                        0x0800196a   Section        0  stm32f10x_tim.o(i.TIM_GetITStatus)
    i.TIM_ITConfig                           0x0800198c   Section        0  stm32f10x_tim.o(i.TIM_ITConfig)
    i.TIM_SetCounter                         0x0800199e   Section        0  stm32f10x_tim.o(i.TIM_SetCounter)
    i.TIM_TimeBaseInit                       0x080019a4   Section        0  stm32f10x_tim.o(i.TIM_TimeBaseInit)
    i.TOUCH_KEY_EXTI_Init                    0x08001a48   Section        0  touch_key.o(i.TOUCH_KEY_EXTI_Init)
    i.TOUCH_KEY_Init                         0x08001b24   Section        0  touch_key.o(i.TOUCH_KEY_Init)
    i.TOUCH_KEY_Scan                         0x08001b40   Section        0  touch_key.o(i.TOUCH_KEY_Scan)
    i.USART1_IRQHandler                      0x08001bfc   Section        0  usart.o(i.USART1_IRQHandler)
    i.USART2_IRQHandler                      0x08001c84   Section        0  atk_mb026_uart.o(i.USART2_IRQHandler)
    i.USART_ClearITPendingBit                0x08001d90   Section        0  stm32f10x_usart.o(i.USART_ClearITPendingBit)
    i.USART_Cmd                              0x08001dae   Section        0  stm32f10x_usart.o(i.USART_Cmd)
    i.USART_GetITStatus                      0x08001dc6   Section        0  stm32f10x_usart.o(i.USART_GetITStatus)
    i.USART_ITConfig                         0x08001e1a   Section        0  stm32f10x_usart.o(i.USART_ITConfig)
    i.USART_Init                             0x08001e64   Section        0  stm32f10x_usart.o(i.USART_Init)
    i.USART_ReceiveData                      0x08001f3c   Section        0  stm32f10x_usart.o(i.USART_ReceiveData)
    i.USART_SendData                         0x08001f46   Section        0  stm32f10x_usart.o(i.USART_SendData)
    i.UsageFault_Handler                     0x08001f4e   Section        0  stm32f10x_it.o(i.UsageFault_Handler)
    i.__0printf                              0x08001f54   Section        0  printfa.o(i.__0printf)
    i.__0sprintf                             0x08001f74   Section        0  printfa.o(i.__0sprintf)
    i.__0vsnprintf                           0x08001f9c   Section        0  printfa.o(i.__0vsnprintf)
    i.__scatterload_copy                     0x08001fd0   Section       14  handlers.o(i.__scatterload_copy)
    i.__scatterload_null                     0x08001fde   Section        2  handlers.o(i.__scatterload_null)
    i.__scatterload_zeroinit                 0x08001fe0   Section       14  handlers.o(i.__scatterload_zeroinit)
    i._fp_digits                             0x08001ff0   Section        0  printfa.o(i._fp_digits)
    _fp_digits                               0x08001ff1   Thumb Code   366  printfa.o(i._fp_digits)
    i._printf_core                           0x08002174   Section        0  printfa.o(i._printf_core)
    _printf_core                             0x08002175   Thumb Code  1704  printfa.o(i._printf_core)
    i._printf_post_padding                   0x08002828   Section        0  printfa.o(i._printf_post_padding)
    _printf_post_padding                     0x08002829   Thumb Code    36  printfa.o(i._printf_post_padding)
    i._printf_pre_padding                    0x0800284c   Section        0  printfa.o(i._printf_pre_padding)
    _printf_pre_padding                      0x0800284d   Thumb Code    46  printfa.o(i._printf_pre_padding)
    i._snputc                                0x0800287a   Section        0  printfa.o(i._snputc)
    _snputc                                  0x0800287b   Thumb Code    22  printfa.o(i._snputc)
    i._sputc                                 0x08002890   Section        0  printfa.o(i._sputc)
    _sputc                                   0x08002891   Thumb Code    10  printfa.o(i._sputc)
    i.atk_mb026_at_test                      0x0800289c   Section        0  atk_mb026.o(i.atk_mb026_at_test)
    i.atk_mb026_connect_tcp_server           0x080028cc   Section        0  atk_mb026.o(i.atk_mb026_connect_tcp_server)
    i.atk_mb026_get_ip                       0x080029dc   Section        0  atk_mb026.o(i.atk_mb026_get_ip)
    i.atk_mb026_hw_init                      0x08002a3c   Section        0  atk_mb026.o(i.atk_mb026_hw_init)
    atk_mb026_hw_init                        0x08002a3d   Thumb Code    36  atk_mb026.o(i.atk_mb026_hw_init)
    i.atk_mb026_hw_reset                     0x08002a64   Section        0  atk_mb026.o(i.atk_mb026_hw_reset)
    i.atk_mb026_init                         0x08002a90   Section        0  atk_mb026.o(i.atk_mb026_init)
    i.atk_mb026_join_ap                      0x08002ab0   Section        0  atk_mb026.o(i.atk_mb026_join_ap)
    i.atk_mb026_send_at_cmd                  0x08002b00   Section        0  atk_mb026.o(i.atk_mb026_send_at_cmd)
    i.atk_mb026_uart_init                    0x08002b58   Section        0  atk_mb026_uart.o(i.atk_mb026_uart_init)
    i.atk_mb026_uart_printf                  0x08002c6c   Section        0  atk_mb026_uart.o(i.atk_mb026_uart_printf)
    i.atk_mb026_uart_rx_get_frame            0x08002cdc   Section        0  atk_mb026_uart.o(i.atk_mb026_uart_rx_get_frame)
    i.atk_mb026_uart_rx_get_frame_len        0x08002d08   Section        0  atk_mb026_uart.o(i.atk_mb026_uart_rx_get_frame_len)
    i.atk_mb026_uart_rx_restart              0x08002d24   Section        0  atk_mb026_uart.o(i.atk_mb026_uart_rx_restart)
    i.check_wifi_status                      0x08002d40   Section        0  main.o(i.check_wifi_status)
    i.connect_wifi                           0x08002d88   Section        0  main.o(i.connect_wifi)
    i.delay_init                             0x08002eec   Section        0  delay.o(i.delay_init)
    i.delay_ms                               0x08002f0c   Section        0  delay.o(i.delay_ms)
    i.fputc                                  0x08002f60   Section        0  usart.o(i.fputc)
    i.init_wifi_module                       0x08002f7c   Section        0  main.o(i.init_wifi_module)
    i.main                                   0x0800317c   Section        0  main.o(i.main)
    i.ping_server                            0x08003660   Section        0  main.o(i.ping_server)
    i.send_data_to_server                    0x08003798   Section        0  main.o(i.send_data_to_server)
    i.send_http_request                      0x080038e4   Section        0  main.o(i.send_http_request)
    i.test_baidu_connectivity                0x08003ec4   Section        0  main.o(i.test_baidu_connectivity)
    i.test_server_health                     0x080040cc   Section        0  main.o(i.test_server_health)
    i.usart_init                             0x0800450c   Section        0  usart.o(i.usart_init)
    .constdata                               0x080045ac   Section     1520  oled.o(.constdata)
    .constdata                               0x08004b9c   Section      129  ctype_o.o(.constdata)
    .constdata                               0x08004c20   Section        4  ctype_o.o(.constdata)
    table                                    0x08004c20   Data           4  ctype_o.o(.constdata)
    .conststring                             0x08004c24   Section      142  touch_key.o(.conststring)
    .conststring                             0x08004cb4   Section      125  main.o(.conststring)
    .data                                    0x20000000   Section       20  stm32f10x_rcc.o(.data)
    APBAHBPrescTable                         0x20000000   Data          16  stm32f10x_rcc.o(.data)
    ADCPrescTable                            0x20000010   Data           4  stm32f10x_rcc.o(.data)
    .data                                    0x20000014   Section        4  delay.o(.data)
    fac_us                                   0x20000014   Data           4  delay.o(.data)
    .data                                    0x20000018   Section        8  sys.o(.data)
    .data                                    0x20000020   Section        7  usart.o(.data)
    .data                                    0x20000028   Section        6  atk_mb026_uart.o(.data)
    .data                                    0x20000030   Section        6  main.o(.data)
    .bss                                     0x20000038   Section       16  sys.o(.bss)
    .bss                                     0x20000048   Section      200  usart.o(.bss)
    .bss                                     0x20000110   Section      394  atk_mb026_uart.o(.bss)
    STACK                                    0x200002a0   Section     1024  startup_stm32f10x_md.o(STACK)

    Global Symbols

    Symbol Name                              Value     Ov Type        Size  Object(Section)

    BuildAttributes$$THM_ISAv4$P$D$K$B$S$PE$A:L22UL41UL21$X:L11$S22US41US21$IEEE1$IW$USESV6$~STKCKD$USESV7$~SHL$OTIME$ROPI$IEEEJ$EBA8$MICROLIB$REQ8$PRES8$EABIv2 0x00000000   Number         0  anon$$obj.o ABSOLUTE
    __ARM_use_no_argv                        0x00000000   Number         0  main.o ABSOLUTE
    __use_no_errno                           0x00000000   Number         0  useno.o ABSOLUTE
    __use_no_exception_handling              0x00000000   Number         0  useno.o ABSOLUTE
    __use_no_fp                              0x00000000   Number         0  useno.o ABSOLUTE
    __use_no_heap                            0x00000000   Number         0  useno.o ABSOLUTE
    __use_no_heap_region                     0x00000000   Number         0  useno.o ABSOLUTE
    __use_no_semihosting                     0x00000000   Number         0  useno.o ABSOLUTE
    __use_no_semihosting_swi                 0x00000000   Number         0  useno.o ABSOLUTE
    __use_no_signal_handling                 0x00000000   Number         0  useno.o ABSOLUTE
    _printf_a                                0x00000000   Number         0  stubs.o ABSOLUTE
    _printf_c                                0x00000000   Number         0  stubs.o ABSOLUTE
    _printf_charcount                        0x00000000   Number         0  stubs.o ABSOLUTE
    _printf_d                                0x00000000   Number         0  stubs.o ABSOLUTE
    _printf_e                                0x00000000   Number         0  stubs.o ABSOLUTE
    _printf_f                                0x00000000   Number         0  stubs.o ABSOLUTE
    _printf_flags                            0x00000000   Number         0  stubs.o ABSOLUTE
    _printf_fp_dec                           0x00000000   Number         0  stubs.o ABSOLUTE
    _printf_fp_hex                           0x00000000   Number         0  stubs.o ABSOLUTE
    _printf_g                                0x00000000   Number         0  stubs.o ABSOLUTE
    _printf_i                                0x00000000   Number         0  stubs.o ABSOLUTE
    _printf_int_dec                          0x00000000   Number         0  stubs.o ABSOLUTE
    _printf_l                                0x00000000   Number         0  stubs.o ABSOLUTE
    _printf_lc                               0x00000000   Number         0  stubs.o ABSOLUTE
    _printf_ll                               0x00000000   Number         0  stubs.o ABSOLUTE
    _printf_lld                              0x00000000   Number         0  stubs.o ABSOLUTE
    _printf_lli                              0x00000000   Number         0  stubs.o ABSOLUTE
    _printf_llo                              0x00000000   Number         0  stubs.o ABSOLUTE
    _printf_llu                              0x00000000   Number         0  stubs.o ABSOLUTE
    _printf_llx                              0x00000000   Number         0  stubs.o ABSOLUTE
    _printf_longlong_dec                     0x00000000   Number         0  stubs.o ABSOLUTE
    _printf_longlong_hex                     0x00000000   Number         0  stubs.o ABSOLUTE
    _printf_longlong_oct                     0x00000000   Number         0  stubs.o ABSOLUTE
    _printf_ls                               0x00000000   Number         0  stubs.o ABSOLUTE
    _printf_mbtowc                           0x00000000   Number         0  stubs.o ABSOLUTE
    _printf_n                                0x00000000   Number         0  stubs.o ABSOLUTE
    _printf_o                                0x00000000   Number         0  stubs.o ABSOLUTE
    _printf_p                                0x00000000   Number         0  stubs.o ABSOLUTE
    _printf_percent                          0x00000000   Number         0  stubs.o ABSOLUTE
    _printf_pre_padding                      0x00000000   Number         0  stubs.o ABSOLUTE
    _printf_return_value                     0x00000000   Number         0  stubs.o ABSOLUTE
    _printf_s                                0x00000000   Number         0  stubs.o ABSOLUTE
    _printf_sizespec                         0x00000000   Number         0  stubs.o ABSOLUTE
    _printf_str                              0x00000000   Number         0  stubs.o ABSOLUTE
    _printf_truncate_signed                  0x00000000   Number         0  stubs.o ABSOLUTE
    _printf_truncate_unsigned                0x00000000   Number         0  stubs.o ABSOLUTE
    _printf_u                                0x00000000   Number         0  stubs.o ABSOLUTE
    _printf_wc                               0x00000000   Number         0  stubs.o ABSOLUTE
    _printf_wctomb                           0x00000000   Number         0  stubs.o ABSOLUTE
    _printf_widthprec                        0x00000000   Number         0  stubs.o ABSOLUTE
    _printf_x                                0x00000000   Number         0  stubs.o ABSOLUTE
    __arm_fini_                               - Undefined Weak Reference
    __cpp_initialize__aeabi_                  - Undefined Weak Reference
    __cxa_finalize                            - Undefined Weak Reference
    __decompress                              - Undefined Weak Reference
    _clock_init                               - Undefined Weak Reference
    _microlib_exit                            - Undefined Weak Reference
    _scanf_longlong                           - Undefined Weak Reference
    __Vectors_Size                           0x000000ec   Number         0  startup_stm32f10x_md.o ABSOLUTE
    __Vectors                                0x08000000   Data           4  startup_stm32f10x_md.o(RESET)
    __Vectors_End                            0x080000ec   Data           0  startup_stm32f10x_md.o(RESET)
    __main                                   0x080000ed   Thumb Code     0  entry.o(.ARM.Collect$$$$00000000)
    _main_stk                                0x080000ed   Thumb Code     0  entry2.o(.ARM.Collect$$$$00000001)
    _main_scatterload                        0x080000f1   Thumb Code     0  entry5.o(.ARM.Collect$$$$00000004)
    __main_after_scatterload                 0x080000f5   Thumb Code     0  entry5.o(.ARM.Collect$$$$00000004)
    _main_clock                              0x080000f5   Thumb Code     0  entry7b.o(.ARM.Collect$$$$00000008)
    _main_cpp_init                           0x080000f5   Thumb Code     0  entry8b.o(.ARM.Collect$$$$0000000A)
    _main_init                               0x080000f5   Thumb Code     0  entry9a.o(.ARM.Collect$$$$0000000B)
    __rt_lib_shutdown_fini                   0x080000fd   Thumb Code     0  entry12b.o(.ARM.Collect$$$$0000000E)
    __rt_final_cpp                           0x08000101   Thumb Code     0  entry10a.o(.ARM.Collect$$$$0000000F)
    __rt_final_exit                          0x08000101   Thumb Code     0  entry11a.o(.ARM.Collect$$$$00000011)
    Reset_Handler                            0x08000105   Thumb Code     8  startup_stm32f10x_md.o(.text)
    ADC1_2_IRQHandler                        0x0800011f   Thumb Code     0  startup_stm32f10x_md.o(.text)
    CAN1_RX1_IRQHandler                      0x0800011f   Thumb Code     0  startup_stm32f10x_md.o(.text)
    CAN1_SCE_IRQHandler                      0x0800011f   Thumb Code     0  startup_stm32f10x_md.o(.text)
    DMA1_Channel1_IRQHandler                 0x0800011f   Thumb Code     0  startup_stm32f10x_md.o(.text)
    DMA1_Channel2_IRQHandler                 0x0800011f   Thumb Code     0  startup_stm32f10x_md.o(.text)
    DMA1_Channel3_IRQHandler                 0x0800011f   Thumb Code     0  startup_stm32f10x_md.o(.text)
    DMA1_Channel4_IRQHandler                 0x0800011f   Thumb Code     0  startup_stm32f10x_md.o(.text)
    DMA1_Channel5_IRQHandler                 0x0800011f   Thumb Code     0  startup_stm32f10x_md.o(.text)
    DMA1_Channel6_IRQHandler                 0x0800011f   Thumb Code     0  startup_stm32f10x_md.o(.text)
    DMA1_Channel7_IRQHandler                 0x0800011f   Thumb Code     0  startup_stm32f10x_md.o(.text)
    EXTI15_10_IRQHandler                     0x0800011f   Thumb Code     0  startup_stm32f10x_md.o(.text)
    EXTI1_IRQHandler                         0x0800011f   Thumb Code     0  startup_stm32f10x_md.o(.text)
    EXTI4_IRQHandler                         0x0800011f   Thumb Code     0  startup_stm32f10x_md.o(.text)
    EXTI9_5_IRQHandler                       0x0800011f   Thumb Code     0  startup_stm32f10x_md.o(.text)
    FLASH_IRQHandler                         0x0800011f   Thumb Code     0  startup_stm32f10x_md.o(.text)
    I2C1_ER_IRQHandler                       0x0800011f   Thumb Code     0  startup_stm32f10x_md.o(.text)
    I2C1_EV_IRQHandler                       0x0800011f   Thumb Code     0  startup_stm32f10x_md.o(.text)
    I2C2_ER_IRQHandler                       0x0800011f   Thumb Code     0  startup_stm32f10x_md.o(.text)
    I2C2_EV_IRQHandler                       0x0800011f   Thumb Code     0  startup_stm32f10x_md.o(.text)
    PVD_IRQHandler                           0x0800011f   Thumb Code     0  startup_stm32f10x_md.o(.text)
    RCC_IRQHandler                           0x0800011f   Thumb Code     0  startup_stm32f10x_md.o(.text)
    RTCAlarm_IRQHandler                      0x0800011f   Thumb Code     0  startup_stm32f10x_md.o(.text)
    RTC_IRQHandler                           0x0800011f   Thumb Code     0  startup_stm32f10x_md.o(.text)
    SPI1_IRQHandler                          0x0800011f   Thumb Code     0  startup_stm32f10x_md.o(.text)
    SPI2_IRQHandler                          0x0800011f   Thumb Code     0  startup_stm32f10x_md.o(.text)
    TAMPER_IRQHandler                        0x0800011f   Thumb Code     0  startup_stm32f10x_md.o(.text)
    TIM1_BRK_IRQHandler                      0x0800011f   Thumb Code     0  startup_stm32f10x_md.o(.text)
    TIM1_CC_IRQHandler                       0x0800011f   Thumb Code     0  startup_stm32f10x_md.o(.text)
    TIM1_TRG_COM_IRQHandler                  0x0800011f   Thumb Code     0  startup_stm32f10x_md.o(.text)
    TIM1_UP_IRQHandler                       0x0800011f   Thumb Code     0  startup_stm32f10x_md.o(.text)
    TIM2_IRQHandler                          0x0800011f   Thumb Code     0  startup_stm32f10x_md.o(.text)
    TIM4_IRQHandler                          0x0800011f   Thumb Code     0  startup_stm32f10x_md.o(.text)
    USART3_IRQHandler                        0x0800011f   Thumb Code     0  startup_stm32f10x_md.o(.text)
    USBWakeUp_IRQHandler                     0x0800011f   Thumb Code     0  startup_stm32f10x_md.o(.text)
    USB_HP_CAN1_TX_IRQHandler                0x0800011f   Thumb Code     0  startup_stm32f10x_md.o(.text)
    USB_LP_CAN1_RX0_IRQHandler               0x0800011f   Thumb Code     0  startup_stm32f10x_md.o(.text)
    WWDG_IRQHandler                          0x0800011f   Thumb Code     0  startup_stm32f10x_md.o(.text)
    __aeabi_memset                           0x08000129   Thumb Code    14  memseta.o(.text)
    __aeabi_memset4                          0x08000129   Thumb Code     0  memseta.o(.text)
    __aeabi_memset8                          0x08000129   Thumb Code     0  memseta.o(.text)
    __aeabi_memclr                           0x08000137   Thumb Code     4  memseta.o(.text)
    __aeabi_memclr4                          0x08000137   Thumb Code     0  memseta.o(.text)
    __aeabi_memclr8                          0x08000137   Thumb Code     0  memseta.o(.text)
    _memset$wrapper                          0x0800013b   Thumb Code    18  memseta.o(.text)
    strstr                                   0x0800014d   Thumb Code    36  strstr.o(.text)
    strlen                                   0x08000171   Thumb Code    14  strlen.o(.text)
    __0sscanf                                0x08000181   Thumb Code    48  __0sscanf.o(.text)
    _scanf_int                               0x080001b9   Thumb Code   332  _scanf_int.o(.text)
    _scanf_string                            0x08000305   Thumb Code   224  _scanf_str.o(.text)
    __aeabi_dadd                             0x080003e5   Thumb Code   322  dadd.o(.text)
    __aeabi_dsub                             0x08000527   Thumb Code     6  dadd.o(.text)
    __aeabi_drsub                            0x0800052d   Thumb Code     6  dadd.o(.text)
    __aeabi_ddiv                             0x08000533   Thumb Code   222  ddiv.o(.text)
    __aeabi_uidiv                            0x08000611   Thumb Code     0  uidiv.o(.text)
    __aeabi_uidivmod                         0x08000611   Thumb Code    44  uidiv.o(.text)
    __aeabi_uldivmod                         0x0800063d   Thumb Code    98  uldiv.o(.text)
    __aeabi_llsl                             0x0800069f   Thumb Code    30  llshl.o(.text)
    _ll_shift_l                              0x0800069f   Thumb Code     0  llshl.o(.text)
    __aeabi_lasr                             0x080006bd   Thumb Code    36  llsshr.o(.text)
    _ll_sshift_r                             0x080006bd   Thumb Code     0  llsshr.o(.text)
    _chval                                   0x080006e1   Thumb Code    28  _chval.o(.text)
    __vfscanf_char                           0x08000709   Thumb Code    20  scanf_char.o(.text)
    _sgetc                                   0x08000725   Thumb Code    30  _sgetc.o(.text)
    _sbackspace                              0x08000743   Thumb Code    34  _sgetc.o(.text)
    __I$use$fp                               0x08000765   Thumb Code     0  iusefp.o(.text)
    _double_round                            0x08000765   Thumb Code    30  depilogue.o(.text)
    _double_epilogue                         0x08000783   Thumb Code   156  depilogue.o(.text)
    __aeabi_dmul                             0x0800081f   Thumb Code   228  dmul.o(.text)
    __aeabi_d2ulz                            0x08000903   Thumb Code    48  dfixul.o(.text)
    __aeabi_cdrcmple                         0x08000935   Thumb Code    48  cdrcmple.o(.text)
    __scatterload                            0x08000965   Thumb Code    28  init.o(.text)
    __scatterload_rt2                        0x08000965   Thumb Code     0  init.o(.text)
    __aeabi_llsr                             0x08000989   Thumb Code    32  llushr.o(.text)
    _ll_ushift_r                             0x08000989   Thumb Code     0  llushr.o(.text)
    __rt_ctype_table                         0x080009a9   Thumb Code     4  ctype_o.o(.text)
    isspace                                  0x080009b1   Thumb Code    18  isspace_o.o(.text)
    __vfscanf                                0x080009c5   Thumb Code   810  _scanf.o(.text)
    BusFault_Handler                         0x08000cf5   Thumb Code     4  stm32f10x_it.o(i.BusFault_Handler)
    DebugMon_Handler                         0x08000cf9   Thumb Code     2  stm32f10x_it.o(i.DebugMon_Handler)
    EXTI0_IRQHandler                         0x08000cfd   Thumb Code    46  touch_key.o(i.EXTI0_IRQHandler)
    EXTI2_IRQHandler                         0x08000d79   Thumb Code    96  touch_key.o(i.EXTI2_IRQHandler)
    EXTI3_IRQHandler                         0x08000e39   Thumb Code    96  touch_key.o(i.EXTI3_IRQHandler)
    EXTI_ClearITPendingBit                   0x08000ef9   Thumb Code     6  stm32f10x_exti.o(i.EXTI_ClearITPendingBit)
    EXTI_GetITStatus                         0x08000f05   Thumb Code    34  stm32f10x_exti.o(i.EXTI_GetITStatus)
    EXTI_Init                                0x08000f2d   Thumb Code   142  stm32f10x_exti.o(i.EXTI_Init)
    GPIO_EXTILineConfig                      0x08000fc1   Thumb Code    60  stm32f10x_gpio.o(i.GPIO_EXTILineConfig)
    GPIO_Init                                0x08001001   Thumb Code   278  stm32f10x_gpio.o(i.GPIO_Init)
    GPIO_PinRemapConfig                      0x08001119   Thumb Code   138  stm32f10x_gpio.o(i.GPIO_PinRemapConfig)
    GPIO_ReadInputDataBit                    0x080011a9   Thumb Code    18  stm32f10x_gpio.o(i.GPIO_ReadInputDataBit)
    GPIO_ReadOutputDataBit                   0x080011bb   Thumb Code    18  stm32f10x_gpio.o(i.GPIO_ReadOutputDataBit)
    GPIO_ResetBits                           0x080011cd   Thumb Code     4  stm32f10x_gpio.o(i.GPIO_ResetBits)
    GPIO_SetBits                             0x080011d1   Thumb Code     4  stm32f10x_gpio.o(i.GPIO_SetBits)
    GPIO_WriteBit                            0x080011d5   Thumb Code    10  stm32f10x_gpio.o(i.GPIO_WriteBit)
    HardFault_Handler                        0x080011df   Thumb Code     4  stm32f10x_it.o(i.HardFault_Handler)
    LED_Init                                 0x080011e5   Thumb Code    66  led.o(i.LED_Init)
    MemManage_Handler                        0x0800122d   Thumb Code     4  stm32f10x_it.o(i.MemManage_Handler)
    NMI_Handler                              0x08001231   Thumb Code     2  stm32f10x_it.o(i.NMI_Handler)
    NVIC_Init                                0x08001235   Thumb Code   100  misc.o(i.NVIC_Init)
    OLED_Clear                               0x080012a5   Thumb Code    42  oled.o(i.OLED_Clear)
    OLED_I2C_Init                            0x080012d1   Thumb Code    72  oled.o(i.OLED_I2C_Init)
    OLED_I2C_SendByte                        0x0800131d   Thumb Code    74  oled.o(i.OLED_I2C_SendByte)
    OLED_I2C_Start                           0x0800136d   Thumb Code    44  oled.o(i.OLED_I2C_Start)
    OLED_I2C_Stop                            0x0800139d   Thumb Code    34  oled.o(i.OLED_I2C_Stop)
    OLED_Init                                0x080013c5   Thumb Code   174  oled.o(i.OLED_Init)
    OLED_SetCursor                           0x08001473   Thumb Code    34  oled.o(i.OLED_SetCursor)
    OLED_ShowChar                            0x08001495   Thumb Code   110  oled.o(i.OLED_ShowChar)
    OLED_ShowString                          0x08001509   Thumb Code    40  oled.o(i.OLED_ShowString)
    OLED_WriteCommand                        0x08001531   Thumb Code    32  oled.o(i.OLED_WriteCommand)
    OLED_WriteData                           0x08001551   Thumb Code    32  oled.o(i.OLED_WriteData)
    PendSV_Handler                           0x08001571   Thumb Code     2  stm32f10x_it.o(i.PendSV_Handler)
    RCC_APB1PeriphClockCmd                   0x08001575   Thumb Code    26  stm32f10x_rcc.o(i.RCC_APB1PeriphClockCmd)
    RCC_APB2PeriphClockCmd                   0x08001595   Thumb Code    26  stm32f10x_rcc.o(i.RCC_APB2PeriphClockCmd)
    RCC_GetClocksFreq                        0x080015b5   Thumb Code   192  stm32f10x_rcc.o(i.RCC_GetClocksFreq)
    RELAY_2                                  0x08001689   Thumb Code    46  relay.o(i.RELAY_2)
    RELAY_Init                               0x08001709   Thumb Code    58  relay.o(i.RELAY_Init)
    SVC_Handler                              0x0800174d   Thumb Code     2  stm32f10x_it.o(i.SVC_Handler)
    Serial2_ProcessResponse                  0x08001751   Thumb Code    50  serial2.o(i.Serial2_ProcessResponse)
    SysTick_CLKSourceConfig                  0x08001885   Thumb Code    40  misc.o(i.SysTick_CLKSourceConfig)
    SysTick_Handler                          0x080018ad   Thumb Code     2  stm32f10x_it.o(i.SysTick_Handler)
    SystemInit                               0x080018b1   Thumb Code    78  system_stm32f10x.o(i.SystemInit)
    TIM3_IRQHandler                          0x08001911   Thumb Code    50  atk_mb026_uart.o(i.TIM3_IRQHandler)
    TIM_ClearITPendingBit                    0x0800194d   Thumb Code     6  stm32f10x_tim.o(i.TIM_ClearITPendingBit)
    TIM_Cmd                                  0x08001953   Thumb Code    24  stm32f10x_tim.o(i.TIM_Cmd)
    TIM_GetITStatus                          0x0800196b   Thumb Code    34  stm32f10x_tim.o(i.TIM_GetITStatus)
    TIM_ITConfig                             0x0800198d   Thumb Code    18  stm32f10x_tim.o(i.TIM_ITConfig)
    TIM_SetCounter                           0x0800199f   Thumb Code     4  stm32f10x_tim.o(i.TIM_SetCounter)
    TIM_TimeBaseInit                         0x080019a5   Thumb Code   122  stm32f10x_tim.o(i.TIM_TimeBaseInit)
    TOUCH_KEY_EXTI_Init                      0x08001a49   Thumb Code   170  touch_key.o(i.TOUCH_KEY_EXTI_Init)
    TOUCH_KEY_Init                           0x08001b25   Thumb Code    24  touch_key.o(i.TOUCH_KEY_Init)
    TOUCH_KEY_Scan                           0x08001b41   Thumb Code   182  touch_key.o(i.TOUCH_KEY_Scan)
    USART1_IRQHandler                        0x08001bfd   Thumb Code   122  usart.o(i.USART1_IRQHandler)
    USART2_IRQHandler                        0x08001c85   Thumb Code   238  atk_mb026_uart.o(i.USART2_IRQHandler)
    USART_ClearITPendingBit                  0x08001d91   Thumb Code    30  stm32f10x_usart.o(i.USART_ClearITPendingBit)
    USART_Cmd                                0x08001daf   Thumb Code    24  stm32f10x_usart.o(i.USART_Cmd)
    USART_GetITStatus                        0x08001dc7   Thumb Code    84  stm32f10x_usart.o(i.USART_GetITStatus)
    USART_ITConfig                           0x08001e1b   Thumb Code    74  stm32f10x_usart.o(i.USART_ITConfig)
    USART_Init                               0x08001e65   Thumb Code   210  stm32f10x_usart.o(i.USART_Init)
    USART_ReceiveData                        0x08001f3d   Thumb Code    10  stm32f10x_usart.o(i.USART_ReceiveData)
    USART_SendData                           0x08001f47   Thumb Code     8  stm32f10x_usart.o(i.USART_SendData)
    UsageFault_Handler                       0x08001f4f   Thumb Code     4  stm32f10x_it.o(i.UsageFault_Handler)
    __0printf                                0x08001f55   Thumb Code    22  printfa.o(i.__0printf)
    __1printf                                0x08001f55   Thumb Code     0  printfa.o(i.__0printf)
    __2printf                                0x08001f55   Thumb Code     0  printfa.o(i.__0printf)
    __c89printf                              0x08001f55   Thumb Code     0  printfa.o(i.__0printf)
    printf                                   0x08001f55   Thumb Code     0  printfa.o(i.__0printf)
    __0sprintf                               0x08001f75   Thumb Code    34  printfa.o(i.__0sprintf)
    __1sprintf                               0x08001f75   Thumb Code     0  printfa.o(i.__0sprintf)
    __2sprintf                               0x08001f75   Thumb Code     0  printfa.o(i.__0sprintf)
    __c89sprintf                             0x08001f75   Thumb Code     0  printfa.o(i.__0sprintf)
    sprintf                                  0x08001f75   Thumb Code     0  printfa.o(i.__0sprintf)
    __0vsnprintf                             0x08001f9d   Thumb Code    46  printfa.o(i.__0vsnprintf)
    __1vsnprintf                             0x08001f9d   Thumb Code     0  printfa.o(i.__0vsnprintf)
    __2vsnprintf                             0x08001f9d   Thumb Code     0  printfa.o(i.__0vsnprintf)
    __c89vsnprintf                           0x08001f9d   Thumb Code     0  printfa.o(i.__0vsnprintf)
    vsnprintf                                0x08001f9d   Thumb Code     0  printfa.o(i.__0vsnprintf)
    __scatterload_copy                       0x08001fd1   Thumb Code    14  handlers.o(i.__scatterload_copy)
    __scatterload_null                       0x08001fdf   Thumb Code     2  handlers.o(i.__scatterload_null)
    __scatterload_zeroinit                   0x08001fe1   Thumb Code    14  handlers.o(i.__scatterload_zeroinit)
    atk_mb026_at_test                        0x0800289d   Thumb Code    38  atk_mb026.o(i.atk_mb026_at_test)
    atk_mb026_connect_tcp_server             0x080028cd   Thumb Code    86  atk_mb026.o(i.atk_mb026_connect_tcp_server)
    atk_mb026_get_ip                         0x080029dd   Thumb Code    70  atk_mb026.o(i.atk_mb026_get_ip)
    atk_mb026_hw_reset                       0x08002a65   Thumb Code    38  atk_mb026.o(i.atk_mb026_hw_reset)
    atk_mb026_init                           0x08002a91   Thumb Code    32  atk_mb026.o(i.atk_mb026_init)
    atk_mb026_join_ap                        0x08002ab1   Thumb Code    46  atk_mb026.o(i.atk_mb026_join_ap)
    atk_mb026_send_at_cmd                    0x08002b01   Thumb Code    78  atk_mb026.o(i.atk_mb026_send_at_cmd)
    atk_mb026_uart_init                      0x08002b59   Thumb Code   252  atk_mb026_uart.o(i.atk_mb026_uart_init)
    atk_mb026_uart_printf                    0x08002c6d   Thumb Code    98  atk_mb026_uart.o(i.atk_mb026_uart_printf)
    atk_mb026_uart_rx_get_frame              0x08002cdd   Thumb Code    34  atk_mb026_uart.o(i.atk_mb026_uart_rx_get_frame)
    atk_mb026_uart_rx_get_frame_len          0x08002d09   Thumb Code    22  atk_mb026_uart.o(i.atk_mb026_uart_rx_get_frame_len)
    atk_mb026_uart_rx_restart                0x08002d25   Thumb Code    24  atk_mb026_uart.o(i.atk_mb026_uart_rx_restart)
    check_wifi_status                        0x08002d41   Thumb Code    44  main.o(i.check_wifi_status)
    connect_wifi                             0x08002d89   Thumb Code   132  main.o(i.connect_wifi)
    delay_init                               0x08002eed   Thumb Code    28  delay.o(i.delay_init)
    delay_ms                                 0x08002f0d   Thumb Code    78  delay.o(i.delay_ms)
    fputc                                    0x08002f61   Thumb Code    24  usart.o(i.fputc)
    init_wifi_module                         0x08002f7d   Thumb Code    94  main.o(i.init_wifi_module)
    main                                     0x0800317d   Thumb Code   542  main.o(i.main)
    ping_server                              0x08003661   Thumb Code   126  main.o(i.ping_server)
    send_data_to_server                      0x08003799   Thumb Code   108  main.o(i.send_data_to_server)
    send_http_request                        0x080038e5   Thumb Code   588  main.o(i.send_http_request)
    test_baidu_connectivity                  0x08003ec5   Thumb Code   156  main.o(i.test_baidu_connectivity)
    test_server_health                       0x080040cd   Thumb Code   326  main.o(i.test_server_health)
    usart_init                               0x0800450d   Thumb Code   138  usart.o(i.usart_init)
    OLED_F8x16                               0x080045ac   Data        1520  oled.o(.constdata)
    __ctype_table                            0x08004b9c   Data         129  ctype_o.o(.constdata)
    Region$$Table$$Base                      0x08004d34   Number         0  anon$$obj.o(Region$$Table)
    Region$$Table$$Limit                     0x08004d54   Number         0  anon$$obj.o(Region$$Table)
    GPIO_InitStructure                       0x20000018   Data           4  sys.o(.data)
    NVIC_InitStructure                       0x2000001c   Data           4  sys.o(.data)
    __stdout                                 0x20000020   Data           4  usart.o(.data)
    g_usart_rx_sta                           0x20000024   Data           2  usart.o(.data)
    g_rx_buffer                              0x20000026   Data           1  usart.o(.data)
    g_sta                                    0x20000028   Data           2  atk_mb026_uart.o(.data)
    tx_head                                  0x2000002a   Data           2  atk_mb026_uart.o(.data)
    tx_tail                                  0x2000002c   Data           2  atk_mb026_uart.o(.data)
    timecount                                0x20000030   Data           4  main.o(.data)
    g_wifi_connected                         0x20000034   Data           1  main.o(.data)
    g_server_connected                       0x20000035   Data           1  main.o(.data)
    USART_InitStructure                      0x20000038   Data          16  sys.o(.bss)
    g_usart_rx_buf                           0x20000048   Data         200  usart.o(.bss)
    g_uart_rx_frame                          0x20000110   Data         256  atk_mb026_uart.o(.bss)
    tx_buf                                   0x20000210   Data         128  atk_mb026_uart.o(.bss)
    TIM_TimeBaseStructure                    0x20000290   Data          10  atk_mb026_uart.o(.bss)
    __initial_sp                             0x200006a0   Data           0  startup_stm32f10x_md.o(STACK)



==============================================================================

Memory Map of the image

  Image Entry point : 0x080000ed

  Load Region LR_IROM1 (Base: 0x08000000, Size: 0x00004d8c, Max: 0x00010000, ABSOLUTE)

    Execution Region ER_IROM1 (Exec base: 0x08000000, Load base: 0x08000000, Size: 0x00004d54, Max: 0x00010000, ABSOLUTE)

    Exec Addr    Load Addr    Size         Type   Attr      Idx    E Section Name        Object

    0x08000000   0x08000000   0x000000ec   Data   RO            3    RESET               startup_stm32f10x_md.o
    0x080000ec   0x080000ec   0x00000000   Code   RO         4831  * .ARM.Collect$$$$00000000  mc_w.l(entry.o)
    0x080000ec   0x080000ec   0x00000004   Code   RO         5147    .ARM.Collect$$$$00000001  mc_w.l(entry2.o)
    0x080000f0   0x080000f0   0x00000004   Code   RO         5150    .ARM.Collect$$$$00000004  mc_w.l(entry5.o)
    0x080000f4   0x080000f4   0x00000000   Code   RO         5152    .ARM.Collect$$$$00000008  mc_w.l(entry7b.o)
    0x080000f4   0x080000f4   0x00000000   Code   RO         5154    .ARM.Collect$$$$0000000A  mc_w.l(entry8b.o)
    0x080000f4   0x080000f4   0x00000008   Code   RO         5155    .ARM.Collect$$$$0000000B  mc_w.l(entry9a.o)
    0x080000fc   0x080000fc   0x00000004   Code   RO         5162    .ARM.Collect$$$$0000000E  mc_w.l(entry12b.o)
    0x08000100   0x08000100   0x00000000   Code   RO         5157    .ARM.Collect$$$$0000000F  mc_w.l(entry10a.o)
    0x08000100   0x08000100   0x00000000   Code   RO         5159    .ARM.Collect$$$$00000011  mc_w.l(entry11a.o)
    0x08000100   0x08000100   0x00000004   Code   RO         5148    .ARM.Collect$$$$00002712  mc_w.l(entry2.o)
    0x08000104   0x08000104   0x00000024   Code   RO            4    .text               startup_stm32f10x_md.o
    0x08000128   0x08000128   0x00000024   Code   RO         4836    .text               mc_w.l(memseta.o)
    0x0800014c   0x0800014c   0x00000024   Code   RO         4838    .text               mc_w.l(strstr.o)
    0x08000170   0x08000170   0x0000000e   Code   RO         4844    .text               mc_w.l(strlen.o)
    0x0800017e   0x0800017e   0x00000002   PAD
    0x08000180   0x08000180   0x00000038   Code   RO         5113    .text               mc_w.l(__0sscanf.o)
    0x080001b8   0x080001b8   0x0000014c   Code   RO         5115    .text               mc_w.l(_scanf_int.o)
    0x08000304   0x08000304   0x000000e0   Code   RO         5117    .text               mc_w.l(_scanf_str.o)
    0x080003e4   0x080003e4   0x0000014e   Code   RO         5127    .text               mf_w.l(dadd.o)
    0x08000532   0x08000532   0x000000de   Code   RO         5129    .text               mf_w.l(ddiv.o)
    0x08000610   0x08000610   0x0000002c   Code   RO         5163    .text               mc_w.l(uidiv.o)
    0x0800063c   0x0800063c   0x00000062   Code   RO         5165    .text               mc_w.l(uldiv.o)
    0x0800069e   0x0800069e   0x0000001e   Code   RO         5167    .text               mc_w.l(llshl.o)
    0x080006bc   0x080006bc   0x00000024   Code   RO         5169    .text               mc_w.l(llsshr.o)
    0x080006e0   0x080006e0   0x0000001c   Code   RO         5178    .text               mc_w.l(_chval.o)
    0x080006fc   0x080006fc   0x00000028   Code   RO         5180    .text               mc_w.l(scanf_char.o)
    0x08000724   0x08000724   0x00000040   Code   RO         5182    .text               mc_w.l(_sgetc.o)
    0x08000764   0x08000764   0x00000000   Code   RO         5188    .text               mc_w.l(iusefp.o)
    0x08000764   0x08000764   0x000000ba   Code   RO         5191    .text               mf_w.l(depilogue.o)
    0x0800081e   0x0800081e   0x000000e4   Code   RO         5193    .text               mf_w.l(dmul.o)
    0x08000902   0x08000902   0x00000030   Code   RO         5195    .text               mf_w.l(dfixul.o)
    0x08000932   0x08000932   0x00000002   PAD
    0x08000934   0x08000934   0x00000030   Code   RO         5197    .text               mf_w.l(cdrcmple.o)
    0x08000964   0x08000964   0x00000024   Code   RO         5199    .text               mc_w.l(init.o)
    0x08000988   0x08000988   0x00000020   Code   RO         5201    .text               mc_w.l(llushr.o)
    0x080009a8   0x080009a8   0x00000008   Code   RO         5205    .text               mc_w.l(ctype_o.o)
    0x080009b0   0x080009b0   0x00000012   Code   RO         5227    .text               mc_w.l(isspace_o.o)
    0x080009c2   0x080009c2   0x00000002   PAD
    0x080009c4   0x080009c4   0x00000330   Code   RO         5233    .text               mc_w.l(_scanf.o)
    0x08000cf4   0x08000cf4   0x00000004   Code   RO         4714    i.BusFault_Handler  stm32f10x_it.o
    0x08000cf8   0x08000cf8   0x00000002   Code   RO         4715    i.DebugMon_Handler  stm32f10x_it.o
    0x08000cfa   0x08000cfa   0x00000002   PAD
    0x08000cfc   0x08000cfc   0x0000007c   Code   RO         4451    i.EXTI0_IRQHandler  touch_key.o
    0x08000d78   0x08000d78   0x000000c0   Code   RO         4452    i.EXTI2_IRQHandler  touch_key.o
    0x08000e38   0x08000e38   0x000000c0   Code   RO         4453    i.EXTI3_IRQHandler  touch_key.o
    0x08000ef8   0x08000ef8   0x0000000c   Code   RO          985    i.EXTI_ClearITPendingBit  stm32f10x_exti.o
    0x08000f04   0x08000f04   0x00000028   Code   RO          989    i.EXTI_GetITStatus  stm32f10x_exti.o
    0x08000f2c   0x08000f2c   0x00000094   Code   RO          990    i.EXTI_Init         stm32f10x_exti.o
    0x08000fc0   0x08000fc0   0x00000040   Code   RO         1344    i.GPIO_EXTILineConfig  stm32f10x_gpio.o
    0x08001000   0x08001000   0x00000116   Code   RO         1347    i.GPIO_Init         stm32f10x_gpio.o
    0x08001116   0x08001116   0x00000002   PAD
    0x08001118   0x08001118   0x00000090   Code   RO         1349    i.GPIO_PinRemapConfig  stm32f10x_gpio.o
    0x080011a8   0x080011a8   0x00000012   Code   RO         1351    i.GPIO_ReadInputDataBit  stm32f10x_gpio.o
    0x080011ba   0x080011ba   0x00000012   Code   RO         1353    i.GPIO_ReadOutputDataBit  stm32f10x_gpio.o
    0x080011cc   0x080011cc   0x00000004   Code   RO         1354    i.GPIO_ResetBits    stm32f10x_gpio.o
    0x080011d0   0x080011d0   0x00000004   Code   RO         1355    i.GPIO_SetBits      stm32f10x_gpio.o
    0x080011d4   0x080011d4   0x0000000a   Code   RO         1358    i.GPIO_WriteBit     stm32f10x_gpio.o
    0x080011de   0x080011de   0x00000004   Code   RO         4716    i.HardFault_Handler  stm32f10x_it.o
    0x080011e2   0x080011e2   0x00000002   PAD
    0x080011e4   0x080011e4   0x00000048   Code   RO         3493    i.LED_Init          led.o
    0x0800122c   0x0800122c   0x00000004   Code   RO         4717    i.MemManage_Handler  stm32f10x_it.o
    0x08001230   0x08001230   0x00000002   Code   RO         4718    i.NMI_Handler       stm32f10x_it.o
    0x08001232   0x08001232   0x00000002   PAD
    0x08001234   0x08001234   0x00000070   Code   RO          137    i.NVIC_Init         misc.o
    0x080012a4   0x080012a4   0x0000002a   Code   RO         3566    i.OLED_Clear        oled.o
    0x080012ce   0x080012ce   0x00000002   PAD
    0x080012d0   0x080012d0   0x0000004c   Code   RO         3567    i.OLED_I2C_Init     oled.o
    0x0800131c   0x0800131c   0x00000050   Code   RO         3568    i.OLED_I2C_SendByte  oled.o
    0x0800136c   0x0800136c   0x00000030   Code   RO         3569    i.OLED_I2C_Start    oled.o
    0x0800139c   0x0800139c   0x00000028   Code   RO         3570    i.OLED_I2C_Stop     oled.o
    0x080013c4   0x080013c4   0x000000ae   Code   RO         3571    i.OLED_Init         oled.o
    0x08001472   0x08001472   0x00000022   Code   RO         3573    i.OLED_SetCursor    oled.o
    0x08001494   0x08001494   0x00000074   Code   RO         3575    i.OLED_ShowChar     oled.o
    0x08001508   0x08001508   0x00000028   Code   RO         3579    i.OLED_ShowString   oled.o
    0x08001530   0x08001530   0x00000020   Code   RO         3580    i.OLED_WriteCommand  oled.o
    0x08001550   0x08001550   0x00000020   Code   RO         3581    i.OLED_WriteData    oled.o
    0x08001570   0x08001570   0x00000002   Code   RO         4719    i.PendSV_Handler    stm32f10x_it.o
    0x08001572   0x08001572   0x00000002   PAD
    0x08001574   0x08001574   0x00000020   Code   RO         1775    i.RCC_APB1PeriphClockCmd  stm32f10x_rcc.o
    0x08001594   0x08001594   0x00000020   Code   RO         1777    i.RCC_APB2PeriphClockCmd  stm32f10x_rcc.o
    0x080015b4   0x080015b4   0x000000d4   Code   RO         1785    i.RCC_GetClocksFreq  stm32f10x_rcc.o
    0x08001688   0x08001688   0x00000080   Code   RO         4425    i.RELAY_2           relay.o
    0x08001708   0x08001708   0x00000044   Code   RO         4426    i.RELAY_Init        relay.o
    0x0800174c   0x0800174c   0x00000002   Code   RO         4720    i.SVC_Handler       stm32f10x_it.o
    0x0800174e   0x0800174e   0x00000002   PAD
    0x08001750   0x08001750   0x0000004c   Code   RO         4511    i.Serial2_ProcessResponse  serial2.o
    0x0800179c   0x0800179c   0x00000008   Code   RO           24    i.SetSysClock       system_stm32f10x.o
    0x080017a4   0x080017a4   0x000000e0   Code   RO           25    i.SetSysClockTo72   system_stm32f10x.o
    0x08001884   0x08001884   0x00000028   Code   RO          141    i.SysTick_CLKSourceConfig  misc.o
    0x080018ac   0x080018ac   0x00000002   Code   RO         4721    i.SysTick_Handler   stm32f10x_it.o
    0x080018ae   0x080018ae   0x00000002   PAD
    0x080018b0   0x080018b0   0x00000060   Code   RO           27    i.SystemInit        system_stm32f10x.o
    0x08001910   0x08001910   0x0000003c   Code   RO         4282    i.TIM3_IRQHandler   atk_mb026_uart.o
    0x0800194c   0x0800194c   0x00000006   Code   RO         2416    i.TIM_ClearITPendingBit  stm32f10x_tim.o
    0x08001952   0x08001952   0x00000018   Code   RO         2421    i.TIM_Cmd           stm32f10x_tim.o
    0x0800196a   0x0800196a   0x00000022   Code   RO         2442    i.TIM_GetITStatus   stm32f10x_tim.o
    0x0800198c   0x0800198c   0x00000012   Code   RO         2446    i.TIM_ITConfig      stm32f10x_tim.o
    0x0800199e   0x0800199e   0x00000004   Code   RO         2486    i.TIM_SetCounter    stm32f10x_tim.o
    0x080019a2   0x080019a2   0x00000002   PAD
    0x080019a4   0x080019a4   0x000000a4   Code   RO         2492    i.TIM_TimeBaseInit  stm32f10x_tim.o
    0x08001a48   0x08001a48   0x000000dc   Code   RO         4454    i.TOUCH_KEY_EXTI_Init  touch_key.o
    0x08001b24   0x08001b24   0x0000001c   Code   RO         4455    i.TOUCH_KEY_Init    touch_key.o
    0x08001b40   0x08001b40   0x000000bc   Code   RO         4456    i.TOUCH_KEY_Scan    touch_key.o
    0x08001bfc   0x08001bfc   0x00000088   Code   RO         3371    i.USART1_IRQHandler  usart.o
    0x08001c84   0x08001c84   0x0000010c   Code   RO         4283    i.USART2_IRQHandler  atk_mb026_uart.o
    0x08001d90   0x08001d90   0x0000001e   Code   RO         2957    i.USART_ClearITPendingBit  stm32f10x_usart.o
    0x08001dae   0x08001dae   0x00000018   Code   RO         2960    i.USART_Cmd         stm32f10x_usart.o
    0x08001dc6   0x08001dc6   0x00000054   Code   RO         2964    i.USART_GetITStatus  stm32f10x_usart.o
    0x08001e1a   0x08001e1a   0x0000004a   Code   RO         2966    i.USART_ITConfig    stm32f10x_usart.o
    0x08001e64   0x08001e64   0x000000d8   Code   RO         2967    i.USART_Init        stm32f10x_usart.o
    0x08001f3c   0x08001f3c   0x0000000a   Code   RO         2974    i.USART_ReceiveData  stm32f10x_usart.o
    0x08001f46   0x08001f46   0x00000008   Code   RO         2977    i.USART_SendData    stm32f10x_usart.o
    0x08001f4e   0x08001f4e   0x00000004   Code   RO         4722    i.UsageFault_Handler  stm32f10x_it.o
    0x08001f52   0x08001f52   0x00000002   PAD
    0x08001f54   0x08001f54   0x00000020   Code   RO         5085    i.__0printf         mc_w.l(printfa.o)
    0x08001f74   0x08001f74   0x00000028   Code   RO         5087    i.__0sprintf        mc_w.l(printfa.o)
    0x08001f9c   0x08001f9c   0x00000034   Code   RO         5090    i.__0vsnprintf      mc_w.l(printfa.o)
    0x08001fd0   0x08001fd0   0x0000000e   Code   RO         5248    i.__scatterload_copy  mc_w.l(handlers.o)
    0x08001fde   0x08001fde   0x00000002   Code   RO         5249    i.__scatterload_null  mc_w.l(handlers.o)
    0x08001fe0   0x08001fe0   0x0000000e   Code   RO         5250    i.__scatterload_zeroinit  mc_w.l(handlers.o)
    0x08001fee   0x08001fee   0x00000002   PAD
    0x08001ff0   0x08001ff0   0x00000184   Code   RO         5092    i._fp_digits        mc_w.l(printfa.o)
    0x08002174   0x08002174   0x000006b4   Code   RO         5093    i._printf_core      mc_w.l(printfa.o)
    0x08002828   0x08002828   0x00000024   Code   RO         5094    i._printf_post_padding  mc_w.l(printfa.o)
    0x0800284c   0x0800284c   0x0000002e   Code   RO         5095    i._printf_pre_padding  mc_w.l(printfa.o)
    0x0800287a   0x0800287a   0x00000016   Code   RO         5096    i._snputc           mc_w.l(printfa.o)
    0x08002890   0x08002890   0x0000000a   Code   RO         5097    i._sputc            mc_w.l(printfa.o)
    0x0800289a   0x0800289a   0x00000002   PAD
    0x0800289c   0x0800289c   0x00000030   Code   RO         4090    i.atk_mb026_at_test  atk_mb026.o
    0x080028cc   0x080028cc   0x00000110   Code   RO         4097    i.atk_mb026_connect_tcp_server  atk_mb026.o
    0x080029dc   0x080029dc   0x00000060   Code   RO         4104    i.atk_mb026_get_ip  atk_mb026.o
    0x08002a3c   0x08002a3c   0x00000028   Code   RO         4105    i.atk_mb026_hw_init  atk_mb026.o
    0x08002a64   0x08002a64   0x0000002c   Code   RO         4106    i.atk_mb026_hw_reset  atk_mb026.o
    0x08002a90   0x08002a90   0x00000020   Code   RO         4107    i.atk_mb026_init    atk_mb026.o
    0x08002ab0   0x08002ab0   0x00000050   Code   RO         4108    i.atk_mb026_join_ap  atk_mb026.o
    0x08002b00   0x08002b00   0x00000058   Code   RO         4111    i.atk_mb026_send_at_cmd  atk_mb026.o
    0x08002b58   0x08002b58   0x00000114   Code   RO         4284    i.atk_mb026_uart_init  atk_mb026_uart.o
    0x08002c6c   0x08002c6c   0x00000070   Code   RO         4285    i.atk_mb026_uart_printf  atk_mb026_uart.o
    0x08002cdc   0x08002cdc   0x0000002c   Code   RO         4286    i.atk_mb026_uart_rx_get_frame  atk_mb026_uart.o
    0x08002d08   0x08002d08   0x0000001c   Code   RO         4287    i.atk_mb026_uart_rx_get_frame_len  atk_mb026_uart.o
    0x08002d24   0x08002d24   0x0000001c   Code   RO         4288    i.atk_mb026_uart_rx_restart  atk_mb026_uart.o
    0x08002d40   0x08002d40   0x00000048   Code   RO         4628    i.check_wifi_status  main.o
    0x08002d88   0x08002d88   0x00000164   Code   RO         4629    i.connect_wifi      main.o
    0x08002eec   0x08002eec   0x00000020   Code   RO         3199    i.delay_init        delay.o
    0x08002f0c   0x08002f0c   0x00000054   Code   RO         3200    i.delay_ms          delay.o
    0x08002f60   0x08002f60   0x0000001c   Code   RO         3375    i.fputc             usart.o
    0x08002f7c   0x08002f7c   0x00000200   Code   RO         4630    i.init_wifi_module  main.o
    0x0800317c   0x0800317c   0x000004e4   Code   RO         4631    i.main              main.o
    0x08003660   0x08003660   0x00000138   Code   RO         4632    i.ping_server       main.o
    0x08003798   0x08003798   0x0000014c   Code   RO         4633    i.send_data_to_server  main.o
    0x080038e4   0x080038e4   0x000005e0   Code   RO         4634    i.send_http_request  main.o
    0x08003ec4   0x08003ec4   0x00000208   Code   RO         4635    i.test_baidu_connectivity  main.o
    0x080040cc   0x080040cc   0x00000440   Code   RO         4636    i.test_server_health  main.o
    0x0800450c   0x0800450c   0x000000a0   Code   RO         3376    i.usart_init        usart.o
    0x080045ac   0x080045ac   0x000005f0   Data   RO         3582    .constdata          oled.o
    0x08004b9c   0x08004b9c   0x00000081   Data   RO         5206    .constdata          mc_w.l(ctype_o.o)
    0x08004c1d   0x08004c1d   0x00000003   PAD
    0x08004c20   0x08004c20   0x00000004   Data   RO         5207    .constdata          mc_w.l(ctype_o.o)
    0x08004c24   0x08004c24   0x0000008e   Data   RO         4457    .conststring        touch_key.o
    0x08004cb2   0x08004cb2   0x00000002   PAD
    0x08004cb4   0x08004cb4   0x0000007d   Data   RO         4637    .conststring        main.o
    0x08004d31   0x08004d31   0x00000003   PAD
    0x08004d34   0x08004d34   0x00000020   Data   RO         5246    Region$$Table       anon$$obj.o


    Execution Region RW_IRAM1 (Exec base: 0x20000000, Load base: 0x08004d54, Size: 0x000006a0, Max: 0x00005000, ABSOLUTE)

    Exec Addr    Load Addr    Size         Type   Attr      Idx    E Section Name        Object

    0x20000000   0x08004d54   0x00000014   Data   RW         1805    .data               stm32f10x_rcc.o
    0x20000014   0x08004d68   0x00000004   Data   RW         3202    .data               delay.o
    0x20000018   0x08004d6c   0x00000008   Data   RW         3268    .data               sys.o
    0x20000020   0x08004d74   0x00000007   Data   RW         3378    .data               usart.o
    0x20000027   0x08004d7b   0x00000001   PAD
    0x20000028   0x08004d7c   0x00000006   Data   RW         4291    .data               atk_mb026_uart.o
    0x2000002e   0x08004d82   0x00000002   PAD
    0x20000030   0x08004d84   0x00000006   Data   RW         4638    .data               main.o
    0x20000036   0x08004d8a   0x00000002   PAD
    0x20000038        -       0x00000010   Zero   RW         3267    .bss                sys.o
    0x20000048        -       0x000000c8   Zero   RW         3377    .bss                usart.o
    0x20000110        -       0x0000018a   Zero   RW         4290    .bss                atk_mb026_uart.o
    0x2000029a   0x08004d8a   0x00000006   PAD
    0x200002a0        -       0x00000400   Zero   RW            1    STACK               startup_stm32f10x_md.o


==============================================================================

Image component sizes


      Code (inc. data)   RO Data    RW Data    ZI Data      Debug   Object Name

       700        276          0          0          0       5064   atk_mb026.o
       816         98          0          6        394       5509   atk_mb026_uart.o
         0          0          0          0          0       4516   core_cm3.o
       116         10          0          4          0       1072   delay.o
        72          6          0          0          0        443   led.o
      5948       3832        125          6          0       7592   main.o
       152         12          0          0          0     206722   misc.o
       714         26       1520          0          0       5963   oled.o
       196         92          0          0          0        927   relay.o
        76         26          0          0          0        974   serial2.o
        36          8        236          0       1024        780   startup_stm32f10x_md.o
         0          0          0          0          0       1628   stm32f10x_adc.o
       200         18          0          0          0       3936   stm32f10x_exti.o
       540         10          0          0          0      13997   stm32f10x_gpio.o
        26          0          0          0          0       3458   stm32f10x_it.o
       276         32          0         20          0      12782   stm32f10x_rcc.o
       250         42          0          0          0      23891   stm32f10x_tim.o
       446          6          0          0          0      11609   stm32f10x_usart.o
         0          0          0          8         16        316   sys.o
       328         28          0          0          0      44969   system_stm32f10x.o
       944        330        142          0          0       3141   touch_key.o
       324         40          0          7        200       3477   usart.o

    ----------------------------------------------------------------------
     12180       4892       2060         56       1640     362766   Object Totals
         0          0         32          0          0          0   (incl. Generated)
        20          0          5          5          6          0   (incl. Padding)

    ----------------------------------------------------------------------

      Code (inc. data)   RO Data    RW Data    ZI Data      Debug   Library Member Name

        56          8          0          0          0         84   __0sscanf.o
        28          0          0          0          0         68   _chval.o
       816          6          0          0          0        112   _scanf.o
       332          0          0          0          0         96   _scanf_int.o
       224          0          0          0          0         96   _scanf_str.o
        64          0          0          0          0         84   _sgetc.o
         8          4        133          0          0         68   ctype_o.o
         0          0          0          0          0          0   entry.o
         0          0          0          0          0          0   entry10a.o
         0          0          0          0          0          0   entry11a.o
         4          0          0          0          0          0   entry12b.o
         8          4          0          0          0          0   entry2.o
         4          0          0          0          0          0   entry5.o
         0          0          0          0          0          0   entry7b.o
         0          0          0          0          0          0   entry8b.o
         8          4          0          0          0          0   entry9a.o
        30          0          0          0          0          0   handlers.o
        36          8          0          0          0         68   init.o
        18          0          0          0          0         76   isspace_o.o
         0          0          0          0          0          0   iusefp.o
        30          0          0          0          0         68   llshl.o
        36          0          0          0          0         68   llsshr.o
        32          0          0          0          0         68   llushr.o
        36          0          0          0          0        108   memseta.o
      2342        102          0          0          0        764   printfa.o
        40          8          0          0          0         84   scanf_char.o
        14          0          0          0          0         68   strlen.o
        36          0          0          0          0         80   strstr.o
        44          0          0          0          0         80   uidiv.o
        98          0          0          0          0         92   uldiv.o
        48          0          0          0          0         68   cdrcmple.o
       334          0          0          0          0        148   dadd.o
       222          0          0          0          0        100   ddiv.o
       186          0          0          0          0        176   depilogue.o
        48          0          0          0          0         68   dfixul.o
       228          0          0          0          0         96   dmul.o

    ----------------------------------------------------------------------
      5420        144        136          0          0       2888   Library Totals
        10          0          3          0          0          0   (incl. Padding)

    ----------------------------------------------------------------------

      Code (inc. data)   RO Data    RW Data    ZI Data      Debug   Library Name

      4344        144        133          0          0       2232   mc_w.l
      1066          0          0          0          0        656   mf_w.l

    ----------------------------------------------------------------------
      5420        144        136          0          0       2888   Library Totals

    ----------------------------------------------------------------------

==============================================================================


      Code (inc. data)   RO Data    RW Data    ZI Data      Debug   

     17600       5036       2196         56       1640     359774   Grand Totals
     17600       5036       2196         56       1640     359774   ELF Image Totals
     17600       5036       2196         56          0          0   ROM Totals

==============================================================================

    Total RO  Size (Code + RO Data)                19796 (  19.33kB)
    Total RW  Size (RW Data + ZI Data)              1696 (   1.66kB)
    Total ROM Size (Code + RO Data + RW Data)      19852 (  19.39kB)

==============================================================================

