<html>
<body>
<pre>
<h1>礦ision Build Log</h1>
<h2>Tool Versions:</h2>
IDE-Version: μVision V5.36.0.0
Copyright (C) 2021 ARM Ltd and ARM Germany GmbH. All rights reserved.
License Information: name lenovo, name, LIC=EXJT4-FSI59-X7IRZ-JN5X2-A7NGP-Q2RZG
 
Tool Versions:
Toolchain:       MDK-ARM Plus  Version: 5.36.0.0
Toolchain Path:  D:\Program Files\ARM\ARMCC\Bin
C Compiler:      Armcc.exe V5.06 update 7 (build 960)
Assembler:       Armasm.exe V5.06 update 7 (build 960)
Linker/Locator:  ArmLink.exe V5.06 update 7 (build 960)
Library Manager: ArmAr.exe V5.06 update 7 (build 960)
Hex Converter:   FromElf.exe V5.06 update 7 (build 960)
CPU DLL:         SARMCM3.DLL V5.36.0.0
Dialog DLL:      DARMSTM.DLL V1.68.0.0
Target DLL:      CMSIS_AGDI.dll V1.33.0.0
Dialog DLL:      TARMSTM.DLL V1.66.0.0
 
<h2>Project:</h2>
E:\tghy\参考文件夹\(库函数版本，适合战舰F103开发板)  ATK-D4X TTL通讯\USER\ATK-D43.uvprojx
Project File Date:  04/07/2026

<h2>Output:</h2>
*** Using Compiler 'V5.06 update 7 (build 960)', folder: 'D:\Program Files\ARM\ARMCC\Bin'
Rebuild target 'ATK-D4X'
compiling main.c...
compiling RingBuffer.c...
compiling malloc.c...
compiling led.c...
compiling delay.c...
compiling system_stm32f10x.c...
assembling startup_stm32f10x_md.s...
compiling key.c...
compiling usart.c...
compiling stm32f10x_it.c...
compiling uart2.c...
compiling atk_d43.c...
compiling sys.c...
compiling core_cm3.c...
compiling misc.c...
compiling lcd.c...
compiling stm32f10x_fsmc.c...
compiling stm32f10x_gpio.c...
compiling stm32f10x_usart.c...
compiling stm32f10x_rcc.c...
linking...
Program Size: Code=11284 RO-data=8580 RW-data=160 ZI-data=1093416  
FromELF: creating hex file...
"..\OBJ\ATK.axf" - 0 Error(s), 0 Warning(s).

<h2>Software Packages used:</h2>

Package Vendor: Keil
                https://www.keil.com/pack/Keil.STM32F1xx_DFP.2.4.1.pack
                Keil.STM32F1xx_DFP.2.4.1
                STMicroelectronics STM32F1 Series Device Support, Drivers and Examples

<h2>Collection of Component include folders:</h2>
  D:\Program Files\Keil\STM32F1xx_DFP\2.4.1\Device\Include

<h2>Collection of Component Files used:</h2>
Build Time Elapsed:  00:00:02
</pre>
</body>
</html>
